Archive member included to satisfy reference by file (symbol)

/opt/intelFPGA/18.1/nios2eds/bin/gnu/H-x86_64-pc-linux-gnu/bin/../lib/gcc/nios2-elf/5.3.0/libgcc.a(divdf3.o)
                              obj/default/CPU0_main.o (__divdf3)
/opt/intelFPGA/18.1/nios2eds/bin/gnu/H-x86_64-pc-linux-gnu/bin/../lib/gcc/nios2-elf/5.3.0/libgcc.a(floatunsidf.o)
                              obj/default/CPU0_main.o (__floatunsidf)
/opt/intelFPGA/18.1/nios2eds/bin/gnu/H-x86_64-pc-linux-gnu/bin/../lib/gcc/nios2-elf/5.3.0/libgcc.a(_clzsi2.o)
                              /opt/intelFPGA/18.1/nios2eds/bin/gnu/H-x86_64-pc-linux-gnu/bin/../lib/gcc/nios2-elf/5.3.0/libgcc.a(divdf3.o) (__clzsi2)
/opt/intelFPGA/18.1/nios2eds/bin/gnu/H-x86_64-pc-linux-gnu/bin/../lib/gcc/nios2-elf/5.3.0/libgcc.a(lib2-divmod.o)
                              /opt/intelFPGA/18.1/nios2eds/bin/gnu/H-x86_64-pc-linux-gnu/bin/../lib/gcc/nios2-elf/5.3.0/libgcc.a(divdf3.o) (__udivsi3)
/opt/intelFPGA/18.1/nios2eds/bin/gnu/H-x86_64-pc-linux-gnu/bin/../lib/gcc/nios2-elf/5.3.0/libgcc.a(_clz.o)
                              /opt/intelFPGA/18.1/nios2eds/bin/gnu/H-x86_64-pc-linux-gnu/bin/../lib/gcc/nios2-elf/5.3.0/libgcc.a(_clzsi2.o) (__clz_tab)
/opt/intelFPGA/18.1/nios2eds/bin/gnu/H-x86_64-pc-linux-gnu/bin/../lib/gcc/nios2-elf/5.3.0/../../../../../H-x86_64-pc-linux-gnu/nios2-elf/lib/libc.a(lib_a-printf.o)
                              obj/default/CPU0_main.o (printf)
/opt/intelFPGA/18.1/nios2eds/bin/gnu/H-x86_64-pc-linux-gnu/bin/../lib/gcc/nios2-elf/5.3.0/../../../../../H-x86_64-pc-linux-gnu/nios2-elf/lib/libc.a(lib_a-vfprintf.o)
                              /opt/intelFPGA/18.1/nios2eds/bin/gnu/H-x86_64-pc-linux-gnu/bin/../lib/gcc/nios2-elf/5.3.0/../../../../../H-x86_64-pc-linux-gnu/nios2-elf/lib/libc.a(lib_a-printf.o) (___vfprintf_internal_r)
/opt/intelFPGA/18.1/nios2eds/bin/gnu/H-x86_64-pc-linux-gnu/bin/../lib/gcc/nios2-elf/5.3.0/../../../../../H-x86_64-pc-linux-gnu/nios2-elf/lib/libc.a(lib_a-wsetup.o)
                              /opt/intelFPGA/18.1/nios2eds/bin/gnu/H-x86_64-pc-linux-gnu/bin/../lib/gcc/nios2-elf/5.3.0/../../../../../H-x86_64-pc-linux-gnu/nios2-elf/lib/libc.a(lib_a-vfprintf.o) (__swsetup_r)
/opt/intelFPGA/18.1/nios2eds/bin/gnu/H-x86_64-pc-linux-gnu/bin/../lib/gcc/nios2-elf/5.3.0/../../../../../H-x86_64-pc-linux-gnu/nios2-elf/lib/libc.a(lib_a-dtoa.o)
                              /opt/intelFPGA/18.1/nios2eds/bin/gnu/H-x86_64-pc-linux-gnu/bin/../lib/gcc/nios2-elf/5.3.0/../../../../../H-x86_64-pc-linux-gnu/nios2-elf/lib/libc.a(lib_a-vfprintf.o) (_dtoa_r)
/opt/intelFPGA/18.1/nios2eds/bin/gnu/H-x86_64-pc-linux-gnu/bin/../lib/gcc/nios2-elf/5.3.0/../../../../../H-x86_64-pc-linux-gnu/nios2-elf/lib/libc.a(lib_a-fflush.o)
                              /opt/intelFPGA/18.1/nios2eds/bin/gnu/H-x86_64-pc-linux-gnu/bin/../lib/gcc/nios2-elf/5.3.0/../../../../../H-x86_64-pc-linux-gnu/nios2-elf/lib/libc.a(lib_a-vfprintf.o) (_fflush_r)
/opt/intelFPGA/18.1/nios2eds/bin/gnu/H-x86_64-pc-linux-gnu/bin/../lib/gcc/nios2-elf/5.3.0/../../../../../H-x86_64-pc-linux-gnu/nios2-elf/lib/libc.a(lib_a-findfp.o)
                              /opt/intelFPGA/18.1/nios2eds/bin/gnu/H-x86_64-pc-linux-gnu/bin/../lib/gcc/nios2-elf/5.3.0/../../../../../H-x86_64-pc-linux-gnu/nios2-elf/lib/libc.a(lib_a-vfprintf.o) (__sinit)
/opt/intelFPGA/18.1/nios2eds/bin/gnu/H-x86_64-pc-linux-gnu/bin/../lib/gcc/nios2-elf/5.3.0/../../../../../H-x86_64-pc-linux-gnu/nios2-elf/lib/libc.a(lib_a-freer.o)
                              /opt/intelFPGA/18.1/nios2eds/bin/gnu/H-x86_64-pc-linux-gnu/bin/../lib/gcc/nios2-elf/5.3.0/../../../../../H-x86_64-pc-linux-gnu/nios2-elf/lib/libc.a(lib_a-wsetup.o) (_free_r)
/opt/intelFPGA/18.1/nios2eds/bin/gnu/H-x86_64-pc-linux-gnu/bin/../lib/gcc/nios2-elf/5.3.0/../../../../../H-x86_64-pc-linux-gnu/nios2-elf/lib/libc.a(lib_a-fwalk.o)
                              /opt/intelFPGA/18.1/nios2eds/bin/gnu/H-x86_64-pc-linux-gnu/bin/../lib/gcc/nios2-elf/5.3.0/../../../../../H-x86_64-pc-linux-gnu/nios2-elf/lib/libc.a(lib_a-findfp.o) (_fwalk)
/opt/intelFPGA/18.1/nios2eds/bin/gnu/H-x86_64-pc-linux-gnu/bin/../lib/gcc/nios2-elf/5.3.0/../../../../../H-x86_64-pc-linux-gnu/nios2-elf/lib/libc.a(lib_a-impure.o)
                              /opt/intelFPGA/18.1/nios2eds/bin/gnu/H-x86_64-pc-linux-gnu/bin/../lib/gcc/nios2-elf/5.3.0/../../../../../H-x86_64-pc-linux-gnu/nios2-elf/lib/libc.a(lib_a-fflush.o) (_global_impure_ptr)
/opt/intelFPGA/18.1/nios2eds/bin/gnu/H-x86_64-pc-linux-gnu/bin/../lib/gcc/nios2-elf/5.3.0/../../../../../H-x86_64-pc-linux-gnu/nios2-elf/lib/libc.a(lib_a-locale.o)
                              /opt/intelFPGA/18.1/nios2eds/bin/gnu/H-x86_64-pc-linux-gnu/bin/../lib/gcc/nios2-elf/5.3.0/../../../../../H-x86_64-pc-linux-gnu/nios2-elf/lib/libc.a(lib_a-vfprintf.o) (_localeconv_r)
/opt/intelFPGA/18.1/nios2eds/bin/gnu/H-x86_64-pc-linux-gnu/bin/../lib/gcc/nios2-elf/5.3.0/../../../../../H-x86_64-pc-linux-gnu/nios2-elf/lib/libc.a(lib_a-makebuf.o)
[...]
Memory Configuration

Name             Origin             Length             Attributes
sdram_controller 0x0000000010000000 0x0000000004000000
reset            0x0000000020020000 0x0000000000000020
CPU_0_0_onchip_memory2_0 0x0000000020020020 0x000000000001ffe0
*default*        0x0000000000000000 0xffffffffffffffff

Linker script and memory map

LOAD ../CPU0_lab3_1_bsp//obj/HAL/src/crt0.o
LOAD obj/default/CPU0_main.o
LOAD /opt/intelFPGA/18.1/nios2eds/bin/gnu/H-x86_64-pc-linux-gnu/bin/../lib/gcc/nios2-elf/5.3.0/../../../../../H-x86_64-pc-linux-gnu/nios2-elf/lib/libstdc++.a
LOAD /opt/intelFPGA/18.1/nios2eds/bin/gnu/H-x86_64-pc-linux-gnu/bin/../lib/gcc/nios2-elf/5.3.0/../../../../../H-x86_64-pc-linux-gnu/nios2-elf/lib/libm.a
LOAD /opt/intelFPGA/18.1/nios2eds/bin/gnu/H-x86_64-pc-linux-gnu/bin/../lib/gcc/nios2-elf/5.3.0/libgcc.a
START GROUP
LOAD /opt/intelFPGA/18.1/nios2eds/bin/gnu/H-x86_64-pc-linux-gnu/bin/../lib/gcc/nios2-elf/5.3.0/../../../../../H-x86_64-pc-linux-gnu/nios2-elf/lib/libc.a
LOAD /opt/intelFPGA/18.1/nios2eds/bin/gnu/H-x86_64-pc-linux-gnu/bin/../lib/gcc/nios2-elf/5.3.0/libgcc.a
LOAD ../CPU0_lab3_1_bsp//libucosii_bsp.a
LOAD /opt/intelFPGA/18.1/nios2eds/bin/gnu/H-x86_64-pc-linux-gnu/bin/../lib/gcc/nios2-elf/5.3.0/../../../../../H-x86_64-pc-linux-gnu/nios2-elf/lib/libm.a
END GROUP
LOAD /opt/intelFPGA/18.1/nios2eds/bin/gnu/H-x86_64-pc-linux-gnu/bin/../lib/gcc/nios2-elf/5.3.0/libgcc.a
                0x0000000010000000                __alt_mem_sdram_controller = 0x10000000
                0x0000000020020000                __alt_mem_CPU_0_0_onchip_memory2_0 = 0x20020000

.entry          0x0000000020020000       0x20
 *(.entry)
 .entry         0x0000000020020000       0x20 ../CPU0_lab3_1_bsp//obj/HAL/src/crt0.o
                0x0000000020020000                __reset

.exceptions     0x0000000020020020      0x224
                0x0000000020020020                PROVIDE (__ram_exceptions_start, ABSOLUTE (.))
                0x0000000020020020                . = ALIGN (0x20)
 *(.irq)
 *(.exceptions.entry.label)
 .exceptions.entry.label
                0x0000000020020020        0x0 ../CPU0_lab3_1_bsp//libucosii_bsp.a(alt_irq_entry.o)
                0x0000000020020020                alt_irq_entry
 .exceptions.entry.label
                0x0000000020020020        0x0 ../CPU0_lab3_1_bsp//libucosii_bsp.a(alt_exception_entry.o)
                0x0000000020020020                alt_exception
 *(.exceptions.entry.user)
 *(.exceptions.entry.ecc_fatal)
 *(.exceptions.entry)
 .exceptions.entry
                0x0000000020020020       0x54 ../CPU0_lab3_1_bsp//libucosii_bsp.a(alt_exception_entry.o)
 *(.exceptions.irqtest.user)
 *(.exceptions.irqtest)
 .exceptions.irqtest
                0x0000000020020074       0x10 ../CPU0_lab3_1_bsp//libucosii_bsp.a(alt_irq_entry.o)
 *(.exceptions.irqhandler.user)
 *(.exceptions.irqhandler)
 .exceptions.irqhandler
                0x0000000020020084        0x4 ../CPU0_lab3_1_bsp//libucosii_bsp.a(alt_irq_entry.o)
 *(.exceptions.irqreturn.user)
 *(.exceptions.irqreturn)
 .exceptions.irqreturn
                0x0000000020020088        0x4 ../CPU0_lab3_1_bsp//libucosii_bsp.a(alt_irq_entry.o)
 *(.exceptions.notirq.label)
 .exceptions.notirq.label
                0x000000002002008c        0x0 ../CPU0_lab3_1_bsp//libucosii_bsp.a(alt_irq_entry.o)
 *(.exceptions.notirq.user)
 *(.exceptions.notirq)
 .exceptions.notirq
                0x000000002002008c        0x8 ../CPU0_lab3_1_bsp//libucosii_bsp.a(alt_exception_entry.o)
 *(.exceptions.soft.user)
 *(.exceptions.soft)
 *(.exceptions.unknown.user)
 *(.exceptions.unknown)
 .exceptions.unknown
                0x0000000020020094       0x14 ../CPU0_lab3_1_bsp//libucosii_bsp.a(alt_exception_entry.o)
 *(.exceptions.exit.label)
 .exceptions.exit.label
                0x00000000200200a8        0x0 ../CPU0_lab3_1_bsp//libucosii_bsp.a(alt_irq_entry.o)
 .exceptions.exit.label
                0x00000000200200a8        0x0 ../CPU0_lab3_1_bsp//libucosii_bsp.a(alt_exception_entry.o)
 *(.exceptions.exit.user)
 *(.exceptions.exit)
 .exceptions.exit
                0x00000000200200a8       0x54 ../CPU0_lab3_1_bsp//libucosii_bsp.a(alt_exception_entry.o)
 *(.exceptions)
 .exceptions    0x00000000200200fc       0xd4 ../CPU0_lab3_1_bsp//libucosii_bsp.a(alt_irq_handler.o)
                0x00000000200200fc                alt_irq_handler
 .exceptions    0x00000000200201d0       0x74 ../CPU0_lab3_1_bsp//libucosii_bsp.a(alt_instruction_exception_entry.o)
                0x00000000200201d0                alt_instruction_exception_entry
                0x0000000020020244                PROVIDE (__ram_exceptions_end, ABSOLUTE (.))
                0x0000000020020020                PROVIDE (__flash_exceptions_start, LOADADDR (.exceptions))

.text           0x0000000020020244    0x18474
                [!provide]                        PROVIDE (stext, ABSOLUTE (.))
 *(.interp)
 *(.hash)
 *(.dynsym)
 *(.dynstr)
 *(.gnu.version)
 *(.gnu.version_d)
 *(.gnu.version_r)
 *(.rel.init)
 *(.rela.init)
 *(.rel.text .rel.text.* .rel.gnu.linkonce.t.*)
 *(.rela.text .rela.text.* .rela.gnu.linkonce.t.*)
 *(.rel.fini)
 *(.rela.fini)
 *(.rel.rodata .rel.rodata.* .rel.gnu.linkonce.r.*)
 *(.rela.rodata .rela.rodata.* .rela.gnu.linkonce.r.*)
 *(.rel.data .rel.data.* .rel.gnu.linkonce.d.*)
 *(.rela.data .rela.data.* .rela.gnu.linkonce.d.*)
 *(.rel.tdata .rel.tdata.* .rel.gnu.linkonce.td.*)
 *(.rela.tdata .rela.tdata.* .rela.gnu.linkonce.td.*)
 *(.rel.tbss .rel.tbss.* .rel.gnu.linkonce.tb.*)
 *(.rela.tbss .rela.tbss.* .rela.gnu.linkonce.tb.*)
 *(.rel.ctors)
 *(.rela.ctors)
 *(.rel.dtors)
 *(.rela.dtors)
 *(.rel.got)
 *(.rela.got)
 *(.rel.sdata .rel.sdata.* .rel.gnu.linkonce.s.*)
 *(.rela.sdata .rela.sdata.* .rela.gnu.linkonce.s.*)
 *(.rel.sbss .rel.sbss.* .rel.gnu.linkonce.sb.*)
 *(.rela.sbss .rela.sbss.* .rela.gnu.linkonce.sb.*)
 *(.rel.sdata2 .rel.sdata2.* .rel.gnu.linkonce.s2.*)
 *(.rela.sdata2 .rela.sdata2.* .rela.gnu.linkonce.s2.*)
 *(.rel.sbss2 .rel.sbss2.* .rel.gnu.linkonce.sb2.*)
 *(.rela.sbss2 .rela.sbss2.* .rela.gnu.linkonce.sb2.*)
 *(.rel.bss .rel.bss.* .rel.gnu.linkonce.b.*)
 *(.rela.bss .rela.bss.* .rela.gnu.linkonce.b.*)
 *(.rel.plt)
 *(.rela.plt)
 *(.rel.dyn)
 *(.init)
 *(.plt)
 *(.text .stub .text.* .gnu.linkonce.t.*)
 .text          0x0000000020020244       0x4c ../CPU0_lab3_1_bsp//obj/HAL/src/crt0.o
                0x0000000020020244                _start
 .text          0x0000000020020290      0x4f8 obj/default/CPU0_main.o
                0x0000000020020290                tx_cb
                0x00000000200202e4                send_to_mailbox
                0x000000002002037c                test_counter
                0x0000000020020490                task_leds
                0x0000000020020544                get_counter
                0x0000000020020644                release_counter
                0x0000000020020674                main
                0x00000000200206d0                timer_interrupt
                0x0000000020020728                read_timer
 .text          0x0000000020020788      0x8e8 /opt/intelFPGA/18.1/nios2eds/bin/gnu/H-x86_64-pc-linux-gnu/bin/../lib/gcc/nios2-elf/5.3.0/libgcc.a(divdf3.o)
                0x0000000020020788                __divdf3
 .text          0x0000000020021070       0xa8 /opt/intelFPGA/18.1/nios2eds/bin/gnu/H-x86_64-pc-linux-gnu/bin/../lib/gcc/nios2-elf/5.3.0/libgcc.a(floatunsidf.o)
                0x0000000020021070                __floatunsidf
 .text          0x0000000020021118       0x64 /opt/intelFPGA/18.1/nios2eds/bin/gnu/H-x86_64-pc-linux-gnu/bin/../lib/gcc/nios2-elf/5.3.0/libgcc.a(_clzsi2.o)
                0x0000000020021118                __clzsi2
 .text          0x000000002002117c      0x1b4 /opt/intelFPGA/18.1/nios2eds/bin/gnu/H-x86_64-pc-linux-gnu/bin/../lib/gcc/nios2-elf/5.3.0/libgcc.a(lib2-divmod.o)
                0x000000002002117c                __divsi3
                0x0000000020021200                __modsi3
                0x0000000020021274                __udivsi3
                0x00000000200212d8                __umodsi3
 .text          0x0000000020021330        0x0 /opt/intelFPGA/18.1/nios2eds/bin/gnu/H-x86_64-pc-linux-gnu/bin/../lib/gcc/nios2-elf/5.3.0/libgcc.a(_clz.o)
 .text          0x0000000020021330        0x0 /opt/intelFPGA/18.1/nios2eds/bin/gnu/H-x86_64-pc-linux-gnu/bin/../lib/gcc/nios2-elf/5.3.0/../../../../../H-x86_64-pc-linux-gnu/nios2-elf/lib/libc.a(lib_a-printf.o)
 .text._printf_r
                0x0000000020021330       0x30 /opt/intelFPGA/18.1/nios2eds/bin/gnu/H-x86_64-pc-linux-gnu/bin/../lib/gcc/nios2-elf/5.3.0/../../../../../H-x86_64-pc-linux-gnu/nios2-elf/lib/libc.a(lib_a-printf.o)
                0x0000000020021330                _printf_r
 .text.printf   0x0000000020021360       0x3c /opt/intelFPGA/18.1/nios2eds/bin/gnu/H-x86_64-pc-linux-gnu/bin/../lib/gcc/nios2-elf/5.3.0/../../../../../H-x86_64-pc-linux-gnu/nios2-elf/lib/libc.a(lib_a-printf.o)
                0x0000000020021360                printf
 .text          0x000000002002139c        0x0 /opt/intelFPGA/18.1/nios2eds/bin/gnu/H-x86_64-pc-linux-gnu/bin/../lib/gcc/nios2-elf/5.3.0/../../../../../H-x86_64-pc-linux-gnu/nios2-elf/lib/libc.a(lib_a-vfprintf.o)
 .text.___vfprintf_internal_r
                0x000000002002139c     0x21f8 /opt/intelFPGA/18.1/nios2eds/bin/gnu/H-x86_64-pc-linux-gnu/bin/../lib/gcc/nios2-elf/5.3.0/../../../../../H-x86_64-pc-linux-gnu/nios2-elf/lib/libc.a(lib_a-vfprintf.o)
                0x000000002002139c                ___vfprintf_internal_r
 .text.__vfprintf_internal
                0x0000000020023594       0x1c /opt/intelFPGA/18.1/nios2eds/bin/gnu/H-x86_64-pc-linux-gnu/bin/../lib/gcc/nios2-elf/5.3.0/../../../../../H-x86_64-pc-linux-gnu/nios2-elf/lib/libc.a(lib_a-vfprintf.o)
                0x0000000020023594                __vfprintf_internal
 .text.__sbprintf
                0x00000000200235b0       0xbc /opt/intelFPGA/18.1/nios2eds/bin/gnu/H-x86_64-pc-linux-gnu/bin/../lib/gcc/nios2-elf/5.3.0/../../../../../H-x86_64-pc-linux-gnu/nios2-elf/lib/libc.a(lib_a-vfprintf.o)
 .text          0x000000002002366c        0x0 /opt/intelFPGA/18.1/nios2eds/bin/gnu/H-x86_64-pc-linux-gnu/bin/../lib/gcc/nios2-elf/5.3.0/../../../../../H-x86_64-pc-linux-gnu/nios2-elf/lib/libc.a(lib_a-wsetup.o)
 .text.__swsetup_r
                0x000000002002366c      0x154 /opt/intelFPGA/18.1/nios2eds/bin/gnu/H-x86_64-pc-linux-gnu/bin/../lib/gcc/nios2-elf/5.3.0/../../../../../H-x86_64-pc-linux-gnu/nios2-elf/lib/libc.a(lib_a-wsetup.o)
                0x000000002002366c                __swsetup_r
 .text          0x00000000200237c0        0x0 /opt/intelFPGA/18.1/nios2eds/bin/gnu/H-x86_64-pc-linux-gnu/bin/../lib/gcc/nios2-elf/5.3.0/../../../../../H-x86_64-pc-linux-gnu/nios2-elf/lib/libc.a(lib_a-dtoa.o)
 .text.quorem   0x00000000200237c0      0x200 /opt/intelFPGA/18.1/nios2eds/bin/gnu/H-x86_64-pc-linux-gnu/bin/../lib/gcc/nios2-elf/5.3.0/../../../../../H-x86_64-pc-linux-gnu/nios2-elf/lib/libc.a(lib_a-dtoa.o)
 .text._dtoa_r  0x00000000200239c0     0x1688 /opt/intelFPGA/18.1/nios2eds/bin/gnu/H-x86_64-pc-linux-gnu/bin/../lib/gcc/nios2-elf/5.3.0/../../../../../H-x86_64-pc-linux-gnu/nios2-elf/lib/libc.a(lib_a-dtoa.o)
                0x00000000200239c0                _dtoa_r
 .text          0x0000000020025048        0x0 /opt/intelFPGA/18.1/nios2eds/bin/gnu/H-x86_64-pc-linux-gnu/bin/../lib/gcc/nios2-elf/5.3.0/../../../../../H-x86_64-pc-linux-gnu/nios2-elf/lib/libc.a(lib_a-fflush.o)
 .text.__sflush_r
                0x0000000020025048      0x21c /opt/intelFPGA/18.1/nios2eds/bin/gnu/H-x86_64-pc-linux-gnu/bin/../lib/gcc/nios2-elf/5.3.0/../../../../../H-x86_64-pc-linux-gnu/nios2-elf/lib/libc.a(lib_a-fflush.o)
                0x0000000020025048                __sflush_r
 .text._fflush_r
                0x0000000020025264       0x5c /opt/intelFPGA/18.1/nios2eds/bin/gnu/H-x86_64-pc-linux-gnu/bin/../lib/gcc/nios2-elf/5.3.0/../../../../../H-x86_64-pc-linux-gnu/nios2-elf/lib/libc.a(lib_a-fflush.o)
                0x0000000020025264                _fflush_r
 .text.fflush   0x00000000200252c0       0x30 /opt/intelFPGA/18.1/nios2eds/bin/gnu/H-x86_64-pc-linux-gnu/bin/../lib/gcc/nios2-elf/5.3.0/../../../../../H-x86_64-pc-linux-gnu/nios2-elf/lib/libc.a(lib_a-fflush.o)
                0x00000000200252c0                fflush
 .text          0x00000000200252f0        0x0 /opt/intelFPGA/18.1/nios2eds/bin/gnu/H-x86_64-pc-linux-gnu/bin/../lib/gcc/nios2-elf/5.3.0/../../../../../H-x86_64-pc-linux-gnu/nios2-elf/lib/libc.a(lib_a-findfp.o)
 .text.__fp_unlock
                0x00000000200252f0        0x8 /opt/intelFPGA/18.1/nios2eds/bin/gnu/H-x86_64-pc-linux-gnu/bin/../lib/gcc/nios2-elf/5.3.0/../../../../../H-x86_64-pc-linux-gnu/nios2-elf/lib/libc.a(lib_a-findfp.o)
 .text._cleanup_r
                0x00000000200252f8        0xc /opt/intelFPGA/18.1/nios2eds/bin/gnu/H-x86_64-pc-linux-gnu/bin/../lib/gcc/nios2-elf/5.3.0/../../../../../H-x86_64-pc-linux-gnu/nios2-elf/lib/libc.a(lib_a-findfp.o)
                0x00000000200252f8                _cleanup_r
 .text.__sinit.part.1
                0x0000000020025304      0x19c /opt/intelFPGA/18.1/nios2eds/bin/gnu/H-x86_64-pc-linux-gnu/bin/../lib/gcc/nios2-elf/5.3.0/../../../../../H-x86_64-pc-linux-gnu/nios2-elf/lib/libc.a(lib_a-findfp.o)
 .text.__fp_lock
                0x00000000200254a0        0x8 /opt/intelFPGA/18.1/nios2eds/bin/gnu/H-x86_64-pc-linux-gnu/bin/../lib/gcc/nios2-elf/5.3.0/../../../../../H-x86_64-pc-linux-gnu/nios2-elf/lib/libc.a(lib_a-findfp.o)
 .text.__sfmoreglue
                0x00000000200254a8       0x68 /opt/intelFPGA/18.1/nios2eds/bin/gnu/H-x86_64-pc-linux-gnu/bin/../lib/gcc/nios2-elf/5.3.0/../../../../../H-x86_64-pc-linux-gnu/nios2-elf/lib/libc.a(lib_a-findfp.o)
                0x00000000200254a8                __sfmoreglue
 .text.__sfp    0x0000000020025510      0x118 /opt/intelFPGA/18.1/nios2eds/bin/gnu/H-x86_64-pc-linux-gnu/bin/../lib/gcc/nios2-elf/5.3.0/../../../../../H-x86_64-pc-linux-gnu/nios2-elf/lib/libc.a(lib_a-findfp.o)
                0x0000000020025510                __sfp
 .text._cleanup
                0x0000000020025628       0x18 /opt/intelFPGA/18.1/nios2eds/bin/gnu/H-x86_64-pc-linux-gnu/bin/../lib/gcc/nios2-elf/5.3.0/../../../../../H-x86_64-pc-linux-gnu/nios2-elf/lib/libc.a(lib_a-findfp.o)
                0x0000000020025628                _cleanup
 .text.__sinit  0x0000000020025640       0x10 /opt/intelFPGA/18.1/nios2eds/bin/gnu/H-x86_64-pc-linux-gnu/bin/../lib/gcc/nios2-elf/5.3.0/../../../../../H-x86_64-pc-linux-gnu/nios2-elf/lib/libc.a(lib_a-findfp.o)
                0x0000000020025640                __sinit
 .text.__sfp_lock_acquire
                0x0000000020025650        0x4 /opt/intelFPGA/18.1/nios2eds/bin/gnu/H-x86_64-pc-linux-gnu/bin/../lib/gcc/nios2-elf/5.3.0/../../../../../H-x86_64-pc-linux-gnu/nios2-elf/lib/libc.a(lib_a-findfp.o)
                0x0000000020025650                __sfp_lock_acquire
 .text.__sfp_lock_release
                0x0000000020025654        0x4 /opt/intelFPGA/18.1/nios2eds/bin/gnu/H-x86_64-pc-linux-gnu/bin/../lib/gcc/nios2-elf/5.3.0/../../../../../H-x86_64-pc-linux-gnu/nios2-elf/lib/libc.a(lib_a-findfp.o)
                0x0000000020025654                __sfp_lock_release
 .text.__sinit_lock_acquire
                0x0000000020025658        0x4 /opt/intelFPGA/18.1/nios2eds/bin/gnu/H-x86_64-pc-linux-gnu/bin/../lib/gcc/nios2-elf/5.3.0/../../../../../H-x86_64-pc-linux-gnu/nios2-elf/lib/libc.a(lib_a-findfp.o)
                0x0000000020025658                __sinit_lock_acquire
 .text.__sinit_lock_release
                0x000000002002565c        0x4 /opt/intelFPGA/18.1/nios2eds/bin/gnu/H-x86_64-pc-linux-gnu/bin/../lib/gcc/nios2-elf/5.3.0/../../../../../H-x86_64-pc-linux-gnu/nios2-elf/lib/libc.a(lib_a-findfp.o)
                0x000000002002565c                __sinit_lock_release
 .text.__fp_lock_all
                0x0000000020025660       0x18 /opt/intelFPGA/18.1/nios2eds/bin/gnu/H-x86_64-pc-linux-gnu/bin/../lib/gcc/nios2-elf/5.3.0/../../../../../H-x86_64-pc-linux-gnu/nios2-elf/lib/libc.a(lib_a-findfp.o)
                0x0000000020025660                __fp_lock_all
 .text.__fp_unlock_all
                0x0000000020025678       0x18 /opt/intelFPGA/18.1/nios2eds/bin/gnu/H-x86_64-pc-linux-gnu/bin/../lib/gcc/nios2-elf/5.3.0/../../../../../H-x86_64-pc-linux-gnu/nios2-elf/lib/libc.a(lib_a-findfp.o)
                0x0000000020025678                __fp_unlock_all
 .text          0x0000000020025690        0x0 /opt/intelFPGA/18.1/nios2eds/bin/gnu/H-x86_64-pc-linux-gnu/bin/../lib/gcc/nios2-elf/5.3.0/../../../../../H-x86_64-pc-linux-gnu/nios2-elf/lib/libc.a(lib_a-freer.o)
 .text._malloc_trim_r
                0x0000000020025690      0x124 /opt/intelFPGA/18.1/nios2eds/bin/gnu/H-x86_64-pc-linux-gnu/bin/../lib/gcc/nios2-elf/5.3.0/../../../../../H-x86_64-pc-linux-gnu/nios2-elf/lib/libc.a(lib_a-freer.o)
                0x0000000020025690                _malloc_trim_r
 .text._free_r  0x00000000200257b4      0x310 /opt/intelFPGA/18.1/nios2eds/bin/gnu/H-x86_64-pc-linux-gnu/bin/../lib/gcc/nios2-elf/5.3.0/../../../../../H-x86_64-pc-linux-gnu/nios2-elf/lib/libc.a(lib_a-freer.o)
                0x00000000200257b4                _free_r
 .text          0x0000000020025ac4        0x0 /opt/intelFPGA/18.1/nios2eds/bin/gnu/H-x86_64-pc-linux-gnu/bin/../lib/gcc/nios2-elf/5.3.0/../../../../../H-x86_64-pc-linux-gnu/nios2-elf/lib/libc.a(lib_a-fwalk.o)
 .text._fwalk   0x0000000020025ac4       0xc4 /opt/intelFPGA/18.1/nios2eds/bin/gnu/H-x86_64-pc-linux-gnu/bin/../lib/gcc/nios2-elf/5.3.0/../../../../../H-x86_64-pc-linux-gnu/nios2-elf/lib/libc.a(lib_a-fwalk.o)
                0x0000000020025ac4                _fwalk
 .text._fwalk_reent
                0x0000000020025b88       0xc4 /opt/intelFPGA/18.1/nios2eds/bin/gnu/H-x86_64-pc-linux-gnu/bin/../lib/gcc/nios2-elf/5.3.0/../../../../../H-x86_64-pc-linux-gnu/nios2-elf/lib/libc.a(lib_a-fwalk.o)
                0x0000000020025b88                _fwalk_reent
 .text          0x0000000020025c4c        0x0 /opt/intelFPGA/18.1/nios2eds/bin/gnu/H-x86_64-pc-linux-gnu/bin/../lib/gcc/nios2-elf/5.3.0/../../../../../H-x86_64-pc-linux-gnu/nios2-elf/lib/libc.a(lib_a-impure.o)
 .text          0x0000000020025c4c        0x0 /opt/intelFPGA/18.1/nios2eds/bin/gnu/H-x86_64-pc-linux-gnu/bin/../lib/gcc/nios2-elf/5.3.0/../../../../../H-x86_64-pc-linux-gnu/nios2-elf/lib/libc.a(lib_a-locale.o)
 .text._setlocale_r
                0x0000000020025c4c       0x7c /opt/intelFPGA/18.1/nios2eds/bin/gnu/H-x86_64-pc-linux-gnu/bin/../lib/gcc/nios2-elf/5.3.0/../../../../../H-x86_64-pc-linux-gnu/nios2-elf/lib/libc.a(lib_a-locale.o)
                0x0000000020025c4c                _setlocale_r
 .text.__locale_charset
                0x0000000020025cc8        0xc /opt/intelFPGA/18.1/nios2eds/bin/gnu/H-x86_64-pc-linux-gnu/bin/../lib/gcc/nios2-elf/5.3.0/../../../../../H-x86_64-pc-linux-gnu/nios2-elf/lib/libc.a(lib_a-locale.o)
                0x0000000020025cc8                __locale_charset
 .text.__locale_mb_cur_max
                0x0000000020025cd4       0x10 /opt/intelFPGA/18.1/nios2eds/bin/gnu/H-x86_64-pc-linux-gnu/bin/../lib/gcc/nios2-elf/5.3.0/../../../../../H-x86_64-pc-linux-gnu/nios2-elf/lib/libc.a(lib_a-locale.o)
                0x0000000020025cd4                __locale_mb_cur_max
 .text.__locale_msgcharset
                0x0000000020025ce4        0xc /opt/intelFPGA/18.1/nios2eds/bin/gnu/H-x86_64-pc-linux-gnu/bin/../lib/gcc/nios2-elf/5.3.0/../../../../../H-x86_64-pc-linux-gnu/nios2-elf/lib/libc.a(lib_a-locale.o)
                0x0000000020025ce4                __locale_msgcharset
 .text.__locale_cjk_lang
                0x0000000020025cf0        0x8 /opt/intelFPGA/18.1/nios2eds/bin/gnu/H-x86_64-pc-linux-gnu/bin/../lib/gcc/nios2-elf/5.3.0/../../../../../H-x86_64-pc-linux-gnu/nios2-elf/lib/libc.a(lib_a-locale.o)
                0x0000000020025cf0                __locale_cjk_lang
 .text._localeconv_r
                0x0000000020025cf8        0xc /opt/intelFPGA/18.1/nios2eds/bin/gnu/H-x86_64-pc-linux-gnu/bin/../lib/gcc/nios2-elf/5.3.0/../../../../../H-x86_64-pc-linux-gnu/nios2-elf/lib/libc.a(lib_a-locale.o)
                0x0000000020025cf8                _localeconv_r
 .text.setlocale
                0x0000000020025d04       0x18 /opt/intelFPGA/18.1/nios2eds/bin/gnu/H-x86_64-pc-linux-gnu/bin/../lib/gcc/nios2-elf/5.3.0/../../../../../H-x86_64-pc-linux-gnu/nios2-elf/lib/libc.a(lib_a-locale.o)
                0x0000000020025d04                setlocale
 .text.localeconv
                0x0000000020025d1c        0xc /opt/intelFPGA/18.1/nios2eds/bin/gnu/H-x86_64-pc-linux-gnu/bin/../lib/gcc/nios2-elf/5.3.0/../../../../../H-x86_64-pc-linux-gnu/nios2-elf/lib/libc.a(lib_a-locale.o)
                0x0000000020025d1c                localeconv
 .text          0x0000000020025d28        0x0 /opt/intelFPGA/18.1/nios2eds/bin/gnu/H-x86_64-pc-linux-gnu/bin/../lib/gcc/nios2-elf/5.3.0/../../../../../H-x86_64-pc-linux-gnu/nios2-elf/lib/libc.a(lib_a-makebuf.o)
 .text.__smakebuf_r
                0x0000000020025d28      0x1bc /opt/intelFPGA/18.1/nios2eds/bin/gnu/H-x86_64-pc-linux-gnu/bin/../lib/gcc/nios2-elf/5.3.0/../../../../../H-x86_64-pc-linux-gnu/nios2-elf/lib/libc.a(lib_a-makebuf.o)
                0x0000000020025d28                __smakebuf_r
 .text          0x0000000020025ee4        0x0 /opt/intelFPGA/18.1/nios2eds/bin/gnu/H-x86_64-pc-linux-gnu/bin/../lib/gcc/nios2-elf/5.3.0/../../../../../H-x86_64-pc-linux-gnu/nios2-elf/lib/libc.a(lib_a-mallocr.o)
 .text._malloc_r
                0x0000000020025ee4      0x80c /opt/intelFPGA/18.1/nios2eds/bin/gnu/H-x86_64-pc-linux-gnu/bin/../lib/gcc/nios2-elf/5.3.0/../../../../../H-x86_64-pc-linux-gnu/nios2-elf/lib/libc.a(lib_a-mallocr.o)
                0x0000000020025ee4                _malloc_r
 .text          0x00000000200266f0        0x0 /opt/intelFPGA/18.1/nios2eds/bin/gnu/H-x86_64-pc-linux-gnu/bin/../lib/gcc/nios2-elf/5.3.0/../../../../../H-x86_64-pc-linux-gnu/nios2-elf/lib/libc.a(lib_a-memchr.o)
 .text.memchr   0x00000000200266f0       0xe4 /opt/intelFPGA/18.1/nios2eds/bin/gnu/H-x86_64-pc-linux-gnu/bin/../lib/gcc/nios2-elf/5.3.0/../../../../../H-x86_64-pc-linux-gnu/nios2-elf/lib/libc.a(lib_a-memchr.o)
                0x00000000200266f0                memchr
 .text          0x00000000200267d4        0x0 /opt/intelFPGA/18.1/nios2eds/bin/gnu/H-x86_64-pc-linux-gnu/bin/../lib/gcc/nios2-elf/5.3.0/../../../../../H-x86_64-pc-linux-gnu/nios2-elf/lib/libc.a(lib_a-memcpy.o)
 .text.memcpy   0x00000000200267d4      0x148 /opt/intelFPGA/18.1/nios2eds/bin/gnu/H-x86_64-pc-linux-gnu/bin/../lib/gcc/nios2-elf/5.3.0/../../../../../H-x86_64-pc-linux-gnu/nios2-elf/lib/libc.a(lib_a-memcpy.o)
                0x00000000200267d4                memcpy
 .text          0x000000002002691c        0x0 /opt/intelFPGA/18.1/nios2eds/bin/gnu/H-x86_64-pc-linux-gnu/bin/../lib/gcc/nios2-elf/5.3.0/../../../../../H-x86_64-pc-linux-gnu/nios2-elf/lib/libc.a(lib_a-memset.o)
 .text.memset   0x000000002002691c      0x128 /opt/intelFPGA/18.1/nios2eds/bin/gnu/H-x86_64-pc-linux-gnu/bin/../lib/gcc/nios2-elf/5.3.0/../../../../../H-x86_64-pc-linux-gnu/nios2-elf/lib/libc.a(lib_a-memset.o)
                0x000000002002691c                memset
 .text          0x0000000020026a44        0x0 /opt/intelFPGA/18.1/nios2eds/bin/gnu/H-x86_64-pc-linux-gnu/bin/../lib/gcc/nios2-elf/5.3.0/../../../../../H-x86_64-pc-linux-gnu/nios2-elf/lib/libc.a(lib_a-mprec.o)
 .text._Balloc  0x0000000020026a44       0xa8 /opt/intelFPGA/18.1/nios2eds/bin/gnu/H-x86_64-pc-linux-gnu/bin/../lib/gcc/nios2-elf/5.3.0/../../../../../H-x86_64-pc-linux-gnu/nios2-elf/lib/libc.a(lib_a-mprec.o)
                0x0000000020026a44                _Balloc
 .text._Bfree   0x0000000020026aec       0x28 /opt/intelFPGA/18.1/nios2eds/bin/gnu/H-x86_64-pc-linux-gnu/bin/../lib/gcc/nios2-elf/5.3.0/../../../../../H-x86_64-pc-linux-gnu/nios2-elf/lib/libc.a(lib_a-mprec.o)
                0x0000000020026aec                _Bfree
 .text.__multadd
                0x0000000020026b14      0x120 /opt/intelFPGA/18.1/nios2eds/bin/gnu/H-x86_64-pc-linux-gnu/bin/../lib/gcc/nios2-elf/5.3.0/../../../../../H-x86_64-pc-linux-gnu/nios2-elf/lib/libc.a(lib_a-mprec.o)
                0x0000000020026b14                __multadd
 .text.__s2b    0x0000000020026c34      0x104 /opt/intelFPGA/18.1/nios2eds/bin/gnu/H-x86_64-pc-linux-gnu/bin/../lib/gcc/nios2-elf/5.3.0/../../../../../H-x86_64-pc-linux-gnu/nios2-elf/lib/libc.a(lib_a-mprec.o)
                0x0000000020026c34                __s2b
 .text.__hi0bits
                0x0000000020026d38       0x68 /opt/intelFPGA/18.1/nios2eds/bin/gnu/H-x86_64-pc-linux-gnu/bin/../lib/gcc/nios2-elf/5.3.0/../../../../../H-x86_64-pc-linux-gnu/nios2-elf/lib/libc.a(lib_a-mprec.o)
                0x0000000020026d38                __hi0bits
 .text.__lo0bits
                0x0000000020026da0       0xb0 /opt/intelFPGA/18.1/nios2eds/bin/gnu/H-x86_64-pc-linux-gnu/bin/../lib/gcc/nios2-elf/5.3.0/../../../../../H-x86_64-pc-linux-gnu/nios2-elf/lib/libc.a(lib_a-mprec.o)
                0x0000000020026da0                __lo0bits
 .text.__i2b    0x0000000020026e50       0x3c /opt/intelFPGA/18.1/nios2eds/bin/gnu/H-x86_64-pc-linux-gnu/bin/../lib/gcc/nios2-elf/5.3.0/../../../../../H-x86_64-pc-linux-gnu/nios2-elf/lib/libc.a(lib_a-mprec.o)
                0x0000000020026e50                __i2b
 .text.__multiply
                0x0000000020026e8c      0x1f8 /opt/intelFPGA/18.1/nios2eds/bin/gnu/H-x86_64-pc-linux-gnu/bin/../lib/gcc/nios2-elf/5.3.0/../../../../../H-x86_64-pc-linux-gnu/nios2-elf/lib/libc.a(lib_a-mprec.o)
                0x0000000020026e8c                __multiply
 .text.__pow5mult
                0x0000000020027084      0x140 /opt/intelFPGA/18.1/nios2eds/bin/gnu/H-x86_64-pc-linux-gnu/bin/../lib/gcc/nios2-elf/5.3.0/../../../../../H-x86_64-pc-linux-gnu/nios2-elf/lib/libc.a(lib_a-mprec.o)
                0x0000000020027084                __pow5mult
 .text.__lshift
                0x00000000200271c4      0x148 /opt/intelFPGA/18.1/nios2eds/bin/gnu/H-x86_64-pc-linux-gnu/bin/../lib/gcc/nios2-elf/5.3.0/../../../../../H-x86_64-pc-linux-gnu/nios2-elf/lib/libc.a(lib_a-mprec.o)
                0x00000000200271c4                __lshift
 .text.__mcmp   0x000000002002730c       0x60 /opt/intelFPGA/18.1/nios2eds/bin/gnu/H-x86_64-pc-linux-gnu/bin/../lib/gcc/nios2-elf/5.3.0/../../../../../H-x86_64-pc-linux-gnu/nios2-elf/lib/libc.a(lib_a-mprec.o)
                0x000000002002730c                __mcmp
 .text.__mdiff  0x000000002002736c      0x1fc /opt/intelFPGA/18.1/nios2eds/bin/gnu/H-x86_64-pc-linux-gnu/bin/../lib/gcc/nios2-elf/5.3.0/../../../../../H-x86_64-pc-linux-gnu/nios2-elf/lib/libc.a(lib_a-mprec.o)
                0x000000002002736c                __mdiff
 .text.__ulp    0x0000000020027568       0x64 /opt/intelFPGA/18.1/nios2eds/bin/gnu/H-x86_64-pc-linux-gnu/bin/../lib/gcc/nios2-elf/5.3.0/../../../../../H-x86_64-pc-linux-gnu/nios2-elf/lib/libc.a(lib_a-mprec.o)
                0x0000000020027568                __ulp
 .text.__b2d    0x00000000200275cc      0x10c /opt/intelFPGA/18.1/nios2eds/bin/gnu/H-x86_64-pc-linux-gnu/bin/../lib/gcc/nios2-elf/5.3.0/../../../../../H-x86_64-pc-linux-gnu/nios2-elf/lib/libc.a(lib_a-mprec.o)
                0x00000000200275cc                __b2d
 .text.__d2b    0x00000000200276d8      0x14c /opt/intelFPGA/18.1/nios2eds/bin/gnu/H-x86_64-pc-linux-gnu/bin/../lib/gcc/nios2-elf/5.3.0/../../../../../H-x86_64-pc-linux-gnu/nios2-elf/lib/libc.a(lib_a-mprec.o)
                0x00000000200276d8                __d2b
 .text.__ratio  0x0000000020027824       0xa4 /opt/intelFPGA/18.1/nios2eds/bin/gnu/H-x86_64-pc-linux-gnu/bin/../lib/gcc/nios2-elf/5.3.0/../../../../../H-x86_64-pc-linux-gnu/nios2-elf/lib/libc.a(lib_a-mprec.o)
                0x0000000020027824                __ratio
 .text._mprec_log10
                0x00000000200278c8       0x74 /opt/intelFPGA/18.1/nios2eds/bin/gnu/H-x86_64-pc-linux-gnu/bin/../lib/gcc/nios2-elf/5.3.0/../../../../../H-x86_64-pc-linux-gnu/nios2-elf/lib/libc.a(lib_a-mprec.o)
                0x00000000200278c8                _mprec_log10
 .text.__copybits
                0x000000002002793c       0x78 /opt/intelFPGA/18.1/nios2eds/bin/gnu/H-x86_64-pc-linux-gnu/bin/../lib/gcc/nios2-elf/5.3.0/../../../../../H-x86_64-pc-linux-gnu/nios2-elf/lib/libc.a(lib_a-mprec.o)
                0x000000002002793c                __copybits
 .text.__any_on
                0x00000000200279b4       0x8c /opt/intelFPGA/18.1/nios2eds/bin/gnu/H-x86_64-pc-linux-gnu/bin/../lib/gcc/nios2-elf/5.3.0/../../../../../H-x86_64-pc-linux-gnu/nios2-elf/lib/libc.a(lib_a-mprec.o)
                0x00000000200279b4                __any_on
 .text          0x0000000020027a40        0x0 /opt/intelFPGA/18.1/nios2eds/bin/gnu/H-x86_64-pc-linux-gnu/bin/../lib/gcc/nios2-elf/5.3.0/../../../../../H-x86_64-pc-linux-gnu/nios2-elf/lib/libc.a(lib_a-s_fpclassify.o)
 .text.__fpclassifyd
                0x0000000020027a40       0x74 /opt/intelFPGA/18.1/nios2eds/bin/gnu/H-x86_64-pc-linux-gnu/bin/../lib/gcc/nios2-elf/5.3.0/../../../../../H-x86_64-pc-linux-gnu/nios2-elf/lib/libc.a(lib_a-s_fpclassify.o)
                0x0000000020027a40                __fpclassifyd
 .text          0x0000000020027ab4        0x0 /opt/intelFPGA/18.1/nios2eds/bin/gnu/H-x86_64-pc-linux-gnu/bin/../lib/gcc/nios2-elf/5.3.0/../../../../../H-x86_64-pc-linux-gnu/nios2-elf/lib/libc.a(lib_a-sbrkr.o)
 .text._sbrk_r  0x0000000020027ab4       0x54 /opt/intelFPGA/18.1/nios2eds/bin/gnu/H-x86_64-pc-linux-gnu/bin/../lib/gcc/nios2-elf/5.3.0/../../../../../H-x86_64-pc-linux-gnu/nios2-elf/lib/libc.a(lib_a-sbrkr.o)
                0x0000000020027ab4                _sbrk_r
 .text          0x0000000020027b08        0x0 /opt/intelFPGA/18.1/nios2eds/bin/gnu/H-x86_64-pc-linux-gnu/bin/../lib/gcc/nios2-elf/5.3.0/../../../../../H-x86_64-pc-linux-gnu/nios2-elf/lib/libc.a(lib_a-stdio.o)
 .text.__sread  0x0000000020027b08       0x54 /opt/intelFPGA/18.1/nios2eds/bin/gnu/H-x86_64-pc-linux-gnu/bin/../lib/gcc/nios2-elf/5.3.0/../../../../../H-x86_64-pc-linux-gnu/nios2-elf/lib/libc.a(lib_a-stdio.o)
                0x0000000020027b08                __sread
 .text.__seofread
                0x0000000020027b5c        0x8 /opt/intelFPGA/18.1/nios2eds/bin/gnu/H-x86_64-pc-linux-gnu/bin/../lib/gcc/nios2-elf/5.3.0/../../../../../H-x86_64-pc-linux-gnu/nios2-elf/lib/libc.a(lib_a-stdio.o)
                0x0000000020027b5c                __seofread
 .text.__swrite
                0x0000000020027b64       0x7c /opt/intelFPGA/18.1/nios2eds/bin/gnu/H-x86_64-pc-linux-gnu/bin/../lib/gcc/nios2-elf/5.3.0/../../../../../H-x86_64-pc-linux-gnu/nios2-elf/lib/libc.a(lib_a-stdio.o)
                0x0000000020027b64                __swrite
 .text.__sseek  0x0000000020027be0       0x5c /opt/intelFPGA/18.1/nios2eds/bin/gnu/H-x86_64-pc-linux-gnu/bin/../lib/gcc/nios2-elf/5.3.0/../../../../../H-x86_64-pc-linux-gnu/nios2-elf/lib/libc.a(lib_a-stdio.o)
                0x0000000020027be0                __sseek
 .text.__sclose
                0x0000000020027c3c        0x8 /opt/intelFPGA/18.1/nios2eds/bin/gnu/H-x86_64-pc-linux-gnu/bin/../lib/gcc/nios2-elf/5.3.0/../../../../../H-x86_64-pc-linux-gnu/nios2-elf/lib/libc.a(lib_a-stdio.o)
                0x0000000020027c3c                __sclose
 .text          0x0000000020027c44        0x0 /opt/intelFPGA/18.1/nios2eds/bin/gnu/H-x86_64-pc-linux-gnu/bin/../lib/gcc/nios2-elf/5.3.0/../../../../../H-x86_64-pc-linux-gnu/nios2-elf/lib/libc.a(lib_a-strcmp.o)
 .text.strcmp   0x0000000020027c44       0xdc /opt/intelFPGA/18.1/nios2eds/bin/gnu/H-x86_64-pc-linux-gnu/bin/../lib/gcc/nios2-elf/5.3.0/../../../../../H-x86_64-pc-linux-gnu/nios2-elf/lib/libc.a(lib_a-strcmp.o)
                0x0000000020027c44                strcmp
 .text          0x0000000020027d20        0x0 /opt/intelFPGA/18.1/nios2eds/bin/gnu/H-x86_64-pc-linux-gnu/bin/../lib/gcc/nios2-elf/5.3.0/../../../../../H-x86_64-pc-linux-gnu/nios2-elf/lib/libc.a(lib_a-strlen.o)
 .text.strlen   0x0000000020027d20       0x98 /opt/intelFPGA/18.1/nios2eds/bin/gnu/H-x86_64-pc-linux-gnu/bin/../lib/gcc/nios2-elf/5.3.0/../../../../../H-x86_64-pc-linux-gnu/nios2-elf/lib/libc.a(lib_a-strlen.o)
                0x0000000020027d20                strlen
 .text          0x0000000020027db8        0x0 /opt/intelFPGA/18.1/nios2eds/bin/gnu/H-x86_64-pc-linux-gnu/bin/../lib/gcc/nios2-elf/5.3.0/../../../../../H-x86_64-pc-linux-gnu/nios2-elf/lib/libc.a(lib_a-vfiprintf.o)
 .text.__sprint_r.part.0
                0x0000000020027db8       0xfc /opt/intelFPGA/18.1/nios2eds/bin/gnu/H-x86_64-pc-linux-gnu/bin/../lib/gcc/nios2-elf/5.3.0/../../../../../H-x86_64-pc-linux-gnu/nios2-elf/lib/libc.a(lib_a-vfiprintf.o)
 .text.__sprint_r
                0x0000000020027eb4       0x18 /opt/intelFPGA/18.1/nios2eds/bin/gnu/H-x86_64-pc-linux-gnu/bin/../lib/gcc/nios2-elf/5.3.0/../../../../../H-x86_64-pc-linux-gnu/nios2-elf/lib/libc.a(lib_a-vfiprintf.o)
                0x0000000020027eb4                __sprint_r
 .text.___vfiprintf_internal_r
                0x0000000020027ecc     0x145c /opt/intelFPGA/18.1/nios2eds/bin/gnu/H-x86_64-pc-linux-gnu/bin/../lib/gcc/nios2-elf/5.3.0/../../../../../H-x86_64-pc-linux-gnu/nios2-elf/lib/libc.a(lib_a-vfiprintf.o)
                0x0000000020027ecc                ___vfiprintf_internal_r
 .text.__vfiprintf_internal
                0x0000000020029328       0x1c /opt/intelFPGA/18.1/nios2eds/bin/gnu/H-x86_64-pc-linux-gnu/bin/../lib/gcc/nios2-elf/5.3.0/../../../../../H-x86_64-pc-linux-gnu/nios2-elf/lib/libc.a(lib_a-vfiprintf.o)
                0x0000000020029328                __vfiprintf_internal
 .text.__sbprintf
                0x0000000020029344       0xbc /opt/intelFPGA/18.1/nios2eds/bin/gnu/H-x86_64-pc-linux-gnu/bin/../lib/gcc/nios2-elf/5.3.0/../../../../../H-x86_64-pc-linux-gnu/nios2-elf/lib/libc.a(lib_a-vfiprintf.o)
 .text          0x0000000020029400        0x0 /opt/intelFPGA/18.1/nios2eds/bin/gnu/H-x86_64-pc-linux-gnu/bin/../lib/gcc/nios2-elf/5.3.0/../../../../../H-x86_64-pc-linux-gnu/nios2-elf/lib/libc.a(lib_a-writer.o)
 .text._write_r
                0x0000000020029400       0x60 /opt/intelFPGA/18.1/nios2eds/bin/gnu/H-x86_64-pc-linux-gnu/bin/../lib/gcc/nios2-elf/5.3.0/../../../../../H-x86_64-pc-linux-gnu/nios2-elf/lib/libc.a(lib_a-writer.o)
                0x0000000020029400                _write_r
 .text          0x0000000020029460        0x0 /opt/intelFPGA/18.1/nios2eds/bin/gnu/H-x86_64-pc-linux-gnu/bin/../lib/gcc/nios2-elf/5.3.0/../../../../../H-x86_64-pc-linux-gnu/nios2-elf/lib/libc.a(closer.o)
 .text._close_r
                0x0000000020029460       0x54 /opt/intelFPGA/18.1/nios2eds/bin/gnu/H-x86_64-pc-linux-gnu/bin/../lib/gcc/nios2-elf/5.3.0/../../../../../H-x86_64-pc-linux-gnu/nios2-elf/lib/libc.a(closer.o)
                0x0000000020029460                _close_r
 .text          0x00000000200294b4        0x0 /opt/intelFPGA/18.1/nios2eds/bin/gnu/H-x86_64-pc-linux-gnu/bin/../lib/gcc/nios2-elf/5.3.0/../../../../../H-x86_64-pc-linux-gnu/nios2-elf/lib/libc.a(lib_a-callocr.o)
 .text._calloc_r
                0x00000000200294b4       0xc4 /opt/intelFPGA/18.1/nios2eds/bin/gnu/H-x86_64-pc-linux-gnu/bin/../lib/gcc/nios2-elf/5.3.0/../../../../../H-x86_64-pc-linux-gnu/nios2-elf/lib/libc.a(lib_a-callocr.o)
                0x00000000200294b4                _calloc_r
 .text          0x0000000020029578        0x0 /opt/intelFPGA/18.1/nios2eds/bin/gnu/H-x86_64-pc-linux-gnu/bin/../lib/gcc/nios2-elf/5.3.0/../../../../../H-x86_64-pc-linux-gnu/nios2-elf/lib/libc.a(lib_a-fclose.o)
 .text._fclose_r
                0x0000000020029578       0xf0 /opt/intelFPGA/18.1/nios2eds/bin/gnu/H-x86_64-pc-linux-gnu/bin/../lib/gcc/nios2-elf/5.3.0/../../../../../H-x86_64-pc-linux-gnu/nios2-elf/lib/libc.a(lib_a-fclose.o)
                0x0000000020029578                _fclose_r
 .text.fclose   0x0000000020029668       0x14 /opt/intelFPGA/18.1/nios2eds/bin/gnu/H-x86_64-pc-linux-gnu/bin/../lib/gcc/nios2-elf/5.3.0/../../../../../H-x86_64-pc-linux-gnu/nios2-elf/lib/libc.a(lib_a-fclose.o)
                0x0000000020029668                fclose
 .text          0x000000002002967c        0x0 /opt/intelFPGA/18.1/nios2eds/bin/gnu/H-x86_64-pc-linux-gnu/bin/../lib/gcc/nios2-elf/5.3.0/../../../../../H-x86_64-pc-linux-gnu/nios2-elf/lib/libc.a(lib_a-fputwc.o)
 .text.__fputwc
                0x000000002002967c      0x164 /opt/intelFPGA/18.1/nios2eds/bin/gnu/H-x86_64-pc-linux-gnu/bin/../lib/gcc/nios2-elf/5.3.0/../../../../../H-x86_64-pc-linux-gnu/nios2-elf/lib/libc.a(lib_a-fputwc.o)
                0x000000002002967c                __fputwc
 .text._fputwc_r
                0x00000000200297e0       0x24 /opt/intelFPGA/18.1/nios2eds/bin/gnu/H-x86_64-pc-linux-gnu/bin/../lib/gcc/nios2-elf/5.3.0/../../../../../H-x86_64-pc-linux-gnu/nios2-elf/lib/libc.a(lib_a-fputwc.o)
                0x00000000200297e0                _fputwc_r
 .text.fputwc   0x0000000020029804       0x80 /opt/intelFPGA/18.1/nios2eds/bin/gnu/H-x86_64-pc-linux-gnu/bin/../lib/gcc/nios2-elf/5.3.0/../../../../../H-x86_64-pc-linux-gnu/nios2-elf/lib/libc.a(lib_a-fputwc.o)
                0x0000000020029804                fputwc
 .text          0x0000000020029884        0x0 /opt/intelFPGA/18.1/nios2eds/bin/gnu/H-x86_64-pc-linux-gnu/bin/../lib/gcc/nios2-elf/5.3.0/../../../../../H-x86_64-pc-linux-gnu/nios2-elf/lib/libc.a(lib_a-fstatr.o)
 .text._fstat_r
                0x0000000020029884       0x5c /opt/intelFPGA/18.1/nios2eds/bin/gnu/H-x86_64-pc-linux-gnu/bin/../lib/gcc/nios2-elf/5.3.0/../../../../../H-x86_64-pc-linux-gnu/nios2-elf/lib/libc.a(lib_a-fstatr.o)
                0x0000000020029884                _fstat_r
 .text          0x00000000200298e0        0x0 /opt/intelFPGA/18.1/nios2eds/bin/gnu/H-x86_64-pc-linux-gnu/bin/../lib/gcc/nios2-elf/5.3.0/../../../../../H-x86_64-pc-linux-gnu/nios2-elf/lib/libc.a(lib_a-fvwrite.o)
 .text.__sfvwrite_r
                0x00000000200298e0      0x4bc /opt/intelFPGA/18.1/nios2eds/bin/gnu/H-x86_64-pc-linux-gnu/bin/../lib/gcc/nios2-elf/5.3.0/../../../../../H-x86_64-pc-linux-gnu/nios2-elf/lib/libc.a(lib_a-fvwrite.o)
                0x00000000200298e0                __sfvwrite_r
 .text          0x0000000020029d9c        0x0 /opt/intelFPGA/18.1/nios2eds/bin/gnu/H-x86_64-pc-linux-gnu/bin/../lib/gcc/nios2-elf/5.3.0/../../../../../H-x86_64-pc-linux-gnu/nios2-elf/lib/libc.a(lib_a-int_errno.o)
 .text          0x0000000020029d9c        0x0 /opt/intelFPGA/18.1/nios2eds/bin/gnu/H-x86_64-pc-linux-gnu/bin/../lib/gcc/nios2-elf/5.3.0/../../../../../H-x86_64-pc-linux-gnu/nios2-elf/lib/libc.a(lib_a-isattyr.o)
 .text._isatty_r
                0x0000000020029d9c       0x54 /opt/intelFPGA/18.1/nios2eds/bin/gnu/H-x86_64-pc-linux-gnu/bin/../lib/gcc/nios2-elf/5.3.0/../../../../../H-x86_64-pc-linux-gnu/nios2-elf/lib/libc.a(lib_a-isattyr.o)
                0x0000000020029d9c                _isatty_r
 .text          0x0000000020029df0        0x0 /opt/intelFPGA/18.1/nios2eds/bin/gnu/H-x86_64-pc-linux-gnu/bin/../lib/gcc/nios2-elf/5.3.0/../../../../../H-x86_64-pc-linux-gnu/nios2-elf/lib/libc.a(lib_a-lseekr.o)
 .text._lseek_r
                0x0000000020029df0       0x60 /opt/intelFPGA/18.1/nios2eds/bin/gnu/H-x86_64-pc-linux-gnu/bin/../lib/gcc/nios2-elf/5.3.0/../../../../../H-x86_64-pc-linux-gnu/nios2-elf/lib/libc.a(lib_a-lseekr.o)
                0x0000000020029df0                _lseek_r
 .text          0x0000000020029e50        0x0 /opt/intelFPGA/18.1/nios2eds/bin/gnu/H-x86_64-pc-linux-gnu/bin/../lib/gcc/nios2-elf/5.3.0/../../../../../H-x86_64-pc-linux-gnu/nios2-elf/lib/libc.a(lib_a-memmove.o)
 .text.memmove  0x0000000020029e50      0x15c /opt/intelFPGA/18.1/nios2eds/bin/gnu/H-x86_64-pc-linux-gnu/bin/../lib/gcc/nios2-elf/5.3.0/../../../../../H-x86_64-pc-linux-gnu/nios2-elf/lib/libc.a(lib_a-memmove.o)
                0x0000000020029e50                memmove
 .text          0x0000000020029fac        0x0 /opt/intelFPGA/18.1/nios2eds/bin/gnu/H-x86_64-pc-linux-gnu/bin/../lib/gcc/nios2-elf/5.3.0/../../../../../H-x86_64-pc-linux-gnu/nios2-elf/lib/libc.a(lib_a-readr.o)
 .text._read_r  0x0000000020029fac       0x60 /opt/intelFPGA/18.1/nios2eds/bin/gnu/H-x86_64-pc-linux-gnu/bin/../lib/gcc/nios2-elf/5.3.0/../../../../../H-x86_64-pc-linux-gnu/nios2-elf/lib/libc.a(lib_a-readr.o)
                0x0000000020029fac                _read_r
 .text          0x000000002002a00c        0x0 /opt/intelFPGA/18.1/nios2eds/bin/gnu/H-x86_64-pc-linux-gnu/bin/../lib/gcc/nios2-elf/5.3.0/../../../../../H-x86_64-pc-linux-gnu/nios2-elf/lib/libc.a(lib_a-reallocr.o)
 .text._realloc_r
                0x000000002002a00c      0x564 /opt/intelFPGA/18.1/nios2eds/bin/gnu/H-x86_64-pc-linux-gnu/bin/../lib/gcc/nios2-elf/5.3.0/../../../../../H-x86_64-pc-linux-gnu/nios2-elf/lib/libc.a(lib_a-reallocr.o)
                0x000000002002a00c                _realloc_r
 .text          0x000000002002a570        0x0 /opt/intelFPGA/18.1/nios2eds/bin/gnu/H-x86_64-pc-linux-gnu/bin/../lib/gcc/nios2-elf/5.3.0/../../../../../H-x86_64-pc-linux-gnu/nios2-elf/lib/libc.a(lib_a-wbuf.o)
 .text.__swbuf_r
                0x000000002002a570      0x140 /opt/intelFPGA/18.1/nios2eds/bin/gnu/H-x86_64-pc-linux-gnu/bin/../lib/gcc/nios2-elf/5.3.0/../../../../../H-x86_64-pc-linux-gnu/nios2-elf/lib/libc.a(lib_a-wbuf.o)
                0x000000002002a570                __swbuf_r
 .text.__swbuf  0x000000002002a6b0       0x18 /opt/intelFPGA/18.1/nios2eds/bin/gnu/H-x86_64-pc-linux-gnu/bin/../lib/gcc/nios2-elf/5.3.0/../../../../../H-x86_64-pc-linux-gnu/nios2-elf/lib/libc.a(lib_a-wbuf.o)
                0x000000002002a6b0                __swbuf
 .text          0x000000002002a6c8        0x0 /opt/intelFPGA/18.1/nios2eds/bin/gnu/H-x86_64-pc-linux-gnu/bin/../lib/gcc/nios2-elf/5.3.0/../../../../../H-x86_64-pc-linux-gnu/nios2-elf/lib/libc.a(lib_a-wcrtomb.o)
 .text._wcrtomb_r
                0x000000002002a6c8       0x9c /opt/intelFPGA/18.1/nios2eds/bin/gnu/H-x86_64-pc-linux-gnu/bin/../lib/gcc/nios2-elf/5.3.0/../../../../../H-x86_64-pc-linux-gnu/nios2-elf/lib/libc.a(lib_a-wcrtomb.o)
                0x000000002002a6c8                _wcrtomb_r
 .text.wcrtomb  0x000000002002a764       0xc0 /opt/intelFPGA/18.1/nios2eds/bin/gnu/H-x86_64-pc-linux-gnu/bin/../lib/gcc/nios2-elf/5.3.0/../../../../../H-x86_64-pc-linux-gnu/nios2-elf/lib/libc.a(lib_a-wcrtomb.o)
                0x000000002002a764                wcrtomb
 .text          0x000000002002a824        0x0 /opt/intelFPGA/18.1/nios2eds/bin/gnu/H-x86_64-pc-linux-gnu/bin/../lib/gcc/nios2-elf/5.3.0/../../../../../H-x86_64-pc-linux-gnu/nios2-elf/lib/libc.a(lib_a-wctomb_r.o)
 .text.__ascii_wctomb
                0x000000002002a824       0x30 /opt/intelFPGA/18.1/nios2eds/bin/gnu/H-x86_64-pc-linux-gnu/bin/../lib/gcc/nios2-elf/5.3.0/../../../../../H-x86_64-pc-linux-gnu/nios2-elf/lib/libc.a(lib_a-wctomb_r.o)
                0x000000002002a824                __ascii_wctomb
 .text._wctomb_r
                0x000000002002a854       0x5c /opt/intelFPGA/18.1/nios2eds/bin/gnu/H-x86_64-pc-linux-gnu/bin/../lib/gcc/nios2-elf/5.3.0/../../../../../H-x86_64-pc-linux-gnu/nios2-elf/lib/libc.a(lib_a-wctomb_r.o)
                0x000000002002a854                _wctomb_r
 .text          0x000000002002a8b0      0x578 /opt/intelFPGA/18.1/nios2eds/bin/gnu/H-x86_64-pc-linux-gnu/bin/../lib/gcc/nios2-elf/5.3.0/libgcc.a(_udivdi3.o)
                0x000000002002a8b0                __udivdi3
 .text          0x000000002002ae28      0x538 /opt/intelFPGA/18.1/nios2eds/bin/gnu/H-x86_64-pc-linux-gnu/bin/../lib/gcc/nios2-elf/5.3.0/libgcc.a(_umoddi3.o)
                0x000000002002ae28                __umoddi3
 .text          0x000000002002b360      0x8ac /opt/intelFPGA/18.1/nios2eds/bin/gnu/H-x86_64-pc-linux-gnu/bin/../lib/gcc/nios2-elf/5.3.0/libgcc.a(adddf3.o)
                0x000000002002b360                __adddf3
 .text          0x000000002002bc0c       0x88 /opt/intelFPGA/18.1/nios2eds/bin/gnu/H-x86_64-pc-linux-gnu/bin/../lib/gcc/nios2-elf/5.3.0/libgcc.a(eqdf2.o)
                0x000000002002bc0c                __eqdf2
                0x000000002002bc0c                __nedf2
 .text          0x000000002002bc94       0xdc /opt/intelFPGA/18.1/nios2eds/bin/gnu/H-x86_64-pc-linux-gnu/bin/../lib/gcc/nios2-elf/5.3.0/libgcc.a(gedf2.o)
                0x000000002002bc94                __gtdf2
                0x000000002002bc94                __gedf2
 .text          0x000000002002bd70       0xf4 /opt/intelFPGA/18.1/nios2eds/bin/gnu/H-x86_64-pc-linux-gnu/bin/../lib/gcc/nios2-elf/5.3.0/libgcc.a(ledf2.o)
                0x000000002002bd70                __ltdf2
                0x000000002002bd70                __ledf2
 .text          0x000000002002be64      0x718 /opt/intelFPGA/18.1/nios2eds/bin/gnu/H-x86_64-pc-linux-gnu/bin/../lib/gcc/nios2-elf/5.3.0/libgcc.a(muldf3.o)
                0x000000002002be64                __muldf3
 .text          0x000000002002c57c      0x8fc /opt/intelFPGA/18.1/nios2eds/bin/gnu/H-x86_64-pc-linux-gnu/bin/../lib/gcc/nios2-elf/5.3.0/libgcc.a(subdf3.o)
                0x000000002002c57c                __subdf3
 .text          0x000000002002ce78       0x80 /opt/intelFPGA/18.1/nios2eds/bin/gnu/H-x86_64-pc-linux-gnu/bin/../lib/gcc/nios2-elf/5.3.0/libgcc.a(fixdfsi.o)
                0x000000002002ce78                __fixdfsi
 .text          0x000000002002cef8       0xdc /opt/intelFPGA/18.1/nios2eds/bin/gnu/H-x86_64-pc-linux-gnu/bin/../lib/gcc/nios2-elf/5.3.0/libgcc.a(floatsidf.o)
                0x000000002002cef8                __floatsidf
 .text          0x000000002002cfd4      0x10c ../CPU0_lab3_1_bsp//libucosii_bsp.a(alt_close.o)
                0x000000002002d010                close
 .text          0x000000002002d0e0       0x2c ../CPU0_lab3_1_bsp//libucosii_bsp.a(alt_dev.o)
 .text          0x000000002002d10c        0x0 ../CPU0_lab3_1_bsp//libucosii_bsp.a(alt_errno.o)
 .text          0x000000002002d10c       0xec ../CPU0_lab3_1_bsp//libucosii_bsp.a(alt_fstat.o)
                0x000000002002d148                fstat
 .text          0x000000002002d1f8       0xe0 ../CPU0_lab3_1_bsp//libucosii_bsp.a(alt_isatty.o)
                0x000000002002d234                isatty
 .text          0x000000002002d2d8       0xec ../CPU0_lab3_1_bsp//libucosii_bsp.a(alt_load.o)
                0x000000002002d340                alt_load
 .text          0x000000002002d3c4      0x110 ../CPU0_lab3_1_bsp//libucosii_bsp.a(alt_lseek.o)
                0x000000002002d400                lseek
 .text          0x000000002002d4d4       0xbc ../CPU0_lab3_1_bsp//libucosii_bsp.a(alt_main.o)
                0x000000002002d4d4                alt_main
 .text          0x000000002002d590      0x138 ../CPU0_lab3_1_bsp//libucosii_bsp.a(alt_read.o)
                0x000000002002d5cc                read
 .text          0x000000002002d6c8       0x64 ../CPU0_lab3_1_bsp//libucosii_bsp.a(alt_release_fd.o)
                0x000000002002d6c8                alt_release_fd
 .text          0x000000002002d72c       0xb0 ../CPU0_lab3_1_bsp//libucosii_bsp.a(alt_sbrk.o)
                0x000000002002d72c                sbrk
 .text          0x000000002002d7dc      0x134 ../CPU0_lab3_1_bsp//libucosii_bsp.a(alt_write.o)
                0x000000002002d818                write
 .text          0x000000002002d910      0x124 ../CPU0_lab3_1_bsp//libucosii_bsp.a(alt_env_lock.o)
                0x000000002002d910                __env_lock
                0x000000002002d9d4                __env_unlock
 .text          0x000000002002da34      0x1ec ../CPU0_lab3_1_bsp//libucosii_bsp.a(alt_malloc_lock.o)
                0x000000002002da34                __malloc_lock
                0x000000002002db54                __malloc_unlock
 .text          0x000000002002dc20     0x2014 ../CPU0_lab3_1_bsp//libucosii_bsp.a(os_core.o)
                0x000000002002dc20                OSEventNameGet
                0x000000002002dd40                OSEventNameSet
                0x000000002002de80                OSEventPendMulti
                0x000000002002e490                OSInit
                0x000000002002e4e8                OSIntEnter
                0x000000002002e534                OSIntExit
                0x000000002002e62c                OSSchedLock
                0x000000002002e6b8                OSSchedUnlock
                0x000000002002e794                OSStart
                0x000000002002e804                OSStatInit
                0x000000002002e8b4                OSTimeTick
                0x000000002002ead4                OSVersion
                0x000000002002eaf4                OS_Dummy
                0x000000002002eb14                OS_EventTaskRdy
                0x000000002002ecac                OS_EventTaskWait
                0x000000002002edbc                OS_EventTaskWaitMulti
                0x000000002002ef0c                OS_EventTaskRemove
                0x000000002002efc4                OS_EventTaskRemoveMulti
                0x000000002002f0c4                OS_EventWaitListInit
                0x000000002002f4a4                OS_MemClr
                0x000000002002f4f8                OS_MemCopy
                0x000000002002f560                OS_Sched
                0x000000002002f6a4                OS_StrCopy
                0x000000002002f718                OS_StrLen
                0x000000002002f76c                OS_TaskIdle
                0x000000002002f7c8                OS_TaskStat
                0x000000002002f894                OS_TaskStatStkChk
                0x000000002002f960                OS_TCBInit
 .text          0x000000002002fc34      0x190 ../CPU0_lab3_1_bsp//libucosii_bsp.a(os_dbg.o)
                0x000000002002fc34                OSDebugInit
 .text          0x000000002002fdc4     0x1714 ../CPU0_lab3_1_bsp//libucosii_bsp.a(os_flag.o)
                0x000000002002fdc4                OSFlagAccept
                0x00000000200300cc                OSFlagCreate
                0x00000000200301d4                OSFlagDel
                0x000000002003041c                OSFlagNameGet
                0x0000000020030544                OSFlagNameSet
                0x0000000020030690                OSFlagPend
                0x0000000020030c48                OSFlagPendGetFlagsRdy
                0x0000000020030ca8                OSFlagPost
                0x000000002003103c                OSFlagQuery
                0x0000000020031260                OS_FlagInit
                0x0000000020031434                OS_FlagUnlink
 .text          0x00000000200314d8      0x754 ../CPU0_lab3_1_bsp//libucosii_bsp.a(os_mem.o)
                0x00000000200314d8                OSMemCreate
                0x00000000200316ac                OSMemGet
                0x000000002003179c                OSMemNameGet
                0x000000002003188c                OSMemNameSet
                0x00000000200319a0                OSMemPut
                0x0000000020031a78                OSMemQuery
                0x0000000020031b60                OS_MemInit
 .text          0x0000000020031c2c     0x1104 ../CPU0_lab3_1_bsp//libucosii_bsp.a(os_q.o)
                0x0000000020031c2c                OSQAccept
                0x0000000020031d6c                OSQCreate
                0x0000000020031f18                OSQDel
                0x0000000020032198                OSQFlush
                0x0000000020032250                OSQPend
                0x00000000200324dc                OSQPendAbort
                0x0000000020032648                OSQPost
                0x00000000200327b0                OSQPostFront
                0x0000000020032920                OSQPostOpt
                0x0000000020032b2c                OSQQuery
                0x0000000020032c88                OS_QInit
 .text          0x0000000020032d30      0xa60 ../CPU0_lab3_1_bsp//libucosii_bsp.a(os_sem.o)
                0x0000000020032d30                OSSemAccept
                0x0000000020032de0                OSSemCreate
                0x0000000020032eb8                OSSemDel
                0x00000000200330f8                OSSemPend
                0x0000000020033304                OSSemPendAbort
                0x0000000020033470                OSSemPost
                0x0000000020033580                OSSemQuery
                0x0000000020033690                OSSemSet
 .text          0x0000000020033790     0x176c ../CPU0_lab3_1_bsp//libucosii_bsp.a(os_task.o)
                0x0000000020033790                OSTaskChangePrio
                0x0000000020033c80                OSTaskCreate
                0x0000000020033e2c                OSTaskCreateExt
                0x0000000020034010                OSTaskDel
                0x0000000020034354                OSTaskDelReq
                0x00000000200344a4                OSTaskNameGet
                0x000000002003463c                OSTaskNameSet
                0x00000000200347f0                OSTaskResume
                0x00000000200349c4                OSTaskStkChk
                0x0000000020034b84                OSTaskSuspend
                0x0000000020034d68                OSTaskQuery
                0x0000000020034e8c                OS_TaskStkClr
 .text          0x0000000020034efc      0x4e8 ../CPU0_lab3_1_bsp//libucosii_bsp.a(os_time.o)
                0x0000000020034efc                OSTimeDly
                0x0000000020035000                OSTimeDlyHMSM
                0x0000000020035154                OSTimeDlyResume
                0x0000000020035328                OSTimeGet
                0x0000000020035384                OSTimeSet
 .text          0x00000000200353e4      0x1d4 ../CPU0_lab3_1_bsp//libucosii_bsp.a(alt_sys_init.o)
                0x00000000200354fc                alt_irq_init
                0x0000000020035534                alt_sys_init
 .text          0x00000000200355b8      0x164 ../CPU0_lab3_1_bsp//libucosii_bsp.a(altera_avalon_jtag_uart_fd.o)
                0x00000000200355b8                altera_avalon_jtag_uart_read_fd
                0x0000000020035618                altera_avalon_jtag_uart_write_fd
                0x0000000020035678                altera_avalon_jtag_uart_close_fd
                0x00000000200356c8                altera_avalon_jtag_uart_ioctl_fd
 .text          0x000000002003571c      0x558 ../CPU0_lab3_1_bsp//libucosii_bsp.a(altera_avalon_jtag_uart_init.o)
                0x000000002003571c                altera_avalon_jtag_uart_init
                0x0000000020035c0c                altera_avalon_jtag_uart_close
 .text          0x0000000020035c74       0xf0 ../CPU0_lab3_1_bsp//libucosii_bsp.a(altera_avalon_jtag_uart_ioctl.o)
                0x0000000020035c74                altera_avalon_jtag_uart_ioctl
 .text          0x0000000020035d64      0x2bc ../CPU0_lab3_1_bsp//libucosii_bsp.a(altera_avalon_jtag_uart_read.o)
                0x0000000020035d64                altera_avalon_jtag_uart_read
 .text          0x0000000020036020      0x2c4 ../CPU0_lab3_1_bsp//libucosii_bsp.a(altera_avalon_jtag_uart_write.o)
                0x0000000020036020                altera_avalon_jtag_uart_write
 .text          0x00000000200362e4      0x9c4 ../CPU0_lab3_1_bsp//libucosii_bsp.a(altera_avalon_mailbox_simple.o)
                0x00000000200365cc                altera_avalon_mailbox_simple_init
                0x0000000020036670                altera_avalon_mailbox_open
                0x0000000020036854                altera_avalon_mailbox_close
                0x000000002003696c                altera_avalon_mailbox_status
                0x00000000200369e4                altera_avalon_mailbox_send
                0x0000000020036b6c                altera_avalon_mailbox_retrieve_poll
 .text          0x0000000020036ca8      0x34c ../CPU0_lab3_1_bsp//libucosii_bsp.a(altera_avalon_mutex.o)
                0x0000000020036d60                altera_avalon_mutex_open
                0x0000000020036db4                altera_avalon_mutex_close
                0x0000000020036dd8                altera_avalon_mutex_lock
                0x0000000020036e44                altera_avalon_mutex_trylock
                0x0000000020036ec4                altera_avalon_mutex_unlock
                0x0000000020036f30                altera_avalon_mutex_is_mine
                0x0000000020036fa4                altera_avalon_mutex_first_lock
 .text          0x0000000020036ff4       0xf4 ../CPU0_lab3_1_bsp//libucosii_bsp.a(altera_avalon_timer_sc.o)
                0x000000002003706c                alt_avalon_timer_sc_init
 .text          0x00000000200370e8      0x12c ../CPU0_lab3_1_bsp//libucosii_bsp.a(alt_alarm_start.o)
                0x00000000200370e8                alt_alarm_start
 .text          0x0000000020037214       0x48 ../CPU0_lab3_1_bsp//libucosii_bsp.a(alt_dcache_flush_all.o)
                0x0000000020037214                alt_dcache_flush_all
 .text          0x000000002003725c       0xe0 ../CPU0_lab3_1_bsp//libucosii_bsp.a(alt_dev_llist_insert.o)
                0x0000000020037298                alt_dev_llist_insert
 .text          0x000000002003733c       0x60 ../CPU0_lab3_1_bsp//libucosii_bsp.a(alt_do_ctors.o)
                0x000000002003733c                _do_ctors
 .text          0x000000002003739c       0x60 ../CPU0_lab3_1_bsp//libucosii_bsp.a(alt_do_dtors.o)
                0x000000002003739c                _do_dtors
 .text          0x00000000200373fc       0x90 ../CPU0_lab3_1_bsp//libucosii_bsp.a(alt_find_dev.o)
                0x00000000200373fc                alt_find_dev
 .text          0x000000002003748c       0x34 ../CPU0_lab3_1_bsp//libucosii_bsp.a(alt_icache_flush_all.o)
                0x000000002003748c                alt_icache_flush_all
 .text          0x00000000200374c0      0x1b0 ../CPU0_lab3_1_bsp//libucosii_bsp.a(alt_iic.o)
                0x00000000200374c0                alt_ic_isr_register
                0x0000000020037510                alt_ic_irq_enable
                0x0000000020037598                alt_ic_irq_disable
                0x0000000020037624                alt_ic_irq_enabled
 .text          0x0000000020037670       0xf0 ../CPU0_lab3_1_bsp//libucosii_bsp.a(alt_iic_isr_register.o)
                0x0000000020037670                alt_iic_isr_register
 .text          0x0000000020037760      0x140 ../CPU0_lab3_1_bsp//libucosii_bsp.a(alt_io_redirect.o)
                0x0000000020037824                alt_io_redirect
 .text          0x00000000200378a0        0x0 ../CPU0_lab3_1_bsp//libucosii_bsp.a(alt_irq_entry.o)
 .text          0x00000000200378a0        0x0 ../CPU0_lab3_1_bsp//libucosii_bsp.a(alt_irq_handler.o)
 .text          0x00000000200378a0        0x0 ../CPU0_lab3_1_bsp//libucosii_bsp.a(alt_irq_vars.o)
 .text          0x00000000200378a0      0x254 ../CPU0_lab3_1_bsp//libucosii_bsp.a(alt_open.o)
                0x00000000200379a0                open
 .text          0x0000000020037af4      0x1a4 ../CPU0_lab3_1_bsp//libucosii_bsp.a(alt_tick.o)
                0x0000000020037af4                alt_alarm_stop
                0x0000000020037b90                alt_tick
 .text          0x0000000020037c98       0x24 ../CPU0_lab3_1_bsp//libucosii_bsp.a(altera_nios2_gen2_irq.o)
                0x0000000020037c98                altera_nios2_gen2_irq_init
 .text          0x0000000020037cbc       0xd0 ../CPU0_lab3_1_bsp//libucosii_bsp.a(os_cpu_a.o)
                0x0000000020037cbc                OSCtxSw
                0x0000000020037cbc                OSIntCtxSw
                0x0000000020037d48                OSStartHighRdy
                0x0000000020037d68                OSStartTsk
 .text          0x0000000020037d8c      0x288 ../CPU0_lab3_1_bsp//libucosii_bsp.a(os_cpu_c.o)
                0x0000000020037d8c                OSTaskStkInit
                0x0000000020037ee8                OSTaskCreateHook
                0x0000000020037f0c                OSTaskDelHook
                0x0000000020037f30                OSTaskSwHook
                0x0000000020037f50                OSTaskStatHook
                0x0000000020037f70                OSTimeTickHook
                0x0000000020037f90                OSInitHookBegin
                0x0000000020037fb0                OSInitHookEnd
                0x0000000020037fd0                OSTaskIdleHook
                0x0000000020037ff0                OSTCBInitHook
 .text          0x0000000020038014        0x0 ../CPU0_lab3_1_bsp//libucosii_bsp.a(alt_exception_entry.o)
 .text          0x0000000020038014      0x108 ../CPU0_lab3_1_bsp//libucosii_bsp.a(alt_find_file.o)
                0x0000000020038014                alt_find_file
 .text          0x000000002003811c       0xdc ../CPU0_lab3_1_bsp//libucosii_bsp.a(alt_get_fd.o)
                0x000000002003811c                alt_get_fd
 .text          0x00000000200381f8       0x90 ../CPU0_lab3_1_bsp//libucosii_bsp.a(alt_icache_flush.o)
                0x00000000200381f8                alt_icache_flush
 .text          0x0000000020038288       0x9c ../CPU0_lab3_1_bsp//libucosii_bsp.a(alt_instruction_exception_entry.o)
                0x0000000020038288                alt_exception_cause_generated_bad_addr
 .text          0x0000000020038324        0x0 /opt/intelFPGA/18.1/nios2eds/bin/gnu/H-x86_64-pc-linux-gnu/bin/../lib/gcc/nios2-elf/5.3.0/../../../../../H-x86_64-pc-linux-gnu/nios2-elf/lib/libc.a(lib_a-atexit.o)
 .text.atexit   0x0000000020038324       0x14 /opt/intelFPGA/18.1/nios2eds/bin/gnu/H-x86_64-pc-linux-gnu/bin/../lib/gcc/nios2-elf/5.3.0/../../../../../H-x86_64-pc-linux-gnu/nios2-elf/lib/libc.a(lib_a-atexit.o)
                0x0000000020038324                atexit
 .text          0x0000000020038338        0x0 /opt/intelFPGA/18.1/nios2eds/bin/gnu/H-x86_64-pc-linux-gnu/bin/../lib/gcc/nios2-elf/5.3.0/../../../../../H-x86_64-pc-linux-gnu/nios2-elf/lib/libc.a(lib_a-exit.o)
 .text.exit     0x0000000020038338       0x38 /opt/intelFPGA/18.1/nios2eds/bin/gnu/H-x86_64-pc-linux-gnu/bin/../lib/gcc/nios2-elf/5.3.0/../../../../../H-x86_64-pc-linux-gnu/nios2-elf/lib/libc.a(lib_a-exit.o)
                0x0000000020038338                exit
 .text          0x0000000020038370        0x0 /opt/intelFPGA/18.1/nios2eds/bin/gnu/H-x86_64-pc-linux-gnu/bin/../lib/gcc/nios2-elf/5.3.0/../../../../../H-x86_64-pc-linux-gnu/nios2-elf/lib/libc.a(lib_a-memcmp.o)
 .text.memcmp   0x0000000020038370       0x7c /opt/intelFPGA/18.1/nios2eds/bin/gnu/H-x86_64-pc-linux-gnu/bin/../lib/gcc/nios2-elf/5.3.0/../../../../../H-x86_64-pc-linux-gnu/nios2-elf/lib/libc.a(lib_a-memcmp.o)
                0x0000000020038370                memcmp
 .text          0x00000000200383ec        0x0 /opt/intelFPGA/18.1/nios2eds/bin/gnu/H-x86_64-pc-linux-gnu/bin/../lib/gcc/nios2-elf/5.3.0/../../../../../H-x86_64-pc-linux-gnu/nios2-elf/lib/libc.a(lib_a-__atexit.o)
 .text.__register_exitproc
                0x00000000200383ec      0x118 /opt/intelFPGA/18.1/nios2eds/bin/gnu/H-x86_64-pc-linux-gnu/bin/../lib/gcc/nios2-elf/5.3.0/../../../../../H-x86_64-pc-linux-gnu/nios2-elf/lib/libc.a(lib_a-__atexit.o)
                0x00000000200383ec                __register_exitproc
 .text          0x0000000020038504        0x0 /opt/intelFPGA/18.1/nios2eds/bin/gnu/H-x86_64-pc-linux-gnu/bin/../lib/gcc/nios2-elf/5.3.0/../../../../../H-x86_64-pc-linux-gnu/nios2-elf/lib/libc.a(lib_a-__call_atexit.o)
 .text.__call_exitprocs
                0x0000000020038504      0x180 /opt/intelFPGA/18.1/nios2eds/bin/gnu/H-x86_64-pc-linux-gnu/bin/../lib/gcc/nios2-elf/5.3.0/../../../../../H-x86_64-pc-linux-gnu/nios2-elf/lib/libc.a(lib_a-__call_atexit.o)
                0x0000000020038504                __call_exitprocs
 .text          0x0000000020038684       0x34 ../CPU0_lab3_1_bsp//libucosii_bsp.a(alt_exit.o)
                0x0000000020038684                _exit
 *(.gnu.warning.*)
 *(.fini)
                [!provide]                        PROVIDE (__etext, ABSOLUTE (.))
                [!provide]                        PROVIDE (_etext, ABSOLUTE (.))
                [!provide]                        PROVIDE (etext, ABSOLUTE (.))
 *(.eh_frame_hdr)
                0x00000000200386b8                . = ALIGN (0x4)
                [!provide]                        PROVIDE (__preinit_array_start, ABSOLUTE (.))
 *(.preinit_array)
                [!provide]                        PROVIDE (__preinit_array_end, ABSOLUTE (.))
                [!provide]                        PROVIDE (__init_array_start, ABSOLUTE (.))
 *(.init_array)
                [!provide]                        PROVIDE (__init_array_end, ABSOLUTE (.))
                [!provide]                        PROVIDE (__fini_array_start, ABSOLUTE (.))
 *(.fini_array)
                [!provide]                        PROVIDE (__fini_array_end, ABSOLUTE (.))
 *(.eh_frame)
 *(.gcc_except_table .gcc_except_table.*)
 *(.dynamic)
                0x00000000200386b8                PROVIDE (__CTOR_LIST__, ABSOLUTE (.))
 *(.ctors)
 *(SORT(.ctors.*))
                0x00000000200386b8                PROVIDE (__CTOR_END__, ABSOLUTE (.))
                0x00000000200386b8                PROVIDE (__DTOR_LIST__, ABSOLUTE (.))
 *(.dtors)
 *(SORT(.dtors.*))
                0x00000000200386b8                PROVIDE (__DTOR_END__, ABSOLUTE (.))
 *(.jcr)
                0x00000000200386b8                . = ALIGN (0x4)

.rodata         0x00000000200386b8      0x5b8
                0x00000000200386b8                PROVIDE (__ram_rodata_start, ABSOLUTE (.))
                0x00000000200386b8                . = ALIGN (0x4)
 *(.rodata .rodata.* .gnu.linkonce.r.*)
 .rodata        0x00000000200386b8      0x15f obj/default/CPU0_main.o
 .rodata        0x0000000020038817      0x100 /opt/intelFPGA/18.1/nios2eds/bin/gnu/H-x86_64-pc-linux-gnu/bin/../lib/gcc/nios2-elf/5.3.0/libgcc.a(_clz.o)
                0x0000000020038817                __clz_tab
 *fill*         0x0000000020038917        0x1 
 .rodata.str1.4
                0x0000000020038918       0x42 /opt/intelFPGA/18.1/nios2eds/bin/gnu/H-x86_64-pc-linux-gnu/bin/../lib/gcc/nios2-elf/5.3.0/../../../../../H-x86_64-pc-linux-gnu/nios2-elf/lib/libc.a(lib_a-vfprintf.o)
 .rodata.zeroes.4404
                0x000000002003895a       0x10 /opt/intelFPGA/18.1/nios2eds/bin/gnu/H-x86_64-pc-linux-gnu/bin/../lib/gcc/nios2-elf/5.3.0/../../../../../H-x86_64-pc-linux-gnu/nios2-elf/lib/libc.a(lib_a-vfprintf.o)
 .rodata.blanks.4403
                0x000000002003896a       0x10 /opt/intelFPGA/18.1/nios2eds/bin/gnu/H-x86_64-pc-linux-gnu/bin/../lib/gcc/nios2-elf/5.3.0/../../../../../H-x86_64-pc-linux-gnu/nios2-elf/lib/libc.a(lib_a-vfprintf.o)
 *fill*         0x000000002003897a        0x2 
 .rodata.str1.4
                0x000000002003897c       0x10 /opt/intelFPGA/18.1/nios2eds/bin/gnu/H-x86_64-pc-linux-gnu/bin/../lib/gcc/nios2-elf/5.3.0/../../../../../H-x86_64-pc-linux-gnu/nios2-elf/lib/libc.a(lib_a-dtoa.o)
                                         0x12 (size before relaxing)
 .rodata.str1.4
                0x000000002003898c        0x2 /opt/intelFPGA/18.1/nios2eds/bin/gnu/H-x86_64-pc-linux-gnu/bin/../lib/gcc/nios2-elf/5.3.0/../../../../../H-x86_64-pc-linux-gnu/nios2-elf/lib/libc.a(lib_a-impure.o)
 *fill*         0x000000002003898e        0x2 
 .rodata.str1.4
                0x0000000020038990        0xc /opt/intelFPGA/18.1/nios2eds/bin/gnu/H-x86_64-pc-linux-gnu/bin/../lib/gcc/nios2-elf/5.3.0/../../../../../H-x86_64-pc-linux-gnu/nios2-elf/lib/libc.a(lib_a-locale.o)
                                         0x12 (size before relaxing)
 .rodata.p05.2768
                0x000000002003899c        0xc /opt/intelFPGA/18.1/nios2eds/bin/gnu/H-x86_64-pc-linux-gnu/bin/../lib/gcc/nios2-elf/5.3.0/../../../../../H-x86_64-pc-linux-gnu/nios2-elf/lib/libc.a(lib_a-mprec.o)
 .rodata.__mprec_tinytens
                0x00000000200389a8       0x28 /opt/intelFPGA/18.1/nios2eds/bin/gnu/H-x86_64-pc-linux-gnu/bin/../lib/gcc/nios2-elf/5.3.0/../../../../../H-x86_64-pc-linux-gnu/nios2-elf/lib/libc.a(lib_a-mprec.o)
                0x00000000200389a8                __mprec_tinytens
 .rodata.__mprec_bigtens
                0x00000000200389d0       0x28 /opt/intelFPGA/18.1/nios2eds/bin/gnu/H-x86_64-pc-linux-gnu/bin/../lib/gcc/nios2-elf/5.3.0/../../../../../H-x86_64-pc-linux-gnu/nios2-elf/lib/libc.a(lib_a-mprec.o)
                0x00000000200389d0                __mprec_bigtens
 .rodata.__mprec_tens
                0x00000000200389f8       0xc8 /opt/intelFPGA/18.1/nios2eds/bin/gnu/H-x86_64-pc-linux-gnu/bin/../lib/gcc/nios2-elf/5.3.0/../../../../../H-x86_64-pc-linux-gnu/nios2-elf/lib/libc.a(lib_a-mprec.o)
                0x00000000200389f8                __mprec_tens
 .rodata.str1.4
                0x0000000020038ac0       0x2f /opt/intelFPGA/18.1/nios2eds/bin/gnu/H-x86_64-pc-linux-gnu/bin/../lib/gcc/nios2-elf/5.3.0/../../../../../H-x86_64-pc-linux-gnu/nios2-elf/lib/libc.a(lib_a-vfiprintf.o)
 .rodata.zeroes.4349
                0x0000000020038ac0       0x10 /opt/intelFPGA/18.1/nios2eds/bin/gnu/H-x86_64-pc-linux-gnu/bin/../lib/gcc/nios2-elf/5.3.0/../../../../../H-x86_64-pc-linux-gnu/nios2-elf/lib/libc.a(lib_a-vfiprintf.o)
 .rodata.blanks.4348
                0x0000000020038ad0       0x10 /opt/intelFPGA/18.1/nios2eds/bin/gnu/H-x86_64-pc-linux-gnu/bin/../lib/gcc/nios2-elf/5.3.0/../../../../../H-x86_64-pc-linux-gnu/nios2-elf/lib/libc.a(lib_a-vfiprintf.o)
 .rodata        0x0000000020038ae0        0xa ../CPU0_lab3_1_bsp//libucosii_bsp.a(alt_dev.o)
 *fill*         0x0000000020038aea        0x2 
 .rodata        0x0000000020038aec       0x19 ../CPU0_lab3_1_bsp//libucosii_bsp.a(alt_main.o)
 *fill*         0x0000000020038b05        0x3 
 .rodata        0x0000000020038b08      0x11e ../CPU0_lab3_1_bsp//libucosii_bsp.a(os_core.o)
                0x0000000020038b08                OSUnMapTbl
 *fill*         0x0000000020038c26        0x2 
 .rodata        0x0000000020038c28       0x41 ../CPU0_lab3_1_bsp//libucosii_bsp.a(alt_sys_init.o)
 *fill*         0x0000000020038c69        0x3 
 .rodata        0x0000000020038c6c        0x2 ../CPU0_lab3_1_bsp//libucosii_bsp.a(os_cpu_c.o)
 *(.rodata1)
                0x0000000020038c70                . = ALIGN (0x4)
 *fill*         0x0000000020038c6e        0x2 
                0x0000000020038c70                PROVIDE (__ram_rodata_end, ABSOLUTE (.))
                0x00000000200386b8                PROVIDE (__flash_rodata_start, LOADADDR (.rodata))

.rwdata         0x0000000020038c70     0x1bf0 load address 0x000000002003a860
                0x0000000020038c70                PROVIDE (__ram_rwdata_start, ABSOLUTE (.))
                0x0000000020038c70                . = ALIGN (0x4)
 *(.got.plt)
 *(.got)
 *(.data1)
 *(.data .data.* .gnu.linkonce.d.*)
 .data          0x0000000020038c70        0x0 ../CPU0_lab3_1_bsp//obj/HAL/src/crt0.o
 .data          0x0000000020038c70        0x0 obj/default/CPU0_main.o
 .data          0x0000000020038c70        0x0 /opt/intelFPGA/18.1/nios2eds/bin/gnu/H-x86_64-pc-linux-gnu/bin/../lib/gcc/nios2-elf/5.3.0/libgcc.a(divdf3.o)
 .data          0x0000000020038c70        0x0 /opt/intelFPGA/18.1/nios2eds/bin/gnu/H-x86_64-pc-linux-gnu/bin/../lib/gcc/nios2-elf/5.3.0/libgcc.a(floatunsidf.o)
 .data          0x0000000020038c70        0x0 /opt/intelFPGA/18.1/nios2eds/bin/gnu/H-x86_64-pc-linux-gnu/bin/../lib/gcc/nios2-elf/5.3.0/libgcc.a(_clzsi2.o)
 .data          0x0000000020038c70        0x0 /opt/intelFPGA/18.1/nios2eds/bin/gnu/H-x86_64-pc-linux-gnu/bin/../lib/gcc/nios2-elf/5.3.0/libgcc.a(lib2-divmod.o)
 .data          0x0000000020038c70        0x0 /opt/intelFPGA/18.1/nios2eds/bin/gnu/H-x86_64-pc-linux-gnu/bin/../lib/gcc/nios2-elf/5.3.0/libgcc.a(_clz.o)
 .data          0x0000000020038c70        0x0 /opt/intelFPGA/18.1/nios2eds/bin/gnu/H-x86_64-pc-linux-gnu/bin/../lib/gcc/nios2-elf/5.3.0/../../../../../H-x86_64-pc-linux-gnu/nios2-elf/lib/libc.a(lib_a-printf.o)
 .data          0x0000000020038c70        0x0 /opt/intelFPGA/18.1/nios2eds/bin/gnu/H-x86_64-pc-linux-gnu/bin/../lib/gcc/nios2-elf/5.3.0/../../../../../H-x86_64-pc-linux-gnu/nios2-elf/lib/libc.a(lib_a-vfprintf.o)
 .data          0x0000000020038c70        0x0 /opt/intelFPGA/18.1/nios2eds/bin/gnu/H-x86_64-pc-linux-gnu/bin/../lib/gcc/nios2-elf/5.3.0/../../../../../H-x86_64-pc-linux-gnu/nios2-elf/lib/libc.a(lib_a-wsetup.o)
 .data          0x0000000020038c70        0x0 /opt/intelFPGA/18.1/nios2eds/bin/gnu/H-x86_64-pc-linux-gnu/bin/../lib/gcc/nios2-elf/5.3.0/../../../../../H-x86_64-pc-linux-gnu/nios2-elf/lib/libc.a(lib_a-dtoa.o)
 .data          0x0000000020038c70        0x0 /opt/intelFPGA/18.1/nios2eds/bin/gnu/H-x86_64-pc-linux-gnu/bin/../lib/gcc/nios2-elf/5.3.0/../../../../../H-x86_64-pc-linux-gnu/nios2-elf/lib/libc.a(lib_a-fflush.o)
 .data          0x0000000020038c70        0x0 /opt/intelFPGA/18.1/nios2eds/bin/gnu/H-x86_64-pc-linux-gnu/bin/../lib/gcc/nios2-elf/5.3.0/../../../../../H-x86_64-pc-linux-gnu/nios2-elf/lib/libc.a(lib_a-findfp.o)
 .data          0x0000000020038c70        0x0 /opt/intelFPGA/18.1/nios2eds/bin/gnu/H-x86_64-pc-linux-gnu/bin/../lib/gcc/nios2-elf/5.3.0/../../../../../H-x86_64-pc-linux-gnu/nios2-elf/lib/libc.a(lib_a-freer.o)
 .data          0x0000000020038c70        0x0 /opt/intelFPGA/18.1/nios2eds/bin/gnu/H-x86_64-pc-linux-gnu/bin/../lib/gcc/nios2-elf/5.3.0/../../../../../H-x86_64-pc-linux-gnu/nios2-elf/lib/libc.a(lib_a-fwalk.o)
 .data          0x0000000020038c70        0x0 /opt/intelFPGA/18.1/nios2eds/bin/gnu/H-x86_64-pc-linux-gnu/bin/../lib/gcc/nios2-elf/5.3.0/../../../../../H-x86_64-pc-linux-gnu/nios2-elf/lib/libc.a(lib_a-impure.o)
 .data.impure_data
                0x0000000020038c70      0x424 /opt/intelFPGA/18.1/nios2eds/bin/gnu/H-x86_64-pc-linux-gnu/bin/../lib/gcc/nios2-elf/5.3.0/../../../../../H-x86_64-pc-linux-gnu/nios2-elf/lib/libc.a(lib_a-impure.o)
 .data          0x0000000020039094        0x0 /opt/intelFPGA/18.1/nios2eds/bin/gnu/H-x86_64-pc-linux-gnu/bin/../lib/gcc/nios2-elf/5.3.0/../../../../../H-x86_64-pc-linux-gnu/nios2-elf/lib/libc.a(lib_a-locale.o)
 .data.lc_message_charset
                0x0000000020039094       0x20 /opt/intelFPGA/18.1/nios2eds/bin/gnu/H-x86_64-pc-linux-gnu/bin/../lib/gcc/nios2-elf/5.3.0/../../../../../H-x86_64-pc-linux-gnu/nios2-elf/lib/libc.a(lib_a-locale.o)
 .data.lc_ctype_charset
                0x00000000200390b4       0x20 /opt/intelFPGA/18.1/nios2eds/bin/gnu/H-x86_64-pc-linux-gnu/bin/../lib/gcc/nios2-elf/5.3.0/../../../../../H-x86_64-pc-linux-gnu/nios2-elf/lib/libc.a(lib_a-locale.o)
 .data.lconv    0x00000000200390d4       0x38 /opt/intelFPGA/18.1/nios2eds/bin/gnu/H-x86_64-pc-linux-gnu/bin/../lib/gcc/nios2-elf/5.3.0/../../../../../H-x86_64-pc-linux-gnu/nios2-elf/lib/libc.a(lib_a-locale.o)
 .data          0x000000002003910c        0x0 /opt/intelFPGA/18.1/nios2eds/bin/gnu/H-x86_64-pc-linux-gnu/bin/../lib/gcc/nios2-elf/5.3.0/../../../../../H-x86_64-pc-linux-gnu/nios2-elf/lib/libc.a(lib_a-makebuf.o)
 .data          0x000000002003910c        0x0 /opt/intelFPGA/18.1/nios2eds/bin/gnu/H-x86_64-pc-linux-gnu/bin/../lib/gcc/nios2-elf/5.3.0/../../../../../H-x86_64-pc-linux-gnu/nios2-elf/lib/libc.a(lib_a-mallocr.o)
 .data.__malloc_av_
                0x000000002003910c      0x408 /opt/intelFPGA/18.1/nios2eds/bin/gnu/H-x86_64-pc-linux-gnu/bin/../lib/gcc/nios2-elf/5.3.0/../../../../../H-x86_64-pc-linux-gnu/nios2-elf/lib/libc.a(lib_a-mallocr.o)
                0x000000002003910c                __malloc_av_
 .data          0x0000000020039514        0x0 /opt/intelFPGA/18.1/nios2eds/bin/gnu/H-x86_64-pc-linux-gnu/bin/../lib/gcc/nios2-elf/5.3.0/../../../../../H-x86_64-pc-linux-gnu/nios2-elf/lib/libc.a(lib_a-memchr.o)
 .data          0x0000000020039514        0x0 /opt/intelFPGA/18.1/nios2eds/bin/gnu/H-x86_64-pc-linux-gnu/bin/../lib/gcc/nios2-elf/5.3.0/../../../../../H-x86_64-pc-linux-gnu/nios2-elf/lib/libc.a(lib_a-memcpy.o)
 .data          0x0000000020039514        0x0 /opt/intelFPGA/18.1/nios2eds/bin/gnu/H-x86_64-pc-linux-gnu/bin/../lib/gcc/nios2-elf/5.3.0/../../../../../H-x86_64-pc-linux-gnu/nios2-elf/lib/libc.a(lib_a-memset.o)
 .data          0x0000000020039514        0x0 /opt/intelFPGA/18.1/nios2eds/bin/gnu/H-x86_64-pc-linux-gnu/bin/../lib/gcc/nios2-elf/5.3.0/../../../../../H-x86_64-pc-linux-gnu/nios2-elf/lib/libc.a(lib_a-mprec.o)
 .data          0x0000000020039514        0x0 /opt/intelFPGA/18.1/nios2eds/bin/gnu/H-x86_64-pc-linux-gnu/bin/../lib/gcc/nios2-elf/5.3.0/../../../../../H-x86_64-pc-linux-gnu/nios2-elf/lib/libc.a(lib_a-s_fpclassify.o)
 .data          0x0000000020039514        0x0 /opt/intelFPGA/18.1/nios2eds/bin/gnu/H-x86_64-pc-linux-gnu/bin/../lib/gcc/nios2-elf/5.3.0/../../../../../H-x86_64-pc-linux-gnu/nios2-elf/lib/libc.a(lib_a-sbrkr.o)
 .data          0x0000000020039514        0x0 /opt/intelFPGA/18.1/nios2eds/bin/gnu/H-x86_64-pc-linux-gnu/bin/../lib/gcc/nios2-elf/5.3.0/../../../../../H-x86_64-pc-linux-gnu/nios2-elf/lib/libc.a(lib_a-stdio.o)
 .data          0x0000000020039514        0x0 /opt/intelFPGA/18.1/nios2eds/bin/gnu/H-x86_64-pc-linux-gnu/bin/../lib/gcc/nios2-elf/5.3.0/../../../../../H-x86_64-pc-linux-gnu/nios2-elf/lib/libc.a(lib_a-strcmp.o)
 .data          0x0000000020039514        0x0 /opt/intelFPGA/18.1/nios2eds/bin/gnu/H-x86_64-pc-linux-gnu/bin/../lib/gcc/nios2-elf/5.3.0/../../../../../H-x86_64-pc-linux-gnu/nios2-elf/lib/libc.a(lib_a-strlen.o)
 .data          0x0000000020039514        0x0 /opt/intelFPGA/18.1/nios2eds/bin/gnu/H-x86_64-pc-linux-gnu/bin/../lib/gcc/nios2-elf/5.3.0/../../../../../H-x86_64-pc-linux-gnu/nios2-elf/lib/libc.a(lib_a-vfiprintf.o)
 .data          0x0000000020039514        0x0 /opt/intelFPGA/18.1/nios2eds/bin/gnu/H-x86_64-pc-linux-gnu/bin/../lib/gcc/nios2-elf/5.3.0/../../../../../H-x86_64-pc-linux-gnu/nios2-elf/lib/libc.a(lib_a-writer.o)
 .data          0x0000000020039514        0x0 /opt/intelFPGA/18.1/nios2eds/bin/gnu/H-x86_64-pc-linux-gnu/bin/../lib/gcc/nios2-elf/5.3.0/../../../../../H-x86_64-pc-linux-gnu/nios2-elf/lib/libc.a(closer.o)
 .data          0x0000000020039514        0x0 /opt/intelFPGA/18.1/nios2eds/bin/gnu/H-x86_64-pc-linux-gnu/bin/../lib/gcc/nios2-elf/5.3.0/../../../../../H-x86_64-pc-linux-gnu/nios2-elf/lib/libc.a(lib_a-callocr.o)
 .data          0x0000000020039514        0x0 /opt/intelFPGA/18.1/nios2eds/bin/gnu/H-x86_64-pc-linux-gnu/bin/../lib/gcc/nios2-elf/5.3.0/../../../../../H-x86_64-pc-linux-gnu/nios2-elf/lib/libc.a(lib_a-fclose.o)
 .data          0x0000000020039514        0x0 /opt/intelFPGA/18.1/nios2eds/bin/gnu/H-x86_64-pc-linux-gnu/bin/../lib/gcc/nios2-elf/5.3.0/../../../../../H-x86_64-pc-linux-gnu/nios2-elf/lib/libc.a(lib_a-fputwc.o)
 .data          0x0000000020039514        0x0 /opt/intelFPGA/18.1/nios2eds/bin/gnu/H-x86_64-pc-linux-gnu/bin/../lib/gcc/nios2-elf/5.3.0/../../../../../H-x86_64-pc-linux-gnu/nios2-elf/lib/libc.a(lib_a-fstatr.o)
 .data          0x0000000020039514        0x0 /opt/intelFPGA/18.1/nios2eds/bin/gnu/H-x86_64-pc-linux-gnu/bin/../lib/gcc/nios2-elf/5.3.0/../../../../../H-x86_64-pc-linux-gnu/nios2-elf/lib/libc.a(lib_a-fvwrite.o)
 .data          0x0000000020039514        0x0 /opt/intelFPGA/18.1/nios2eds/bin/gnu/H-x86_64-pc-linux-gnu/bin/../lib/gcc/nios2-elf/5.3.0/../../../../../H-x86_64-pc-linux-gnu/nios2-elf/lib/libc.a(lib_a-int_errno.o)
 .data          0x0000000020039514        0x0 /opt/intelFPGA/18.1/nios2eds/bin/gnu/H-x86_64-pc-linux-gnu/bin/../lib/gcc/nios2-elf/5.3.0/../../../../../H-x86_64-pc-linux-gnu/nios2-elf/lib/libc.a(lib_a-isattyr.o)
 .data          0x0000000020039514        0x0 /opt/intelFPGA/18.1/nios2eds/bin/gnu/H-x86_64-pc-linux-gnu/bin/../lib/gcc/nios2-elf/5.3.0/../../../../../H-x86_64-pc-linux-gnu/nios2-elf/lib/libc.a(lib_a-lseekr.o)
 .data          0x0000000020039514        0x0 /opt/intelFPGA/18.1/nios2eds/bin/gnu/H-x86_64-pc-linux-gnu/bin/../lib/gcc/nios2-elf/5.3.0/../../../../../H-x86_64-pc-linux-gnu/nios2-elf/lib/libc.a(lib_a-memmove.o)
 .data          0x0000000020039514        0x0 /opt/intelFPGA/18.1/nios2eds/bin/gnu/H-x86_64-pc-linux-gnu/bin/../lib/gcc/nios2-elf/5.3.0/../../../../../H-x86_64-pc-linux-gnu/nios2-elf/lib/libc.a(lib_a-readr.o)
 .data          0x0000000020039514        0x0 /opt/intelFPGA/18.1/nios2eds/bin/gnu/H-x86_64-pc-linux-gnu/bin/../lib/gcc/nios2-elf/5.3.0/../../../../../H-x86_64-pc-linux-gnu/nios2-elf/lib/libc.a(lib_a-reallocr.o)
 .data          0x0000000020039514        0x0 /opt/intelFPGA/18.1/nios2eds/bin/gnu/H-x86_64-pc-linux-gnu/bin/../lib/gcc/nios2-elf/5.3.0/../../../../../H-x86_64-pc-linux-gnu/nios2-elf/lib/libc.a(lib_a-wbuf.o)
 .data          0x0000000020039514        0x0 /opt/intelFPGA/18.1/nios2eds/bin/gnu/H-x86_64-pc-linux-gnu/bin/../lib/gcc/nios2-elf/5.3.0/../../../../../H-x86_64-pc-linux-gnu/nios2-elf/lib/libc.a(lib_a-wcrtomb.o)
 .data          0x0000000020039514        0x0 /opt/intelFPGA/18.1/nios2eds/bin/gnu/H-x86_64-pc-linux-gnu/bin/../lib/gcc/nios2-elf/5.3.0/../../../../../H-x86_64-pc-linux-gnu/nios2-elf/lib/libc.a(lib_a-wctomb_r.o)
 .data          0x0000000020039514        0x0 /opt/intelFPGA/18.1/nios2eds/bin/gnu/H-x86_64-pc-linux-gnu/bin/../lib/gcc/nios2-elf/5.3.0/libgcc.a(_udivdi3.o)
 .data          0x0000000020039514        0x0 /opt/intelFPGA/18.1/nios2eds/bin/gnu/H-x86_64-pc-linux-gnu/bin/../lib/gcc/nios2-elf/5.3.0/libgcc.a(_umoddi3.o)
 .data          0x0000000020039514        0x0 /opt/intelFPGA/18.1/nios2eds/bin/gnu/H-x86_64-pc-linux-gnu/bin/../lib/gcc/nios2-elf/5.3.0/libgcc.a(adddf3.o)
 .data          0x0000000020039514        0x0 /opt/intelFPGA/18.1/nios2eds/bin/gnu/H-x86_64-pc-linux-gnu/bin/../lib/gcc/nios2-elf/5.3.0/libgcc.a(eqdf2.o)
 .data          0x0000000020039514        0x0 /opt/intelFPGA/18.1/nios2eds/bin/gnu/H-x86_64-pc-linux-gnu/bin/../lib/gcc/nios2-elf/5.3.0/libgcc.a(gedf2.o)
 .data          0x0000000020039514        0x0 /opt/intelFPGA/18.1/nios2eds/bin/gnu/H-x86_64-pc-linux-gnu/bin/../lib/gcc/nios2-elf/5.3.0/libgcc.a(ledf2.o)
 .data          0x0000000020039514        0x0 /opt/intelFPGA/18.1/nios2eds/bin/gnu/H-x86_64-pc-linux-gnu/bin/../lib/gcc/nios2-elf/5.3.0/libgcc.a(muldf3.o)
 .data          0x0000000020039514        0x0 /opt/intelFPGA/18.1/nios2eds/bin/gnu/H-x86_64-pc-linux-gnu/bin/../lib/gcc/nios2-elf/5.3.0/libgcc.a(subdf3.o)
 .data          0x0000000020039514        0x0 /opt/intelFPGA/18.1/nios2eds/bin/gnu/H-x86_64-pc-linux-gnu/bin/../lib/gcc/nios2-elf/5.3.0/libgcc.a(fixdfsi.o)
 .data          0x0000000020039514        0x0 /opt/intelFPGA/18.1/nios2eds/bin/gnu/H-x86_64-pc-linux-gnu/bin/../lib/gcc/nios2-elf/5.3.0/libgcc.a(floatsidf.o)
 .data          0x0000000020039514        0x0 ../CPU0_lab3_1_bsp//libucosii_bsp.a(alt_close.o)
 .data          0x0000000020039514      0x1a8 ../CPU0_lab3_1_bsp//libucosii_bsp.a(alt_dev.o)
                0x0000000020039514                alt_dev_null
                0x000000002003953c                alt_fd_list
 .data          0x00000000200396bc        0x0 ../CPU0_lab3_1_bsp//libucosii_bsp.a(alt_errno.o)
 .data          0x00000000200396bc        0x0 ../CPU0_lab3_1_bsp//libucosii_bsp.a(alt_fstat.o)
 .data          0x00000000200396bc        0x0 ../CPU0_lab3_1_bsp//libucosii_bsp.a(alt_isatty.o)
 .data          0x00000000200396bc        0x0 ../CPU0_lab3_1_bsp//libucosii_bsp.a(alt_load.o)
 .data          0x00000000200396bc        0x0 ../CPU0_lab3_1_bsp//libucosii_bsp.a(alt_lseek.o)
 .data          0x00000000200396bc        0x0 ../CPU0_lab3_1_bsp//libucosii_bsp.a(alt_main.o)
 .data          0x00000000200396bc        0x0 ../CPU0_lab3_1_bsp//libucosii_bsp.a(alt_read.o)
 .data          0x00000000200396bc        0x0 ../CPU0_lab3_1_bsp//libucosii_bsp.a(alt_release_fd.o)
 .data          0x00000000200396bc        0x0 ../CPU0_lab3_1_bsp//libucosii_bsp.a(alt_sbrk.o)
 .data          0x00000000200396bc        0x0 ../CPU0_lab3_1_bsp//libucosii_bsp.a(alt_write.o)
 .data          0x00000000200396bc        0x0 ../CPU0_lab3_1_bsp//libucosii_bsp.a(alt_env_lock.o)
 .data          0x00000000200396bc        0x0 ../CPU0_lab3_1_bsp//libucosii_bsp.a(alt_malloc_lock.o)
 .data          0x00000000200396bc        0x0 ../CPU0_lab3_1_bsp//libucosii_bsp.a(os_core.o)
 .data          0x00000000200396bc        0x0 ../CPU0_lab3_1_bsp//libucosii_bsp.a(os_dbg.o)
 .data          0x00000000200396bc        0x0 ../CPU0_lab3_1_bsp//libucosii_bsp.a(os_flag.o)
 .data          0x00000000200396bc        0x0 ../CPU0_lab3_1_bsp//libucosii_bsp.a(os_mem.o)
 .data          0x00000000200396bc        0x0 ../CPU0_lab3_1_bsp//libucosii_bsp.a(os_q.o)
 .data          0x00000000200396bc        0x0 ../CPU0_lab3_1_bsp//libucosii_bsp.a(os_sem.o)
 .data          0x00000000200396bc        0x0 ../CPU0_lab3_1_bsp//libucosii_bsp.a(os_task.o)
 .data          0x00000000200396bc        0x0 ../CPU0_lab3_1_bsp//libucosii_bsp.a(os_time.o)
 .data          0x00000000200396bc     0x10cc ../CPU0_lab3_1_bsp//libucosii_bsp.a(alt_sys_init.o)
 .data          0x000000002003a788        0x0 ../CPU0_lab3_1_bsp//libucosii_bsp.a(altera_avalon_jtag_uart_fd.o)
 .data          0x000000002003a788        0x0 ../CPU0_lab3_1_bsp//libucosii_bsp.a(altera_avalon_jtag_uart_init.o)
 .data          0x000000002003a788        0x0 ../CPU0_lab3_1_bsp//libucosii_bsp.a(altera_avalon_jtag_uart_ioctl.o)
 .data          0x000000002003a788        0x0 ../CPU0_lab3_1_bsp//libucosii_bsp.a(altera_avalon_jtag_uart_read.o)
 .data          0x000000002003a788        0x0 ../CPU0_lab3_1_bsp//libucosii_bsp.a(altera_avalon_jtag_uart_write.o)
 .data          0x000000002003a788        0x0 ../CPU0_lab3_1_bsp//libucosii_bsp.a(altera_avalon_mailbox_simple.o)
 .data          0x000000002003a788        0x0 ../CPU0_lab3_1_bsp//libucosii_bsp.a(altera_avalon_mutex.o)
 .data          0x000000002003a788        0x0 ../CPU0_lab3_1_bsp//libucosii_bsp.a(altera_avalon_timer_sc.o)
 .data          0x000000002003a788        0x0 ../CPU0_lab3_1_bsp//libucosii_bsp.a(alt_alarm_start.o)
 .data          0x000000002003a788        0x0 ../CPU0_lab3_1_bsp//libucosii_bsp.a(alt_dcache_flush_all.o)
 .data          0x000000002003a788        0x0 ../CPU0_lab3_1_bsp//libucosii_bsp.a(alt_dev_llist_insert.o)
 .data          0x000000002003a788        0x0 ../CPU0_lab3_1_bsp//libucosii_bsp.a(alt_do_ctors.o)
 .data          0x000000002003a788        0x0 ../CPU0_lab3_1_bsp//libucosii_bsp.a(alt_do_dtors.o)
 .data          0x000000002003a788        0x0 ../CPU0_lab3_1_bsp//libucosii_bsp.a(alt_find_dev.o)
 .data          0x000000002003a788        0x0 ../CPU0_lab3_1_bsp//libucosii_bsp.a(alt_icache_flush_all.o)
 .data          0x000000002003a788        0x0 ../CPU0_lab3_1_bsp//libucosii_bsp.a(alt_iic.o)
 .data          0x000000002003a788        0x0 ../CPU0_lab3_1_bsp//libucosii_bsp.a(alt_iic_isr_register.o)
 .data          0x000000002003a788        0x0 ../CPU0_lab3_1_bsp//libucosii_bsp.a(alt_io_redirect.o)
 .data          0x000000002003a788        0x0 ../CPU0_lab3_1_bsp//libucosii_bsp.a(alt_irq_entry.o)
 .data          0x000000002003a788        0x0 ../CPU0_lab3_1_bsp//libucosii_bsp.a(alt_irq_handler.o)
 .data          0x000000002003a788        0x0 ../CPU0_lab3_1_bsp//libucosii_bsp.a(alt_irq_vars.o)
 .data          0x000000002003a788        0x0 ../CPU0_lab3_1_bsp//libucosii_bsp.a(alt_open.o)
 .data          0x000000002003a788        0x0 ../CPU0_lab3_1_bsp//libucosii_bsp.a(alt_tick.o)
 .data          0x000000002003a788        0x0 ../CPU0_lab3_1_bsp//libucosii_bsp.a(altera_nios2_gen2_irq.o)
 .data          0x000000002003a788        0x0 ../CPU0_lab3_1_bsp//libucosii_bsp.a(os_cpu_a.o)
 .data          0x000000002003a788        0x0 ../CPU0_lab3_1_bsp//libucosii_bsp.a(os_cpu_c.o)
 .data          0x000000002003a788        0x0 ../CPU0_lab3_1_bsp//libucosii_bsp.a(alt_exception_entry.o)
 .data          0x000000002003a788        0x0 ../CPU0_lab3_1_bsp//libucosii_bsp.a(alt_find_file.o)
 .data          0x000000002003a788        0x0 ../CPU0_lab3_1_bsp//libucosii_bsp.a(alt_get_fd.o)
 .data          0x000000002003a788        0x0 ../CPU0_lab3_1_bsp//libucosii_bsp.a(alt_icache_flush.o)
 .data          0x000000002003a788        0x0 ../CPU0_lab3_1_bsp//libucosii_bsp.a(alt_instruction_exception_entry.o)
 .data          0x000000002003a788        0x0 /opt/intelFPGA/18.1/nios2eds/bin/gnu/H-x86_64-pc-linux-gnu/bin/../lib/gcc/nios2-elf/5.3.0/../../../../../H-x86_64-pc-linux-gnu/nios2-elf/lib/libc.a(lib_a-atexit.o)
 .data          0x000000002003a788        0x0 /opt/intelFPGA/18.1/nios2eds/bin/gnu/H-x86_64-pc-linux-gnu/bin/../lib/gcc/nios2-elf/5.3.0/../../../../../H-x86_64-pc-linux-gnu/nios2-elf/lib/libc.a(lib_a-exit.o)
 .data          0x000000002003a788        0x0 /opt/intelFPGA/18.1/nios2eds/bin/gnu/H-x86_64-pc-linux-gnu/bin/../lib/gcc/nios2-elf/5.3.0/../../../../../H-x86_64-pc-linux-gnu/nios2-elf/lib/libc.a(lib_a-memcmp.o)
 .data          0x000000002003a788        0x0 /opt/intelFPGA/18.1/nios2eds/bin/gnu/H-x86_64-pc-linux-gnu/bin/../lib/gcc/nios2-elf/5.3.0/../../../../../H-x86_64-pc-linux-gnu/nios2-elf/lib/libc.a(lib_a-__atexit.o)
 .data          0x000000002003a788        0x0 /opt/intelFPGA/18.1/nios2eds/bin/gnu/H-x86_64-pc-linux-gnu/bin/../lib/gcc/nios2-elf/5.3.0/../../../../../H-x86_64-pc-linux-gnu/nios2-elf/lib/libc.a(lib_a-__call_atexit.o)
 .data          0x000000002003a788        0x0 ../CPU0_lab3_1_bsp//libucosii_bsp.a(alt_exit.o)
                0x0000000020042788                _gp = ABSOLUTE ((. + 0x8000))
                [!provide]                        PROVIDE (gp, _gp)
 *(.rwdata .rwdata.*)
 *(.sdata .sdata.* .gnu.linkonce.s.*)
 .sdata         0x000000002003a788        0xc obj/default/CPU0_main.o
                0x000000002003a788                message
                0x000000002003a790                timeout
 .sdata._global_impure_ptr
                0x000000002003a794        0x4 /opt/intelFPGA/18.1/nios2eds/bin/gnu/H-x86_64-pc-linux-gnu/bin/../lib/gcc/nios2-elf/5.3.0/../../../../../H-x86_64-pc-linux-gnu/nios2-elf/lib/libc.a(lib_a-impure.o)
                0x000000002003a794                _global_impure_ptr
 .sdata._impure_ptr
                0x000000002003a798        0x4 /opt/intelFPGA/18.1/nios2eds/bin/gnu/H-x86_64-pc-linux-gnu/bin/../lib/gcc/nios2-elf/5.3.0/../../../../../H-x86_64-pc-linux-gnu/nios2-elf/lib/libc.a(lib_a-impure.o)
                0x000000002003a798                _impure_ptr
 .sdata.__mb_cur_max
                0x000000002003a79c        0x4 /opt/intelFPGA/18.1/nios2eds/bin/gnu/H-x86_64-pc-linux-gnu/bin/../lib/gcc/nios2-elf/5.3.0/../../../../../H-x86_64-pc-linux-gnu/nios2-elf/lib/libc.a(lib_a-locale.o)
                0x000000002003a79c                __mb_cur_max
 .sdata.__malloc_sbrk_base
                0x000000002003a7a0        0x4 /opt/intelFPGA/18.1/nios2eds/bin/gnu/H-x86_64-pc-linux-gnu/bin/../lib/gcc/nios2-elf/5.3.0/../../../../../H-x86_64-pc-linux-gnu/nios2-elf/lib/libc.a(lib_a-mallocr.o)
                0x000000002003a7a0                __malloc_sbrk_base
 .sdata.__malloc_trim_threshold
                0x000000002003a7a4        0x4 /opt/intelFPGA/18.1/nios2eds/bin/gnu/H-x86_64-pc-linux-gnu/bin/../lib/gcc/nios2-elf/5.3.0/../../../../../H-x86_64-pc-linux-gnu/nios2-elf/lib/libc.a(lib_a-mallocr.o)
                0x000000002003a7a4                __malloc_trim_threshold
 .sdata.__wctomb
                0x000000002003a7a8        0x4 /opt/intelFPGA/18.1/nios2eds/bin/gnu/H-x86_64-pc-linux-gnu/bin/../lib/gcc/nios2-elf/5.3.0/../../../../../H-x86_64-pc-linux-gnu/nios2-elf/lib/libc.a(lib_a-wctomb_r.o)
                0x000000002003a7a8                __wctomb
 .sdata         0x000000002003a7ac       0x14 ../CPU0_lab3_1_bsp//libucosii_bsp.a(alt_dev.o)
                0x000000002003a7ac                alt_fs_list
                0x000000002003a7b4                alt_dev_list
                0x000000002003a7bc                alt_max_fd
 .sdata         0x000000002003a7c0        0x4 ../CPU0_lab3_1_bsp//libucosii_bsp.a(alt_errno.o)
                0x000000002003a7c0                alt_errno
 .sdata         0x000000002003a7c4        0x4 ../CPU0_lab3_1_bsp//libucosii_bsp.a(alt_sbrk.o)
 .sdata         0x000000002003a7c8        0x4 ../CPU0_lab3_1_bsp//libucosii_bsp.a(alt_env_lock.o)
 .sdata         0x000000002003a7cc        0x4 ../CPU0_lab3_1_bsp//libucosii_bsp.a(alt_malloc_lock.o)
 .sdata         0x000000002003a7d0       0x72 ../CPU0_lab3_1_bsp//libucosii_bsp.a(os_dbg.o)
                0x000000002003a7d0                OSDebugEn
                0x000000002003a7d4                OSEndiannessTest
                0x000000002003a7d8                OSEventEn
                0x000000002003a7da                OSEventMax
                0x000000002003a7dc                OSEventNameSize
                0x000000002003a7de                OSEventSize
                0x000000002003a7e0                OSEventTblSize
                0x000000002003a7e2                OSEventMultiEn
                0x000000002003a7e4                OSFlagEn
                0x000000002003a7e6                OSFlagGrpSize
                0x000000002003a7e8                OSFlagNodeSize
                0x000000002003a7ea                OSFlagWidth
                0x000000002003a7ec                OSFlagMax
                0x000000002003a7ee                OSFlagNameSize
                0x000000002003a7f0                OSLowestPrio
                0x000000002003a7f2                OSMboxEn
                0x000000002003a7f4                OSMemEn
                0x000000002003a7f6                OSMemMax
                0x000000002003a7f8                OSMemNameSize
                0x000000002003a7fa                OSMemSize
                0x000000002003a7fc                OSMemTblSize
                0x000000002003a7fe                OSMutexEn
                0x000000002003a800                OSPtrSize
                0x000000002003a802                OSQEn
                0x000000002003a804                OSQMax
                0x000000002003a806                OSQSize
                0x000000002003a808                OSRdyTblSize
                0x000000002003a80a                OSSemEn
                0x000000002003a80c                OSStkWidth
                0x000000002003a80e                OSTaskCreateEn
                0x000000002003a810                OSTaskCreateExtEn
                0x000000002003a812                OSTaskDelEn
                0x000000002003a814                OSTaskIdleStkSize
                0x000000002003a816                OSTaskProfileEn
                0x000000002003a818                OSTaskMax
                0x000000002003a81a                OSTaskNameSize
                0x000000002003a81c                OSTaskStatEn
                0x000000002003a81e                OSTaskStatStkSize
                0x000000002003a820                OSTaskStatStkChkEn
                0x000000002003a822                OSTaskSwHookEn
                0x000000002003a824                OSTCBPrioTblMax
                0x000000002003a826                OSTCBSize
                0x000000002003a828                OSTicksPerSec
                0x000000002003a82a                OSTimeTickHookEn
                0x000000002003a82c                OSVersionNbr
                0x000000002003a82e                OSTmrEn
                0x000000002003a830                OSTmrCfgMax
                0x000000002003a832                OSTmrCfgNameSize
                0x000000002003a834                OSTmrCfgWheelSize