Archive member included to satisfy reference by file (symbol)

c:/intelfpga_lite/18.0/nios2eds/bin/gnu/h-x86_64-mingw32/bin/../lib/gcc/nios2-elf/5.3.0\libgcc.a(divdf3.o)
                              obj/default/CPU0_main.o (__divdf3)
c:/intelfpga_lite/18.0/nios2eds/bin/gnu/h-x86_64-mingw32/bin/../lib/gcc/nios2-elf/5.3.0\libgcc.a(floatunsidf.o)
                              obj/default/CPU0_main.o (__floatunsidf)
c:/intelfpga_lite/18.0/nios2eds/bin/gnu/h-x86_64-mingw32/bin/../lib/gcc/nios2-elf/5.3.0\libgcc.a(_clzsi2.o)
                              c:/intelfpga_lite/18.0/nios2eds/bin/gnu/h-x86_64-mingw32/bin/../lib/gcc/nios2-elf/5.3.0\libgcc.a(divdf3.o) (__clzsi2)
c:/intelfpga_lite/18.0/nios2eds/bin/gnu/h-x86_64-mingw32/bin/../lib/gcc/nios2-elf/5.3.0\libgcc.a(lib2-divmod.o)
                              c:/intelfpga_lite/18.0/nios2eds/bin/gnu/h-x86_64-mingw32/bin/../lib/gcc/nios2-elf/5.3.0\libgcc.a(divdf3.o) (__udivsi3)
c:/intelfpga_lite/18.0/nios2eds/bin/gnu/h-x86_64-mingw32/bin/../lib/gcc/nios2-elf/5.3.0\libgcc.a(_clz.o)
                              c:/intelfpga_lite/18.0/nios2eds/bin/gnu/h-x86_64-mingw32/bin/../lib/gcc/nios2-elf/5.3.0\libgcc.a(_clzsi2.o) (__clz_tab)
c:/intelfpga_lite/18.0/nios2eds/bin/gnu/h-x86_64-mingw32/bin/../lib/gcc/nios2-elf/5.3.0/../../../../../H-x86_64-mingw32/nios2-elf/lib\libc.a(lib_a-printf.o)
                              obj/default/CPU0_main.o (printf)
c:/intelfpga_lite/18.0/nios2eds/bin/gnu/h-x86_64-mingw32/bin/../lib/gcc/nios2-elf/5.3.0/../../../../../H-x86_64-mingw32/nios2-elf/lib\libc.a(lib_a-vfprintf.o)
                              c:/intelfpga_lite/18.0/nios2eds/bin/gnu/h-x86_64-mingw32/bin/../lib/gcc/nios2-elf/5.3.0/../../../../../H-x86_64-mingw32/nios2-elf/lib\libc.a(lib_a-printf.o) (___vfprintf_internal_r)
c:/intelfpga_lite/18.0/nios2eds/bin/gnu/h-x86_64-mingw32/bin/../lib/gcc/nios2-elf/5.3.0/../../../../../H-x86_64-mingw32/nios2-elf/lib\libc.a(lib_a-wsetup.o)
                              c:/intelfpga_lite/18.0/nios2eds/bin/gnu/h-x86_64-mingw32/bin/../lib/gcc/nios2-elf/5.3.0/../../../../../H-x86_64-mingw32/nios2-elf/lib\libc.a(lib_a-vfprintf.o) (__swsetup_r)
c:/intelfpga_lite/18.0/nios2eds/bin/gnu/h-x86_64-mingw32/bin/../lib/gcc/nios2-elf/5.3.0/../../../../../H-x86_64-mingw32/nios2-elf/lib\libc.a(lib_a-dtoa.o)
                              c:/intelfpga_lite/18.0/nios2eds/bin/gnu/h-x86_64-mingw32/bin/../lib/gcc/nios2-elf/5.3.0/../../../../../H-x86_64-mingw32/nios2-elf/lib\libc.a(lib_a-vfprintf.o) (_dtoa_r)
c:/intelfpga_lite/18.0/nios2eds/bin/gnu/h-x86_64-mingw32/bin/../lib/gcc/nios2-elf/5.3.0/../../../../../H-x86_64-mingw32/nios2-elf/lib\libc.a(lib_a-fflush.o)
                              c:/intelfpga_lite/18.0/nios2eds/bin/gnu/h-x86_64-mingw32/bin/../lib/gcc/nios2-elf/5.3.0/../../../../../H-x86_64-mingw32/nios2-elf/lib\libc.a(lib_a-vfprintf.o) (_fflush_r)
c:/intelfpga_lite/18.0/nios2eds/bin/gnu/h-x86_64-mingw32/bin/../lib/gcc/nios2-elf/5.3.0/../../../../../H-x86_64-mingw32/nios2-elf/lib\libc.a(lib_a-findfp.o)
                              c:/intelfpga_lite/18.0/nios2eds/bin/gnu/h-x86_64-mingw32/bin/../lib/gcc/nios2-elf/5.3.0/../../../../../H-x86_64-mingw32/nios2-elf/lib\libc.a(lib_a-vfprintf.o) (__sinit)
c:/intelfpga_lite/18.0/nios2eds/bin/gnu/h-x86_64-mingw32/bin/../lib/gcc/nios2-elf/5.3.0/../../../../../H-x86_64-mingw32/nios2-elf/lib\libc.a(lib_a-freer.o)
                              c:/intelfpga_lite/18.0/nios2eds/bin/gnu/h-x86_64-mingw32/bin/../lib/gcc/nios2-elf/5.3.0/../../../../../H-x86_64-mingw32/nios2-elf/lib\libc.a(lib_a-wsetup.o) (_free_r)
c:/intelfpga_lite/18.0/nios2eds/bin/gnu/h-x86_64-mingw32/bin/../lib/gcc/nios2-elf/5.3.0/../../../../../H-x86_64-mingw32/nios2-elf/lib\libc.a(lib_a-fwalk.o)
                              c:/intelfpga_lite/18.0/nios2eds/bin/gnu/h-x86_64-mingw32/bin/../lib/gcc/nios2-elf/5.3.0/../../../../../H-x86_64-mingw32/nios2-elf/lib\libc.a(lib_a-findfp.o) (_fwalk)
c:/intelfpga_lite/18.0/nios2eds/bin/gnu/h-x86_64-mingw32/bin/../lib/gcc/nios2-elf/5.3.0/../../../../../H-x86_64-mingw32/nios2-elf/lib\libc.a(lib_a-impure.o)
                              c:/intelfpga_lite/18.0/nios2eds/bin/gnu/h-x86_64-mingw32/bin/../lib/gcc/nios2-elf/5.3.0/../../../../../H-x86_64-mingw32/nios2-elf/lib\libc.a(lib_a-fflush.o) (_global_impure_ptr)
c:/intelfpga_lite/18.0/nios2eds/bin/gnu/h-x86_64-mingw32/bin/../lib/gcc/nios2-elf/5.3.0/../../../../../H-x86_64-mingw32/nios2-elf/lib\libc.a(lib_a-locale.o)
                              c:/intelfpga_lite/18.0/nios2eds/bin/gnu/h-x86_64-mingw32/bin/../lib/gcc/nios2-elf/5.3.0/../../../../../H-x86_64-mingw32/nios2-elf/lib\libc.a(lib_a-vfprintf.o) (_localeconv_r)
c:/intelfpga_lite/18.0/nios2eds/bin/gnu/h-x86_64-mingw32/bin/../lib/gcc/nios2-elf/5.3.0/../../../../../H-x86_64-mingw32/nios2-elf/lib\libc.a(lib_a-makebuf.o)
                              c:/intelfpga_lite/18.0/nios2eds/bin/gnu/h-x86_64-mingw32/bin/../lib/gcc/nios2-elf/5.3.0/../../../../../H-x86_64-mingw32/nios2-elf/lib\libc.a(lib_a-wsetup.o) (__smakebuf_r)
[...]
Memory Configuration

Name             Origin             Length             Attributes
sdram_controller 0x0000000010000000 0x0000000004000000
reset            0x0000000020020000 0x0000000000000020
CPU_0_0_onchip_memory2_0 0x0000000020020020 0x000000000001ffe0
*default*        0x0000000000000000 0xffffffffffffffff

Linker script and memory map

LOAD ../CPU0_lab3_1_bsp//obj/HAL/src/crt0.o
LOAD obj/default/CPU0_main.o
LOAD c:/intelfpga_lite/18.0/nios2eds/bin/gnu/h-x86_64-mingw32/bin/../lib/gcc/nios2-elf/5.3.0/../../../../../H-x86_64-mingw32/nios2-elf/lib\libstdc++.a
LOAD c:/intelfpga_lite/18.0/nios2eds/bin/gnu/h-x86_64-mingw32/bin/../lib/gcc/nios2-elf/5.3.0/../../../../../H-x86_64-mingw32/nios2-elf/lib\libm.a
LOAD c:/intelfpga_lite/18.0/nios2eds/bin/gnu/h-x86_64-mingw32/bin/../lib/gcc/nios2-elf/5.3.0\libgcc.a
START GROUP
LOAD c:/intelfpga_lite/18.0/nios2eds/bin/gnu/h-x86_64-mingw32/bin/../lib/gcc/nios2-elf/5.3.0/../../../../../H-x86_64-mingw32/nios2-elf/lib\libc.a
LOAD c:/intelfpga_lite/18.0/nios2eds/bin/gnu/h-x86_64-mingw32/bin/../lib/gcc/nios2-elf/5.3.0\libgcc.a
LOAD ../CPU0_lab3_1_bsp/\libucosii_bsp.a
LOAD c:/intelfpga_lite/18.0/nios2eds/bin/gnu/h-x86_64-mingw32/bin/../lib/gcc/nios2-elf/5.3.0/../../../../../H-x86_64-mingw32/nios2-elf/lib\libm.a
END GROUP
LOAD c:/intelfpga_lite/18.0/nios2eds/bin/gnu/h-x86_64-mingw32/bin/../lib/gcc/nios2-elf/5.3.0\libgcc.a
                0x0000000010000000                __alt_mem_sdram_controller = 0x10000000
                0x0000000020020000                __alt_mem_CPU_0_0_onchip_memory2_0 = 0x20020000

.entry          0x0000000020020000       0x20
 *(.entry)
 .entry         0x0000000020020000       0x20 ../CPU0_lab3_1_bsp//obj/HAL/src/crt0.o
                0x0000000020020000                __reset

.exceptions     0x0000000020020020      0x224
                0x0000000020020020                PROVIDE (__ram_exceptions_start, ABSOLUTE (.))
                0x0000000020020020                . = ALIGN (0x20)
 *(.irq)
 *(.exceptions.entry.label)
 .exceptions.entry.label
                0x0000000020020020        0x0 ../CPU0_lab3_1_bsp/\libucosii_bsp.a(alt_irq_entry.o)
                0x0000000020020020                alt_irq_entry
 .exceptions.entry.label
                0x0000000020020020        0x0 ../CPU0_lab3_1_bsp/\libucosii_bsp.a(alt_exception_entry.o)
                0x0000000020020020                alt_exception
 *(.exceptions.entry.user)
 *(.exceptions.entry.ecc_fatal)
 *(.exceptions.entry)
 .exceptions.entry
                0x0000000020020020       0x54 ../CPU0_lab3_1_bsp/\libucosii_bsp.a(alt_exception_entry.o)
 *(.exceptions.irqtest.user)
 *(.exceptions.irqtest)
 .exceptions.irqtest
                0x0000000020020074       0x10 ../CPU0_lab3_1_bsp/\libucosii_bsp.a(alt_irq_entry.o)
 *(.exceptions.irqhandler.user)
 *(.exceptions.irqhandler)
 .exceptions.irqhandler
                0x0000000020020084        0x4 ../CPU0_lab3_1_bsp/\libucosii_bsp.a(alt_irq_entry.o)
 *(.exceptions.irqreturn.user)
 *(.exceptions.irqreturn)
 .exceptions.irqreturn
                0x0000000020020088        0x4 ../CPU0_lab3_1_bsp/\libucosii_bsp.a(alt_irq_entry.o)
 *(.exceptions.notirq.label)
 .exceptions.notirq.label
                0x000000002002008c        0x0 ../CPU0_lab3_1_bsp/\libucosii_bsp.a(alt_irq_entry.o)
 *(.exceptions.notirq.user)
 *(.exceptions.notirq)
 .exceptions.notirq
                0x000000002002008c        0x8 ../CPU0_lab3_1_bsp/\libucosii_bsp.a(alt_exception_entry.o)
 *(.exceptions.soft.user)
 *(.exceptions.soft)
 *(.exceptions.unknown.user)
 *(.exceptions.unknown)
 .exceptions.unknown
                0x0000000020020094       0x14 ../CPU0_lab3_1_bsp/\libucosii_bsp.a(alt_exception_entry.o)
 *(.exceptions.exit.label)
 .exceptions.exit.label
                0x00000000200200a8        0x0 ../CPU0_lab3_1_bsp/\libucosii_bsp.a(alt_irq_entry.o)
 .exceptions.exit.label
                0x00000000200200a8        0x0 ../CPU0_lab3_1_bsp/\libucosii_bsp.a(alt_exception_entry.o)
 *(.exceptions.exit.user)
 *(.exceptions.exit)
 .exceptions.exit
                0x00000000200200a8       0x54 ../CPU0_lab3_1_bsp/\libucosii_bsp.a(alt_exception_entry.o)
 *(.exceptions)
 .exceptions    0x00000000200200fc       0xd4 ../CPU0_lab3_1_bsp/\libucosii_bsp.a(alt_irq_handler.o)
                0x00000000200200fc                alt_irq_handler
 .exceptions    0x00000000200201d0       0x74 ../CPU0_lab3_1_bsp/\libucosii_bsp.a(alt_instruction_exception_entry.o)
                0x00000000200201d0                alt_instruction_exception_entry
                0x0000000020020244                PROVIDE (__ram_exceptions_end, ABSOLUTE (.))
                0x0000000020020020                PROVIDE (__flash_exceptions_start, LOADADDR (.exceptions))

.text           0x0000000020020244    0x177c8
                [!provide]                        PROVIDE (stext, ABSOLUTE (.))
 *(.interp)
 *(.hash)
 *(.dynsym)
 *(.dynstr)
 *(.gnu.version)
 *(.gnu.version_d)
 *(.gnu.version_r)
 *(.rel.init)
 *(.rela.init)
 *(.rel.text .rel.text.* .rel.gnu.linkonce.t.*)
 *(.rela.text .rela.text.* .rela.gnu.linkonce.t.*)
 *(.rel.fini)
 *(.rela.fini)
 *(.rel.rodata .rel.rodata.* .rel.gnu.linkonce.r.*)
 *(.rela.rodata .rela.rodata.* .rela.gnu.linkonce.r.*)
 *(.rel.data .rel.data.* .rel.gnu.linkonce.d.*)
 *(.rela.data .rela.data.* .rela.gnu.linkonce.d.*)
 *(.rel.tdata .rel.tdata.* .rel.gnu.linkonce.td.*)
 *(.rela.tdata .rela.tdata.* .rela.gnu.linkonce.td.*)
 *(.rel.tbss .rel.tbss.* .rel.gnu.linkonce.tb.*)
 *(.rela.tbss .rela.tbss.* .rela.gnu.linkonce.tb.*)
 *(.rel.ctors)
 *(.rela.ctors)
 *(.rel.dtors)
 *(.rela.dtors)
 *(.rel.got)
 *(.rela.got)
 *(.rel.sdata .rel.sdata.* .rel.gnu.linkonce.s.*)
 *(.rela.sdata .rela.sdata.* .rela.gnu.linkonce.s.*)
 *(.rel.sbss .rel.sbss.* .rel.gnu.linkonce.sb.*)
 *(.rela.sbss .rela.sbss.* .rela.gnu.linkonce.sb.*)
 *(.rel.sdata2 .rel.sdata2.* .rel.gnu.linkonce.s2.*)
 *(.rela.sdata2 .rela.sdata2.* .rela.gnu.linkonce.s2.*)
 *(.rel.sbss2 .rel.sbss2.* .rel.gnu.linkonce.sb2.*)
 *(.rela.sbss2 .rela.sbss2.* .rela.gnu.linkonce.sb2.*)
 *(.rel.bss .rel.bss.* .rel.gnu.linkonce.b.*)
 *(.rela.bss .rela.bss.* .rela.gnu.linkonce.b.*)
 *(.rel.plt)
 *(.rela.plt)
 *(.rel.dyn)
 *(.init)
 *(.plt)
 *(.text .stub .text.* .gnu.linkonce.t.*)
 .text          0x0000000020020244       0x4c ../CPU0_lab3_1_bsp//obj/HAL/src/crt0.o
                0x0000000020020244                _start
 .text          0x0000000020020290      0x224 obj/default/CPU0_main.o
                0x0000000020020290                task_leds
                0x0000000020020344                main
                0x00000000200203fc                timer_interrupt
                0x0000000020020454                read_timer
 .text          0x00000000200204b4      0x8e8 c:/intelfpga_lite/18.0/nios2eds/bin/gnu/h-x86_64-mingw32/bin/../lib/gcc/nios2-elf/5.3.0\libgcc.a(divdf3.o)
                0x00000000200204b4                __divdf3
 .text          0x0000000020020d9c       0xa8 c:/intelfpga_lite/18.0/nios2eds/bin/gnu/h-x86_64-mingw32/bin/../lib/gcc/nios2-elf/5.3.0\libgcc.a(floatunsidf.o)
                0x0000000020020d9c                __floatunsidf
 .text          0x0000000020020e44       0x64 c:/intelfpga_lite/18.0/nios2eds/bin/gnu/h-x86_64-mingw32/bin/../lib/gcc/nios2-elf/5.3.0\libgcc.a(_clzsi2.o)
                0x0000000020020e44                __clzsi2
 .text          0x0000000020020ea8      0x1b4 c:/intelfpga_lite/18.0/nios2eds/bin/gnu/h-x86_64-mingw32/bin/../lib/gcc/nios2-elf/5.3.0\libgcc.a(lib2-divmod.o)
                0x0000000020020ea8                __divsi3
                0x0000000020020f2c                __modsi3
                0x0000000020020fa0                __udivsi3
                0x0000000020021004                __umodsi3
 .text          0x000000002002105c        0x0 c:/intelfpga_lite/18.0/nios2eds/bin/gnu/h-x86_64-mingw32/bin/../lib/gcc/nios2-elf/5.3.0\libgcc.a(_clz.o)
 .text          0x000000002002105c        0x0 c:/intelfpga_lite/18.0/nios2eds/bin/gnu/h-x86_64-mingw32/bin/../lib/gcc/nios2-elf/5.3.0/../../../../../H-x86_64-mingw32/nios2-elf/lib\libc.a(lib_a-printf.o)
 .text._printf_r
                0x000000002002105c       0x30 c:/intelfpga_lite/18.0/nios2eds/bin/gnu/h-x86_64-mingw32/bin/../lib/gcc/nios2-elf/5.3.0/../../../../../H-x86_64-mingw32/nios2-elf/lib\libc.a(lib_a-printf.o)
                0x000000002002105c                _printf_r
 .text.printf   0x000000002002108c       0x3c c:/intelfpga_lite/18.0/nios2eds/bin/gnu/h-x86_64-mingw32/bin/../lib/gcc/nios2-elf/5.3.0/../../../../../H-x86_64-mingw32/nios2-elf/lib\libc.a(lib_a-printf.o)
                0x000000002002108c                printf
 .text          0x00000000200210c8        0x0 c:/intelfpga_lite/18.0/nios2eds/bin/gnu/h-x86_64-mingw32/bin/../lib/gcc/nios2-elf/5.3.0/../../../../../H-x86_64-mingw32/nios2-elf/lib\libc.a(lib_a-vfprintf.o)
 .text.___vfprintf_internal_r
                0x00000000200210c8     0x21f8 c:/intelfpga_lite/18.0/nios2eds/bin/gnu/h-x86_64-mingw32/bin/../lib/gcc/nios2-elf/5.3.0/../../../../../H-x86_64-mingw32/nios2-elf/lib\libc.a(lib_a-vfprintf.o)
                0x00000000200210c8                ___vfprintf_internal_r
 .text.__vfprintf_internal
                0x00000000200232c0       0x1c c:/intelfpga_lite/18.0/nios2eds/bin/gnu/h-x86_64-mingw32/bin/../lib/gcc/nios2-elf/5.3.0/../../../../../H-x86_64-mingw32/nios2-elf/lib\libc.a(lib_a-vfprintf.o)
                0x00000000200232c0                __vfprintf_internal
 .text.__sbprintf
                0x00000000200232dc       0xbc c:/intelfpga_lite/18.0/nios2eds/bin/gnu/h-x86_64-mingw32/bin/../lib/gcc/nios2-elf/5.3.0/../../../../../H-x86_64-mingw32/nios2-elf/lib\libc.a(lib_a-vfprintf.o)
 .text          0x0000000020023398        0x0 c:/intelfpga_lite/18.0/nios2eds/bin/gnu/h-x86_64-mingw32/bin/../lib/gcc/nios2-elf/5.3.0/../../../../../H-x86_64-mingw32/nios2-elf/lib\libc.a(lib_a-wsetup.o)
 .text.__swsetup_r
                0x0000000020023398      0x154 c:/intelfpga_lite/18.0/nios2eds/bin/gnu/h-x86_64-mingw32/bin/../lib/gcc/nios2-elf/5.3.0/../../../../../H-x86_64-mingw32/nios2-elf/lib\libc.a(lib_a-wsetup.o)
                0x0000000020023398                __swsetup_r
 .text          0x00000000200234ec        0x0 c:/intelfpga_lite/18.0/nios2eds/bin/gnu/h-x86_64-mingw32/bin/../lib/gcc/nios2-elf/5.3.0/../../../../../H-x86_64-mingw32/nios2-elf/lib\libc.a(lib_a-dtoa.o)
 .text.quorem   0x00000000200234ec      0x200 c:/intelfpga_lite/18.0/nios2eds/bin/gnu/h-x86_64-mingw32/bin/../lib/gcc/nios2-elf/5.3.0/../../../../../H-x86_64-mingw32/nios2-elf/lib\libc.a(lib_a-dtoa.o)
 .text._dtoa_r  0x00000000200236ec     0x1688 c:/intelfpga_lite/18.0/nios2eds/bin/gnu/h-x86_64-mingw32/bin/../lib/gcc/nios2-elf/5.3.0/../../../../../H-x86_64-mingw32/nios2-elf/lib\libc.a(lib_a-dtoa.o)
                0x00000000200236ec                _dtoa_r
 .text          0x0000000020024d74        0x0 c:/intelfpga_lite/18.0/nios2eds/bin/gnu/h-x86_64-mingw32/bin/../lib/gcc/nios2-elf/5.3.0/../../../../../H-x86_64-mingw32/nios2-elf/lib\libc.a(lib_a-fflush.o)
 .text.__sflush_r
                0x0000000020024d74      0x21c c:/intelfpga_lite/18.0/nios2eds/bin/gnu/h-x86_64-mingw32/bin/../lib/gcc/nios2-elf/5.3.0/../../../../../H-x86_64-mingw32/nios2-elf/lib\libc.a(lib_a-fflush.o)
                0x0000000020024d74                __sflush_r
 .text._fflush_r
                0x0000000020024f90       0x5c c:/intelfpga_lite/18.0/nios2eds/bin/gnu/h-x86_64-mingw32/bin/../lib/gcc/nios2-elf/5.3.0/../../../../../H-x86_64-mingw32/nios2-elf/lib\libc.a(lib_a-fflush.o)
                0x0000000020024f90                _fflush_r
 .text.fflush   0x0000000020024fec       0x30 c:/intelfpga_lite/18.0/nios2eds/bin/gnu/h-x86_64-mingw32/bin/../lib/gcc/nios2-elf/5.3.0/../../../../../H-x86_64-mingw32/nios2-elf/lib\libc.a(lib_a-fflush.o)
                0x0000000020024fec                fflush
 .text          0x000000002002501c        0x0 c:/intelfpga_lite/18.0/nios2eds/bin/gnu/h-x86_64-mingw32/bin/../lib/gcc/nios2-elf/5.3.0/../../../../../H-x86_64-mingw32/nios2-elf/lib\libc.a(lib_a-findfp.o)
 .text.__fp_unlock
                0x000000002002501c        0x8 c:/intelfpga_lite/18.0/nios2eds/bin/gnu/h-x86_64-mingw32/bin/../lib/gcc/nios2-elf/5.3.0/../../../../../H-x86_64-mingw32/nios2-elf/lib\libc.a(lib_a-findfp.o)
 .text._cleanup_r
                0x0000000020025024        0xc c:/intelfpga_lite/18.0/nios2eds/bin/gnu/h-x86_64-mingw32/bin/../lib/gcc/nios2-elf/5.3.0/../../../../../H-x86_64-mingw32/nios2-elf/lib\libc.a(lib_a-findfp.o)
                0x0000000020025024                _cleanup_r
 .text.__sinit.part.1
                0x0000000020025030      0x19c c:/intelfpga_lite/18.0/nios2eds/bin/gnu/h-x86_64-mingw32/bin/../lib/gcc/nios2-elf/5.3.0/../../../../../H-x86_64-mingw32/nios2-elf/lib\libc.a(lib_a-findfp.o)
 .text.__fp_lock
                0x00000000200251cc        0x8 c:/intelfpga_lite/18.0/nios2eds/bin/gnu/h-x86_64-mingw32/bin/../lib/gcc/nios2-elf/5.3.0/../../../../../H-x86_64-mingw32/nios2-elf/lib\libc.a(lib_a-findfp.o)
 .text.__sfmoreglue
                0x00000000200251d4       0x68 c:/intelfpga_lite/18.0/nios2eds/bin/gnu/h-x86_64-mingw32/bin/../lib/gcc/nios2-elf/5.3.0/../../../../../H-x86_64-mingw32/nios2-elf/lib\libc.a(lib_a-findfp.o)
                0x00000000200251d4                __sfmoreglue
 .text.__sfp    0x000000002002523c      0x118 c:/intelfpga_lite/18.0/nios2eds/bin/gnu/h-x86_64-mingw32/bin/../lib/gcc/nios2-elf/5.3.0/../../../../../H-x86_64-mingw32/nios2-elf/lib\libc.a(lib_a-findfp.o)
                0x000000002002523c                __sfp
 .text._cleanup
                0x0000000020025354       0x18 c:/intelfpga_lite/18.0/nios2eds/bin/gnu/h-x86_64-mingw32/bin/../lib/gcc/nios2-elf/5.3.0/../../../../../H-x86_64-mingw32/nios2-elf/lib\libc.a(lib_a-findfp.o)
                0x0000000020025354                _cleanup
 .text.__sinit  0x000000002002536c       0x10 c:/intelfpga_lite/18.0/nios2eds/bin/gnu/h-x86_64-mingw32/bin/../lib/gcc/nios2-elf/5.3.0/../../../../../H-x86_64-mingw32/nios2-elf/lib\libc.a(lib_a-findfp.o)
                0x000000002002536c                __sinit
 .text.__sfp_lock_acquire
                0x000000002002537c        0x4 c:/intelfpga_lite/18.0/nios2eds/bin/gnu/h-x86_64-mingw32/bin/../lib/gcc/nios2-elf/5.3.0/../../../../../H-x86_64-mingw32/nios2-elf/lib\libc.a(lib_a-findfp.o)
                0x000000002002537c                __sfp_lock_acquire
 .text.__sfp_lock_release
                0x0000000020025380        0x4 c:/intelfpga_lite/18.0/nios2eds/bin/gnu/h-x86_64-mingw32/bin/../lib/gcc/nios2-elf/5.3.0/../../../../../H-x86_64-mingw32/nios2-elf/lib\libc.a(lib_a-findfp.o)
                0x0000000020025380                __sfp_lock_release
 .text.__sinit_lock_acquire
                0x0000000020025384        0x4 c:/intelfpga_lite/18.0/nios2eds/bin/gnu/h-x86_64-mingw32/bin/../lib/gcc/nios2-elf/5.3.0/../../../../../H-x86_64-mingw32/nios2-elf/lib\libc.a(lib_a-findfp.o)
                0x0000000020025384                __sinit_lock_acquire
 .text.__sinit_lock_release
                0x0000000020025388        0x4 c:/intelfpga_lite/18.0/nios2eds/bin/gnu/h-x86_64-mingw32/bin/../lib/gcc/nios2-elf/5.3.0/../../../../../H-x86_64-mingw32/nios2-elf/lib\libc.a(lib_a-findfp.o)
                0x0000000020025388                __sinit_lock_release
 .text.__fp_lock_all
                0x000000002002538c       0x18 c:/intelfpga_lite/18.0/nios2eds/bin/gnu/h-x86_64-mingw32/bin/../lib/gcc/nios2-elf/5.3.0/../../../../../H-x86_64-mingw32/nios2-elf/lib\libc.a(lib_a-findfp.o)
                0x000000002002538c                __fp_lock_all
 .text.__fp_unlock_all
                0x00000000200253a4       0x18 c:/intelfpga_lite/18.0/nios2eds/bin/gnu/h-x86_64-mingw32/bin/../lib/gcc/nios2-elf/5.3.0/../../../../../H-x86_64-mingw32/nios2-elf/lib\libc.a(lib_a-findfp.o)
                0x00000000200253a4                __fp_unlock_all
 .text          0x00000000200253bc        0x0 c:/intelfpga_lite/18.0/nios2eds/bin/gnu/h-x86_64-mingw32/bin/../lib/gcc/nios2-elf/5.3.0/../../../../../H-x86_64-mingw32/nios2-elf/lib\libc.a(lib_a-freer.o)
 .text._malloc_trim_r
                0x00000000200253bc      0x124 c:/intelfpga_lite/18.0/nios2eds/bin/gnu/h-x86_64-mingw32/bin/../lib/gcc/nios2-elf/5.3.0/../../../../../H-x86_64-mingw32/nios2-elf/lib\libc.a(lib_a-freer.o)
                0x00000000200253bc                _malloc_trim_r
 .text._free_r  0x00000000200254e0      0x310 c:/intelfpga_lite/18.0/nios2eds/bin/gnu/h-x86_64-mingw32/bin/../lib/gcc/nios2-elf/5.3.0/../../../../../H-x86_64-mingw32/nios2-elf/lib\libc.a(lib_a-freer.o)
                0x00000000200254e0                _free_r
 .text          0x00000000200257f0        0x0 c:/intelfpga_lite/18.0/nios2eds/bin/gnu/h-x86_64-mingw32/bin/../lib/gcc/nios2-elf/5.3.0/../../../../../H-x86_64-mingw32/nios2-elf/lib\libc.a(lib_a-fwalk.o)
 .text._fwalk   0x00000000200257f0       0xc4 c:/intelfpga_lite/18.0/nios2eds/bin/gnu/h-x86_64-mingw32/bin/../lib/gcc/nios2-elf/5.3.0/../../../../../H-x86_64-mingw32/nios2-elf/lib\libc.a(lib_a-fwalk.o)
                0x00000000200257f0                _fwalk
 .text._fwalk_reent
                0x00000000200258b4       0xc4 c:/intelfpga_lite/18.0/nios2eds/bin/gnu/h-x86_64-mingw32/bin/../lib/gcc/nios2-elf/5.3.0/../../../../../H-x86_64-mingw32/nios2-elf/lib\libc.a(lib_a-fwalk.o)
                0x00000000200258b4                _fwalk_reent
 .text          0x0000000020025978        0x0 c:/intelfpga_lite/18.0/nios2eds/bin/gnu/h-x86_64-mingw32/bin/../lib/gcc/nios2-elf/5.3.0/../../../../../H-x86_64-mingw32/nios2-elf/lib\libc.a(lib_a-impure.o)
 .text          0x0000000020025978        0x0 c:/intelfpga_lite/18.0/nios2eds/bin/gnu/h-x86_64-mingw32/bin/../lib/gcc/nios2-elf/5.3.0/../../../../../H-x86_64-mingw32/nios2-elf/lib\libc.a(lib_a-locale.o)
 .text._setlocale_r
                0x0000000020025978       0x7c c:/intelfpga_lite/18.0/nios2eds/bin/gnu/h-x86_64-mingw32/bin/../lib/gcc/nios2-elf/5.3.0/../../../../../H-x86_64-mingw32/nios2-elf/lib\libc.a(lib_a-locale.o)
                0x0000000020025978                _setlocale_r
 .text.__locale_charset
                0x00000000200259f4        0xc c:/intelfpga_lite/18.0/nios2eds/bin/gnu/h-x86_64-mingw32/bin/../lib/gcc/nios2-elf/5.3.0/../../../../../H-x86_64-mingw32/nios2-elf/lib\libc.a(lib_a-locale.o)
                0x00000000200259f4                __locale_charset
 .text.__locale_mb_cur_max
                0x0000000020025a00       0x10 c:/intelfpga_lite/18.0/nios2eds/bin/gnu/h-x86_64-mingw32/bin/../lib/gcc/nios2-elf/5.3.0/../../../../../H-x86_64-mingw32/nios2-elf/lib\libc.a(lib_a-locale.o)
                0x0000000020025a00                __locale_mb_cur_max
 .text.__locale_msgcharset
                0x0000000020025a10        0xc c:/intelfpga_lite/18.0/nios2eds/bin/gnu/h-x86_64-mingw32/bin/../lib/gcc/nios2-elf/5.3.0/../../../../../H-x86_64-mingw32/nios2-elf/lib\libc.a(lib_a-locale.o)
                0x0000000020025a10                __locale_msgcharset
 .text.__locale_cjk_lang
                0x0000000020025a1c        0x8 c:/intelfpga_lite/18.0/nios2eds/bin/gnu/h-x86_64-mingw32/bin/../lib/gcc/nios2-elf/5.3.0/../../../../../H-x86_64-mingw32/nios2-elf/lib\libc.a(lib_a-locale.o)
                0x0000000020025a1c                __locale_cjk_lang
 .text._localeconv_r
                0x0000000020025a24        0xc c:/intelfpga_lite/18.0/nios2eds/bin/gnu/h-x86_64-mingw32/bin/../lib/gcc/nios2-elf/5.3.0/../../../../../H-x86_64-mingw32/nios2-elf/lib\libc.a(lib_a-locale.o)
                0x0000000020025a24                _localeconv_r
 .text.setlocale
                0x0000000020025a30       0x18 c:/intelfpga_lite/18.0/nios2eds/bin/gnu/h-x86_64-mingw32/bin/../lib/gcc/nios2-elf/5.3.0/../../../../../H-x86_64-mingw32/nios2-elf/lib\libc.a(lib_a-locale.o)
                0x0000000020025a30                setlocale
 .text.localeconv
                0x0000000020025a48        0xc c:/intelfpga_lite/18.0/nios2eds/bin/gnu/h-x86_64-mingw32/bin/../lib/gcc/nios2-elf/5.3.0/../../../../../H-x86_64-mingw32/nios2-elf/lib\libc.a(lib_a-locale.o)
                0x0000000020025a48                localeconv
 .text          0x0000000020025a54        0x0 c:/intelfpga_lite/18.0/nios2eds/bin/gnu/h-x86_64-mingw32/bin/../lib/gcc/nios2-elf/5.3.0/../../../../../H-x86_64-mingw32/nios2-elf/lib\libc.a(lib_a-makebuf.o)
 .text.__smakebuf_r
                0x0000000020025a54      0x1bc c:/intelfpga_lite/18.0/nios2eds/bin/gnu/h-x86_64-mingw32/bin/../lib/gcc/nios2-elf/5.3.0/../../../../../H-x86_64-mingw32/nios2-elf/lib\libc.a(lib_a-makebuf.o)
                0x0000000020025a54                __smakebuf_r
 .text          0x0000000020025c10        0x0 c:/intelfpga_lite/18.0/nios2eds/bin/gnu/h-x86_64-mingw32/bin/../lib/gcc/nios2-elf/5.3.0/../../../../../H-x86_64-mingw32/nios2-elf/lib\libc.a(lib_a-mallocr.o)
 .text._malloc_r
                0x0000000020025c10      0x80c c:/intelfpga_lite/18.0/nios2eds/bin/gnu/h-x86_64-mingw32/bin/../lib/gcc/nios2-elf/5.3.0/../../../../../H-x86_64-mingw32/nios2-elf/lib\libc.a(lib_a-mallocr.o)
                0x0000000020025c10                _malloc_r
 .text          0x000000002002641c        0x0 c:/intelfpga_lite/18.0/nios2eds/bin/gnu/h-x86_64-mingw32/bin/../lib/gcc/nios2-elf/5.3.0/../../../../../H-x86_64-mingw32/nios2-elf/lib\libc.a(lib_a-memchr.o)
 .text.memchr   0x000000002002641c       0xe4 c:/intelfpga_lite/18.0/nios2eds/bin/gnu/h-x86_64-mingw32/bin/../lib/gcc/nios2-elf/5.3.0/../../../../../H-x86_64-mingw32/nios2-elf/lib\libc.a(lib_a-memchr.o)
                0x000000002002641c                memchr
 .text          0x0000000020026500        0x0 c:/intelfpga_lite/18.0/nios2eds/bin/gnu/h-x86_64-mingw32/bin/../lib/gcc/nios2-elf/5.3.0/../../../../../H-x86_64-mingw32/nios2-elf/lib\libc.a(lib_a-memcpy.o)
 .text.memcpy   0x0000000020026500      0x148 c:/intelfpga_lite/18.0/nios2eds/bin/gnu/h-x86_64-mingw32/bin/../lib/gcc/nios2-elf/5.3.0/../../../../../H-x86_64-mingw32/nios2-elf/lib\libc.a(lib_a-memcpy.o)
                0x0000000020026500                memcpy
 .text          0x0000000020026648        0x0 c:/intelfpga_lite/18.0/nios2eds/bin/gnu/h-x86_64-mingw32/bin/../lib/gcc/nios2-elf/5.3.0/../../../../../H-x86_64-mingw32/nios2-elf/lib\libc.a(lib_a-memset.o)
 .text.memset   0x0000000020026648      0x128 c:/intelfpga_lite/18.0/nios2eds/bin/gnu/h-x86_64-mingw32/bin/../lib/gcc/nios2-elf/5.3.0/../../../../../H-x86_64-mingw32/nios2-elf/lib\libc.a(lib_a-memset.o)
                0x0000000020026648                memset
 .text          0x0000000020026770        0x0 c:/intelfpga_lite/18.0/nios2eds/bin/gnu/h-x86_64-mingw32/bin/../lib/gcc/nios2-elf/5.3.0/../../../../../H-x86_64-mingw32/nios2-elf/lib\libc.a(lib_a-mprec.o)
 .text._Balloc  0x0000000020026770       0xa8 c:/intelfpga_lite/18.0/nios2eds/bin/gnu/h-x86_64-mingw32/bin/../lib/gcc/nios2-elf/5.3.0/../../../../../H-x86_64-mingw32/nios2-elf/lib\libc.a(lib_a-mprec.o)
                0x0000000020026770                _Balloc
 .text._Bfree   0x0000000020026818       0x28 c:/intelfpga_lite/18.0/nios2eds/bin/gnu/h-x86_64-mingw32/bin/../lib/gcc/nios2-elf/5.3.0/../../../../../H-x86_64-mingw32/nios2-elf/lib\libc.a(lib_a-mprec.o)
                0x0000000020026818                _Bfree
 .text.__multadd
                0x0000000020026840      0x120 c:/intelfpga_lite/18.0/nios2eds/bin/gnu/h-x86_64-mingw32/bin/../lib/gcc/nios2-elf/5.3.0/../../../../../H-x86_64-mingw32/nios2-elf/lib\libc.a(lib_a-mprec.o)
                0x0000000020026840                __multadd
 .text.__s2b    0x0000000020026960      0x104 c:/intelfpga_lite/18.0/nios2eds/bin/gnu/h-x86_64-mingw32/bin/../lib/gcc/nios2-elf/5.3.0/../../../../../H-x86_64-mingw32/nios2-elf/lib\libc.a(lib_a-mprec.o)
                0x0000000020026960                __s2b
 .text.__hi0bits
                0x0000000020026a64       0x68 c:/intelfpga_lite/18.0/nios2eds/bin/gnu/h-x86_64-mingw32/bin/../lib/gcc/nios2-elf/5.3.0/../../../../../H-x86_64-mingw32/nios2-elf/lib\libc.a(lib_a-mprec.o)
                0x0000000020026a64                __hi0bits
 .text.__lo0bits
                0x0000000020026acc       0xb0 c:/intelfpga_lite/18.0/nios2eds/bin/gnu/h-x86_64-mingw32/bin/../lib/gcc/nios2-elf/5.3.0/../../../../../H-x86_64-mingw32/nios2-elf/lib\libc.a(lib_a-mprec.o)
                0x0000000020026acc                __lo0bits
 .text.__i2b    0x0000000020026b7c       0x3c c:/intelfpga_lite/18.0/nios2eds/bin/gnu/h-x86_64-mingw32/bin/../lib/gcc/nios2-elf/5.3.0/../../../../../H-x86_64-mingw32/nios2-elf/lib\libc.a(lib_a-mprec.o)
                0x0000000020026b7c                __i2b
 .text.__multiply
                0x0000000020026bb8      0x1f8 c:/intelfpga_lite/18.0/nios2eds/bin/gnu/h-x86_64-mingw32/bin/../lib/gcc/nios2-elf/5.3.0/../../../../../H-x86_64-mingw32/nios2-elf/lib\libc.a(lib_a-mprec.o)
                0x0000000020026bb8                __multiply
 .text.__pow5mult
                0x0000000020026db0      0x140 c:/intelfpga_lite/18.0/nios2eds/bin/gnu/h-x86_64-mingw32/bin/../lib/gcc/nios2-elf/5.3.0/../../../../../H-x86_64-mingw32/nios2-elf/lib\libc.a(lib_a-mprec.o)
                0x0000000020026db0                __pow5mult
 .text.__lshift
                0x0000000020026ef0      0x148 c:/intelfpga_lite/18.0/nios2eds/bin/gnu/h-x86_64-mingw32/bin/../lib/gcc/nios2-elf/5.3.0/../../../../../H-x86_64-mingw32/nios2-elf/lib\libc.a(lib_a-mprec.o)
                0x0000000020026ef0                __lshift
 .text.__mcmp   0x0000000020027038       0x60 c:/intelfpga_lite/18.0/nios2eds/bin/gnu/h-x86_64-mingw32/bin/../lib/gcc/nios2-elf/5.3.0/../../../../../H-x86_64-mingw32/nios2-elf/lib\libc.a(lib_a-mprec.o)
                0x0000000020027038                __mcmp
 .text.__mdiff  0x0000000020027098      0x1fc c:/intelfpga_lite/18.0/nios2eds/bin/gnu/h-x86_64-mingw32/bin/../lib/gcc/nios2-elf/5.3.0/../../../../../H-x86_64-mingw32/nios2-elf/lib\libc.a(lib_a-mprec.o)
                0x0000000020027098                __mdiff
 .text.__ulp    0x0000000020027294       0x64 c:/intelfpga_lite/18.0/nios2eds/bin/gnu/h-x86_64-mingw32/bin/../lib/gcc/nios2-elf/5.3.0/../../../../../H-x86_64-mingw32/nios2-elf/lib\libc.a(lib_a-mprec.o)
                0x0000000020027294                __ulp
 .text.__b2d    0x00000000200272f8      0x10c c:/intelfpga_lite/18.0/nios2eds/bin/gnu/h-x86_64-mingw32/bin/../lib/gcc/nios2-elf/5.3.0/../../../../../H-x86_64-mingw32/nios2-elf/lib\libc.a(lib_a-mprec.o)
                0x00000000200272f8                __b2d
 .text.__d2b    0x0000000020027404      0x14c c:/intelfpga_lite/18.0/nios2eds/bin/gnu/h-x86_64-mingw32/bin/../lib/gcc/nios2-elf/5.3.0/../../../../../H-x86_64-mingw32/nios2-elf/lib\libc.a(lib_a-mprec.o)
                0x0000000020027404                __d2b
 .text.__ratio  0x0000000020027550       0xa4 c:/intelfpga_lite/18.0/nios2eds/bin/gnu/h-x86_64-mingw32/bin/../lib/gcc/nios2-elf/5.3.0/../../../../../H-x86_64-mingw32/nios2-elf/lib\libc.a(lib_a-mprec.o)
                0x0000000020027550                __ratio
 .text._mprec_log10
                0x00000000200275f4       0x74 c:/intelfpga_lite/18.0/nios2eds/bin/gnu/h-x86_64-mingw32/bin/../lib/gcc/nios2-elf/5.3.0/../../../../../H-x86_64-mingw32/nios2-elf/lib\libc.a(lib_a-mprec.o)
                0x00000000200275f4                _mprec_log10
 .text.__copybits
                0x0000000020027668       0x78 c:/intelfpga_lite/18.0/nios2eds/bin/gnu/h-x86_64-mingw32/bin/../lib/gcc/nios2-elf/5.3.0/../../../../../H-x86_64-mingw32/nios2-elf/lib\libc.a(lib_a-mprec.o)
                0x0000000020027668                __copybits
 .text.__any_on
                0x00000000200276e0       0x8c c:/intelfpga_lite/18.0/nios2eds/bin/gnu/h-x86_64-mingw32/bin/../lib/gcc/nios2-elf/5.3.0/../../../../../H-x86_64-mingw32/nios2-elf/lib\libc.a(lib_a-mprec.o)
                0x00000000200276e0                __any_on
 .text          0x000000002002776c        0x0 c:/intelfpga_lite/18.0/nios2eds/bin/gnu/h-x86_64-mingw32/bin/../lib/gcc/nios2-elf/5.3.0/../../../../../H-x86_64-mingw32/nios2-elf/lib\libc.a(lib_a-s_fpclassify.o)
 .text.__fpclassifyd
                0x000000002002776c       0x74 c:/intelfpga_lite/18.0/nios2eds/bin/gnu/h-x86_64-mingw32/bin/../lib/gcc/nios2-elf/5.3.0/../../../../../H-x86_64-mingw32/nios2-elf/lib\libc.a(lib_a-s_fpclassify.o)
                0x000000002002776c                __fpclassifyd
 .text          0x00000000200277e0        0x0 c:/intelfpga_lite/18.0/nios2eds/bin/gnu/h-x86_64-mingw32/bin/../lib/gcc/nios2-elf/5.3.0/../../../../../H-x86_64-mingw32/nios2-elf/lib\libc.a(lib_a-sbrkr.o)
 .text._sbrk_r  0x00000000200277e0       0x54 c:/intelfpga_lite/18.0/nios2eds/bin/gnu/h-x86_64-mingw32/bin/../lib/gcc/nios2-elf/5.3.0/../../../../../H-x86_64-mingw32/nios2-elf/lib\libc.a(lib_a-sbrkr.o)
                0x00000000200277e0                _sbrk_r
 .text          0x0000000020027834        0x0 c:/intelfpga_lite/18.0/nios2eds/bin/gnu/h-x86_64-mingw32/bin/../lib/gcc/nios2-elf/5.3.0/../../../../../H-x86_64-mingw32/nios2-elf/lib\libc.a(lib_a-stdio.o)
 .text.__sread  0x0000000020027834       0x54 c:/intelfpga_lite/18.0/nios2eds/bin/gnu/h-x86_64-mingw32/bin/../lib/gcc/nios2-elf/5.3.0/../../../../../H-x86_64-mingw32/nios2-elf/lib\libc.a(lib_a-stdio.o)
                0x0000000020027834                __sread
 .text.__seofread
                0x0000000020027888        0x8 c:/intelfpga_lite/18.0/nios2eds/bin/gnu/h-x86_64-mingw32/bin/../lib/gcc/nios2-elf/5.3.0/../../../../../H-x86_64-mingw32/nios2-elf/lib\libc.a(lib_a-stdio.o)
                0x0000000020027888                __seofread
 .text.__swrite
                0x0000000020027890       0x7c c:/intelfpga_lite/18.0/nios2eds/bin/gnu/h-x86_64-mingw32/bin/../lib/gcc/nios2-elf/5.3.0/../../../../../H-x86_64-mingw32/nios2-elf/lib\libc.a(lib_a-stdio.o)
                0x0000000020027890                __swrite
 .text.__sseek  0x000000002002790c       0x5c c:/intelfpga_lite/18.0/nios2eds/bin/gnu/h-x86_64-mingw32/bin/../lib/gcc/nios2-elf/5.3.0/../../../../../H-x86_64-mingw32/nios2-elf/lib\libc.a(lib_a-stdio.o)
                0x000000002002790c                __sseek
 .text.__sclose
                0x0000000020027968        0x8 c:/intelfpga_lite/18.0/nios2eds/bin/gnu/h-x86_64-mingw32/bin/../lib/gcc/nios2-elf/5.3.0/../../../../../H-x86_64-mingw32/nios2-elf/lib\libc.a(lib_a-stdio.o)
                0x0000000020027968                __sclose
 .text          0x0000000020027970        0x0 c:/intelfpga_lite/18.0/nios2eds/bin/gnu/h-x86_64-mingw32/bin/../lib/gcc/nios2-elf/5.3.0/../../../../../H-x86_64-mingw32/nios2-elf/lib\libc.a(lib_a-strcmp.o)
 .text.strcmp   0x0000000020027970       0xdc c:/intelfpga_lite/18.0/nios2eds/bin/gnu/h-x86_64-mingw32/bin/../lib/gcc/nios2-elf/5.3.0/../../../../../H-x86_64-mingw32/nios2-elf/lib\libc.a(lib_a-strcmp.o)
                0x0000000020027970                strcmp
 .text          0x0000000020027a4c        0x0 c:/intelfpga_lite/18.0/nios2eds/bin/gnu/h-x86_64-mingw32/bin/../lib/gcc/nios2-elf/5.3.0/../../../../../H-x86_64-mingw32/nios2-elf/lib\libc.a(lib_a-strlen.o)
 .text.strlen   0x0000000020027a4c       0x98 c:/intelfpga_lite/18.0/nios2eds/bin/gnu/h-x86_64-mingw32/bin/../lib/gcc/nios2-elf/5.3.0/../../../../../H-x86_64-mingw32/nios2-elf/lib\libc.a(lib_a-strlen.o)
                0x0000000020027a4c                strlen
 .text          0x0000000020027ae4        0x0 c:/intelfpga_lite/18.0/nios2eds/bin/gnu/h-x86_64-mingw32/bin/../lib/gcc/nios2-elf/5.3.0/../../../../../H-x86_64-mingw32/nios2-elf/lib\libc.a(lib_a-vfiprintf.o)
 .text.__sprint_r.part.0
                0x0000000020027ae4       0xfc c:/intelfpga_lite/18.0/nios2eds/bin/gnu/h-x86_64-mingw32/bin/../lib/gcc/nios2-elf/5.3.0/../../../../../H-x86_64-mingw32/nios2-elf/lib\libc.a(lib_a-vfiprintf.o)
 .text.__sprint_r
                0x0000000020027be0       0x18 c:/intelfpga_lite/18.0/nios2eds/bin/gnu/h-x86_64-mingw32/bin/../lib/gcc/nios2-elf/5.3.0/../../../../../H-x86_64-mingw32/nios2-elf/lib\libc.a(lib_a-vfiprintf.o)
                0x0000000020027be0                __sprint_r
 .text.___vfiprintf_internal_r
                0x0000000020027bf8     0x145c c:/intelfpga_lite/18.0/nios2eds/bin/gnu/h-x86_64-mingw32/bin/../lib/gcc/nios2-elf/5.3.0/../../../../../H-x86_64-mingw32/nios2-elf/lib\libc.a(lib_a-vfiprintf.o)
                0x0000000020027bf8                ___vfiprintf_internal_r
 .text.__vfiprintf_internal
                0x0000000020029054       0x1c c:/intelfpga_lite/18.0/nios2eds/bin/gnu/h-x86_64-mingw32/bin/../lib/gcc/nios2-elf/5.3.0/../../../../../H-x86_64-mingw32/nios2-elf/lib\libc.a(lib_a-vfiprintf.o)
                0x0000000020029054                __vfiprintf_internal
 .text.__sbprintf
                0x0000000020029070       0xbc c:/intelfpga_lite/18.0/nios2eds/bin/gnu/h-x86_64-mingw32/bin/../lib/gcc/nios2-elf/5.3.0/../../../../../H-x86_64-mingw32/nios2-elf/lib\libc.a(lib_a-vfiprintf.o)
 .text          0x000000002002912c        0x0 c:/intelfpga_lite/18.0/nios2eds/bin/gnu/h-x86_64-mingw32/bin/../lib/gcc/nios2-elf/5.3.0/../../../../../H-x86_64-mingw32/nios2-elf/lib\libc.a(lib_a-writer.o)
 .text._write_r
                0x000000002002912c       0x60 c:/intelfpga_lite/18.0/nios2eds/bin/gnu/h-x86_64-mingw32/bin/../lib/gcc/nios2-elf/5.3.0/../../../../../H-x86_64-mingw32/nios2-elf/lib\libc.a(lib_a-writer.o)
                0x000000002002912c                _write_r
 .text          0x000000002002918c        0x0 c:/intelfpga_lite/18.0/nios2eds/bin/gnu/h-x86_64-mingw32/bin/../lib/gcc/nios2-elf/5.3.0/../../../../../H-x86_64-mingw32/nios2-elf/lib\libc.a(closer.o)
 .text._close_r
                0x000000002002918c       0x54 c:/intelfpga_lite/18.0/nios2eds/bin/gnu/h-x86_64-mingw32/bin/../lib/gcc/nios2-elf/5.3.0/../../../../../H-x86_64-mingw32/nios2-elf/lib\libc.a(closer.o)
                0x000000002002918c                _close_r
 .text          0x00000000200291e0        0x0 c:/intelfpga_lite/18.0/nios2eds/bin/gnu/h-x86_64-mingw32/bin/../lib/gcc/nios2-elf/5.3.0/../../../../../H-x86_64-mingw32/nios2-elf/lib\libc.a(lib_a-callocr.o)
 .text._calloc_r
                0x00000000200291e0       0xc4 c:/intelfpga_lite/18.0/nios2eds/bin/gnu/h-x86_64-mingw32/bin/../lib/gcc/nios2-elf/5.3.0/../../../../../H-x86_64-mingw32/nios2-elf/lib\libc.a(lib_a-callocr.o)
                0x00000000200291e0                _calloc_r
 .text          0x00000000200292a4        0x0 c:/intelfpga_lite/18.0/nios2eds/bin/gnu/h-x86_64-mingw32/bin/../lib/gcc/nios2-elf/5.3.0/../../../../../H-x86_64-mingw32/nios2-elf/lib\libc.a(lib_a-fclose.o)
 .text._fclose_r
                0x00000000200292a4       0xf0 c:/intelfpga_lite/18.0/nios2eds/bin/gnu/h-x86_64-mingw32/bin/../lib/gcc/nios2-elf/5.3.0/../../../../../H-x86_64-mingw32/nios2-elf/lib\libc.a(lib_a-fclose.o)
                0x00000000200292a4                _fclose_r
 .text.fclose   0x0000000020029394       0x14 c:/intelfpga_lite/18.0/nios2eds/bin/gnu/h-x86_64-mingw32/bin/../lib/gcc/nios2-elf/5.3.0/../../../../../H-x86_64-mingw32/nios2-elf/lib\libc.a(lib_a-fclose.o)
                0x0000000020029394                fclose
 .text          0x00000000200293a8        0x0 c:/intelfpga_lite/18.0/nios2eds/bin/gnu/h-x86_64-mingw32/bin/../lib/gcc/nios2-elf/5.3.0/../../../../../H-x86_64-mingw32/nios2-elf/lib\libc.a(lib_a-fputwc.o)
 .text.__fputwc
                0x00000000200293a8      0x164 c:/intelfpga_lite/18.0/nios2eds/bin/gnu/h-x86_64-mingw32/bin/../lib/gcc/nios2-elf/5.3.0/../../../../../H-x86_64-mingw32/nios2-elf/lib\libc.a(lib_a-fputwc.o)
                0x00000000200293a8                __fputwc
 .text._fputwc_r
                0x000000002002950c       0x24 c:/intelfpga_lite/18.0/nios2eds/bin/gnu/h-x86_64-mingw32/bin/../lib/gcc/nios2-elf/5.3.0/../../../../../H-x86_64-mingw32/nios2-elf/lib\libc.a(lib_a-fputwc.o)
                0x000000002002950c                _fputwc_r
 .text.fputwc   0x0000000020029530       0x80 c:/intelfpga_lite/18.0/nios2eds/bin/gnu/h-x86_64-mingw32/bin/../lib/gcc/nios2-elf/5.3.0/../../../../../H-x86_64-mingw32/nios2-elf/lib\libc.a(lib_a-fputwc.o)
                0x0000000020029530                fputwc
 .text          0x00000000200295b0        0x0 c:/intelfpga_lite/18.0/nios2eds/bin/gnu/h-x86_64-mingw32/bin/../lib/gcc/nios2-elf/5.3.0/../../../../../H-x86_64-mingw32/nios2-elf/lib\libc.a(lib_a-fstatr.o)
 .text._fstat_r
                0x00000000200295b0       0x5c c:/intelfpga_lite/18.0/nios2eds/bin/gnu/h-x86_64-mingw32/bin/../lib/gcc/nios2-elf/5.3.0/../../../../../H-x86_64-mingw32/nios2-elf/lib\libc.a(lib_a-fstatr.o)
                0x00000000200295b0                _fstat_r
 .text          0x000000002002960c        0x0 c:/intelfpga_lite/18.0/nios2eds/bin/gnu/h-x86_64-mingw32/bin/../lib/gcc/nios2-elf/5.3.0/../../../../../H-x86_64-mingw32/nios2-elf/lib\libc.a(lib_a-fvwrite.o)
 .text.__sfvwrite_r
                0x000000002002960c      0x4bc c:/intelfpga_lite/18.0/nios2eds/bin/gnu/h-x86_64-mingw32/bin/../lib/gcc/nios2-elf/5.3.0/../../../../../H-x86_64-mingw32/nios2-elf/lib\libc.a(lib_a-fvwrite.o)
                0x000000002002960c                __sfvwrite_r
 .text          0x0000000020029ac8        0x0 c:/intelfpga_lite/18.0/nios2eds/bin/gnu/h-x86_64-mingw32/bin/../lib/gcc/nios2-elf/5.3.0/../../../../../H-x86_64-mingw32/nios2-elf/lib\libc.a(lib_a-int_errno.o)
 .text          0x0000000020029ac8        0x0 c:/intelfpga_lite/18.0/nios2eds/bin/gnu/h-x86_64-mingw32/bin/../lib/gcc/nios2-elf/5.3.0/../../../../../H-x86_64-mingw32/nios2-elf/lib\libc.a(lib_a-isattyr.o)
 .text._isatty_r
                0x0000000020029ac8       0x54 c:/intelfpga_lite/18.0/nios2eds/bin/gnu/h-x86_64-mingw32/bin/../lib/gcc/nios2-elf/5.3.0/../../../../../H-x86_64-mingw32/nios2-elf/lib\libc.a(lib_a-isattyr.o)
                0x0000000020029ac8                _isatty_r
 .text          0x0000000020029b1c        0x0 c:/intelfpga_lite/18.0/nios2eds/bin/gnu/h-x86_64-mingw32/bin/../lib/gcc/nios2-elf/5.3.0/../../../../../H-x86_64-mingw32/nios2-elf/lib\libc.a(lib_a-lseekr.o)
 .text._lseek_r
                0x0000000020029b1c       0x60 c:/intelfpga_lite/18.0/nios2eds/bin/gnu/h-x86_64-mingw32/bin/../lib/gcc/nios2-elf/5.3.0/../../../../../H-x86_64-mingw32/nios2-elf/lib\libc.a(lib_a-lseekr.o)
                0x0000000020029b1c                _lseek_r
 .text          0x0000000020029b7c        0x0 c:/intelfpga_lite/18.0/nios2eds/bin/gnu/h-x86_64-mingw32/bin/../lib/gcc/nios2-elf/5.3.0/../../../../../H-x86_64-mingw32/nios2-elf/lib\libc.a(lib_a-memmove.o)
 .text.memmove  0x0000000020029b7c      0x15c c:/intelfpga_lite/18.0/nios2eds/bin/gnu/h-x86_64-mingw32/bin/../lib/gcc/nios2-elf/5.3.0/../../../../../H-x86_64-mingw32/nios2-elf/lib\libc.a(lib_a-memmove.o)
                0x0000000020029b7c                memmove
 .text          0x0000000020029cd8        0x0 c:/intelfpga_lite/18.0/nios2eds/bin/gnu/h-x86_64-mingw32/bin/../lib/gcc/nios2-elf/5.3.0/../../../../../H-x86_64-mingw32/nios2-elf/lib\libc.a(lib_a-readr.o)
 .text._read_r  0x0000000020029cd8       0x60 c:/intelfpga_lite/18.0/nios2eds/bin/gnu/h-x86_64-mingw32/bin/../lib/gcc/nios2-elf/5.3.0/../../../../../H-x86_64-mingw32/nios2-elf/lib\libc.a(lib_a-readr.o)
                0x0000000020029cd8                _read_r
 .text          0x0000000020029d38        0x0 c:/intelfpga_lite/18.0/nios2eds/bin/gnu/h-x86_64-mingw32/bin/../lib/gcc/nios2-elf/5.3.0/../../../../../H-x86_64-mingw32/nios2-elf/lib\libc.a(lib_a-reallocr.o)
 .text._realloc_r
                0x0000000020029d38      0x564 c:/intelfpga_lite/18.0/nios2eds/bin/gnu/h-x86_64-mingw32/bin/../lib/gcc/nios2-elf/5.3.0/../../../../../H-x86_64-mingw32/nios2-elf/lib\libc.a(lib_a-reallocr.o)
                0x0000000020029d38                _realloc_r
 .text          0x000000002002a29c        0x0 c:/intelfpga_lite/18.0/nios2eds/bin/gnu/h-x86_64-mingw32/bin/../lib/gcc/nios2-elf/5.3.0/../../../../../H-x86_64-mingw32/nios2-elf/lib\libc.a(lib_a-wbuf.o)
 .text.__swbuf_r
                0x000000002002a29c      0x140 c:/intelfpga_lite/18.0/nios2eds/bin/gnu/h-x86_64-mingw32/bin/../lib/gcc/nios2-elf/5.3.0/../../../../../H-x86_64-mingw32/nios2-elf/lib\libc.a(lib_a-wbuf.o)
                0x000000002002a29c                __swbuf_r
 .text.__swbuf  0x000000002002a3dc       0x18 c:/intelfpga_lite/18.0/nios2eds/bin/gnu/h-x86_64-mingw32/bin/../lib/gcc/nios2-elf/5.3.0/../../../../../H-x86_64-mingw32/nios2-elf/lib\libc.a(lib_a-wbuf.o)
                0x000000002002a3dc                __swbuf
 .text          0x000000002002a3f4        0x0 c:/intelfpga_lite/18.0/nios2eds/bin/gnu/h-x86_64-mingw32/bin/../lib/gcc/nios2-elf/5.3.0/../../../../../H-x86_64-mingw32/nios2-elf/lib\libc.a(lib_a-wcrtomb.o)
 .text._wcrtomb_r
                0x000000002002a3f4       0x9c c:/intelfpga_lite/18.0/nios2eds/bin/gnu/h-x86_64-mingw32/bin/../lib/gcc/nios2-elf/5.3.0/../../../../../H-x86_64-mingw32/nios2-elf/lib\libc.a(lib_a-wcrtomb.o)
                0x000000002002a3f4                _wcrtomb_r
 .text.wcrtomb  0x000000002002a490       0xc0 c:/intelfpga_lite/18.0/nios2eds/bin/gnu/h-x86_64-mingw32/bin/../lib/gcc/nios2-elf/5.3.0/../../../../../H-x86_64-mingw32/nios2-elf/lib\libc.a(lib_a-wcrtomb.o)
                0x000000002002a490                wcrtomb
 .text          0x000000002002a550        0x0 c:/intelfpga_lite/18.0/nios2eds/bin/gnu/h-x86_64-mingw32/bin/../lib/gcc/nios2-elf/5.3.0/../../../../../H-x86_64-mingw32/nios2-elf/lib\libc.a(lib_a-wctomb_r.o)
 .text.__ascii_wctomb
                0x000000002002a550       0x30 c:/intelfpga_lite/18.0/nios2eds/bin/gnu/h-x86_64-mingw32/bin/../lib/gcc/nios2-elf/5.3.0/../../../../../H-x86_64-mingw32/nios2-elf/lib\libc.a(lib_a-wctomb_r.o)
                0x000000002002a550                __ascii_wctomb
 .text._wctomb_r
                0x000000002002a580       0x5c c:/intelfpga_lite/18.0/nios2eds/bin/gnu/h-x86_64-mingw32/bin/../lib/gcc/nios2-elf/5.3.0/../../../../../H-x86_64-mingw32/nios2-elf/lib\libc.a(lib_a-wctomb_r.o)
                0x000000002002a580                _wctomb_r
 .text          0x000000002002a5dc      0x578 c:/intelfpga_lite/18.0/nios2eds/bin/gnu/h-x86_64-mingw32/bin/../lib/gcc/nios2-elf/5.3.0\libgcc.a(_udivdi3.o)
                0x000000002002a5dc                __udivdi3
 .text          0x000000002002ab54      0x538 c:/intelfpga_lite/18.0/nios2eds/bin/gnu/h-x86_64-mingw32/bin/../lib/gcc/nios2-elf/5.3.0\libgcc.a(_umoddi3.o)
                0x000000002002ab54                __umoddi3
 .text          0x000000002002b08c      0x8ac c:/intelfpga_lite/18.0/nios2eds/bin/gnu/h-x86_64-mingw32/bin/../lib/gcc/nios2-elf/5.3.0\libgcc.a(adddf3.o)
                0x000000002002b08c                __adddf3
 .text          0x000000002002b938       0x88 c:/intelfpga_lite/18.0/nios2eds/bin/gnu/h-x86_64-mingw32/bin/../lib/gcc/nios2-elf/5.3.0\libgcc.a(eqdf2.o)
                0x000000002002b938                __nedf2
                0x000000002002b938                __eqdf2
 .text          0x000000002002b9c0       0xdc c:/intelfpga_lite/18.0/nios2eds/bin/gnu/h-x86_64-mingw32/bin/../lib/gcc/nios2-elf/5.3.0\libgcc.a(gedf2.o)
                0x000000002002b9c0                __gedf2
                0x000000002002b9c0                __gtdf2
 .text          0x000000002002ba9c       0xf4 c:/intelfpga_lite/18.0/nios2eds/bin/gnu/h-x86_64-mingw32/bin/../lib/gcc/nios2-elf/5.3.0\libgcc.a(ledf2.o)
                0x000000002002ba9c                __ledf2
                0x000000002002ba9c                __ltdf2
 .text          0x000000002002bb90      0x718 c:/intelfpga_lite/18.0/nios2eds/bin/gnu/h-x86_64-mingw32/bin/../lib/gcc/nios2-elf/5.3.0\libgcc.a(muldf3.o)
                0x000000002002bb90                __muldf3
 .text          0x000000002002c2a8      0x8fc c:/intelfpga_lite/18.0/nios2eds/bin/gnu/h-x86_64-mingw32/bin/../lib/gcc/nios2-elf/5.3.0\libgcc.a(subdf3.o)
                0x000000002002c2a8                __subdf3
 .text          0x000000002002cba4       0x80 c:/intelfpga_lite/18.0/nios2eds/bin/gnu/h-x86_64-mingw32/bin/../lib/gcc/nios2-elf/5.3.0\libgcc.a(fixdfsi.o)
                0x000000002002cba4                __fixdfsi
 .text          0x000000002002cc24       0xdc c:/intelfpga_lite/18.0/nios2eds/bin/gnu/h-x86_64-mingw32/bin/../lib/gcc/nios2-elf/5.3.0\libgcc.a(floatsidf.o)
                0x000000002002cc24                __floatsidf
 .text          0x000000002002cd00      0x10c ../CPU0_lab3_1_bsp/\libucosii_bsp.a(alt_close.o)
                0x000000002002cd3c                close
 .text          0x000000002002ce0c       0x2c ../CPU0_lab3_1_bsp/\libucosii_bsp.a(alt_dev.o)
 .text          0x000000002002ce38        0x0 ../CPU0_lab3_1_bsp/\libucosii_bsp.a(alt_errno.o)
 .text          0x000000002002ce38       0xec ../CPU0_lab3_1_bsp/\libucosii_bsp.a(alt_fstat.o)
                0x000000002002ce74                fstat
 .text          0x000000002002cf24      0x1b0 ../CPU0_lab3_1_bsp/\libucosii_bsp.a(alt_iic.o)
                0x000000002002cf24                alt_ic_isr_register
                0x000000002002cf74                alt_ic_irq_enable
                0x000000002002cffc                alt_ic_irq_disable
                0x000000002002d088                alt_ic_irq_enabled
 .text          0x000000002002d0d4       0xf0 ../CPU0_lab3_1_bsp/\libucosii_bsp.a(alt_iic_isr_register.o)
                0x000000002002d0d4                alt_iic_isr_register
 .text          0x000000002002d1c4        0x0 ../CPU0_lab3_1_bsp/\libucosii_bsp.a(alt_irq_entry.o)
 .text          0x000000002002d1c4        0x0 ../CPU0_lab3_1_bsp/\libucosii_bsp.a(alt_irq_handler.o)
 .text          0x000000002002d1c4        0x0 ../CPU0_lab3_1_bsp/\libucosii_bsp.a(alt_irq_vars.o)
 .text          0x000000002002d1c4       0xe0 ../CPU0_lab3_1_bsp/\libucosii_bsp.a(alt_isatty.o)
                0x000000002002d200                isatty
 .text          0x000000002002d2a4       0xec ../CPU0_lab3_1_bsp/\libucosii_bsp.a(alt_load.o)
                0x000000002002d30c                alt_load
 .text          0x000000002002d390      0x110 ../CPU0_lab3_1_bsp/\libucosii_bsp.a(alt_lseek.o)
                0x000000002002d3cc                lseek
 .text          0x000000002002d4a0       0xbc ../CPU0_lab3_1_bsp/\libucosii_bsp.a(alt_main.o)
                0x000000002002d4a0                alt_main
 .text          0x000000002002d55c      0x138 ../CPU0_lab3_1_bsp/\libucosii_bsp.a(alt_read.o)
                0x000000002002d598                read
 .text          0x000000002002d694       0x64 ../CPU0_lab3_1_bsp/\libucosii_bsp.a(alt_release_fd.o)
                0x000000002002d694                alt_release_fd
 .text          0x000000002002d6f8       0xb0 ../CPU0_lab3_1_bsp/\libucosii_bsp.a(alt_sbrk.o)
                0x000000002002d6f8                sbrk
 .text          0x000000002002d7a8      0x134 ../CPU0_lab3_1_bsp/\libucosii_bsp.a(alt_write.o)
                0x000000002002d7e4                write
 .text          0x000000002002d8dc      0x124 ../CPU0_lab3_1_bsp/\libucosii_bsp.a(alt_env_lock.o)
                0x000000002002d8dc                __env_lock
                0x000000002002d9a0                __env_unlock
 .text          0x000000002002da00      0x1ec ../CPU0_lab3_1_bsp/\libucosii_bsp.a(alt_malloc_lock.o)
                0x000000002002da00                __malloc_lock
                0x000000002002db20                __malloc_unlock
 .text          0x000000002002dbec     0x2014 ../CPU0_lab3_1_bsp/\libucosii_bsp.a(os_core.o)
                0x000000002002dbec                OSEventNameGet
                0x000000002002dd0c                OSEventNameSet
                0x000000002002de4c                OSEventPendMulti
                0x000000002002e45c                OSInit
                0x000000002002e4b4                OSIntEnter
                0x000000002002e500                OSIntExit
                0x000000002002e5f8                OSSchedLock
                0x000000002002e684                OSSchedUnlock
                0x000000002002e760                OSStart
                0x000000002002e7d0                OSStatInit
                0x000000002002e880                OSTimeTick
                0x000000002002eaa0                OSVersion
                0x000000002002eac0                OS_Dummy
                0x000000002002eae0                OS_EventTaskRdy
                0x000000002002ec78                OS_EventTaskWait
                0x000000002002ed88                OS_EventTaskWaitMulti
                0x000000002002eed8                OS_EventTaskRemove
                0x000000002002ef90                OS_EventTaskRemoveMulti
                0x000000002002f090                OS_EventWaitListInit
                0x000000002002f470                OS_MemClr
                0x000000002002f4c4                OS_MemCopy
                0x000000002002f52c                OS_Sched
                0x000000002002f670                OS_StrCopy
                0x000000002002f6e4                OS_StrLen
                0x000000002002f738                OS_TaskIdle
                0x000000002002f794                OS_TaskStat
                0x000000002002f860                OS_TaskStatStkChk
                0x000000002002f92c                OS_TCBInit
 .text          0x000000002002fc00      0x190 ../CPU0_lab3_1_bsp/\libucosii_bsp.a(os_dbg.o)
                0x000000002002fc00                OSDebugInit
 .text          0x000000002002fd90     0x1714 ../CPU0_lab3_1_bsp/\libucosii_bsp.a(os_flag.o)
                0x000000002002fd90                OSFlagAccept
                0x0000000020030098                OSFlagCreate
                0x00000000200301a0                OSFlagDel
                0x00000000200303e8                OSFlagNameGet
                0x0000000020030510                OSFlagNameSet
                0x000000002003065c                OSFlagPend
                0x0000000020030c14                OSFlagPendGetFlagsRdy
                0x0000000020030c74                OSFlagPost
                0x0000000020031008                OSFlagQuery
                0x000000002003122c                OS_FlagInit
                0x0000000020031400                OS_FlagUnlink
 .text          0x00000000200314a4      0x754 ../CPU0_lab3_1_bsp/\libucosii_bsp.a(os_mem.o)
                0x00000000200314a4                OSMemCreate
                0x0000000020031678                OSMemGet
                0x0000000020031768                OSMemNameGet
                0x0000000020031858                OSMemNameSet
                0x000000002003196c                OSMemPut
                0x0000000020031a44                OSMemQuery
                0x0000000020031b2c                OS_MemInit
 .text          0x0000000020031bf8     0x1104 ../CPU0_lab3_1_bsp/\libucosii_bsp.a(os_q.o)
                0x0000000020031bf8                OSQAccept
                0x0000000020031d38                OSQCreate
                0x0000000020031ee4                OSQDel
                0x0000000020032164                OSQFlush
                0x000000002003221c                OSQPend
                0x00000000200324a8                OSQPendAbort
                0x0000000020032614                OSQPost
                0x000000002003277c                OSQPostFront
                0x00000000200328ec                OSQPostOpt
                0x0000000020032af8                OSQQuery
                0x0000000020032c54                OS_QInit
 .text          0x0000000020032cfc      0xa60 ../CPU0_lab3_1_bsp/\libucosii_bsp.a(os_sem.o)
                0x0000000020032cfc                OSSemAccept
                0x0000000020032dac                OSSemCreate
                0x0000000020032e84                OSSemDel
                0x00000000200330c4                OSSemPend
                0x00000000200332d0                OSSemPendAbort
                0x000000002003343c                OSSemPost
                0x000000002003354c                OSSemQuery
                0x000000002003365c                OSSemSet
 .text          0x000000002003375c     0x176c ../CPU0_lab3_1_bsp/\libucosii_bsp.a(os_task.o)
                0x000000002003375c                OSTaskChangePrio
                0x0000000020033c4c                OSTaskCreate
                0x0000000020033df8                OSTaskCreateExt
                0x0000000020033fdc                OSTaskDel
                0x0000000020034320                OSTaskDelReq
                0x0000000020034470                OSTaskNameGet
                0x0000000020034608                OSTaskNameSet
                0x00000000200347bc                OSTaskResume
                0x0000000020034990                OSTaskStkChk
                0x0000000020034b50                OSTaskSuspend
                0x0000000020034d34                OSTaskQuery
                0x0000000020034e58                OS_TaskStkClr
 .text          0x0000000020034ec8      0x4e8 ../CPU0_lab3_1_bsp/\libucosii_bsp.a(os_time.o)
                0x0000000020034ec8                OSTimeDly
                0x0000000020034fcc                OSTimeDlyHMSM
                0x0000000020035120                OSTimeDlyResume
                0x00000000200352f4                OSTimeGet
                0x0000000020035350                OSTimeSet
 .text          0x00000000200353b0      0x1c0 ../CPU0_lab3_1_bsp/\libucosii_bsp.a(alt_sys_init.o)
                0x00000000200354c8                alt_irq_init
                0x0000000020035500                alt_sys_init
 .text          0x0000000020035570      0x164 ../CPU0_lab3_1_bsp/\libucosii_bsp.a(altera_avalon_jtag_uart_fd.o)
                0x0000000020035570                altera_avalon_jtag_uart_read_fd
                0x00000000200355d0                altera_avalon_jtag_uart_write_fd
                0x0000000020035630                altera_avalon_jtag_uart_close_fd
                0x0000000020035680                altera_avalon_jtag_uart_ioctl_fd
 .text          0x00000000200356d4      0x558 ../CPU0_lab3_1_bsp/\libucosii_bsp.a(altera_avalon_jtag_uart_init.o)
                0x00000000200356d4                altera_avalon_jtag_uart_init
                0x0000000020035bc4                altera_avalon_jtag_uart_close
 .text          0x0000000020035c2c       0xf0 ../CPU0_lab3_1_bsp/\libucosii_bsp.a(altera_avalon_jtag_uart_ioctl.o)
                0x0000000020035c2c                altera_avalon_jtag_uart_ioctl
 .text          0x0000000020035d1c      0x2bc ../CPU0_lab3_1_bsp/\libucosii_bsp.a(altera_avalon_jtag_uart_read.o)
                0x0000000020035d1c                altera_avalon_jtag_uart_read
 .text          0x0000000020035fd8      0x2c4 ../CPU0_lab3_1_bsp/\libucosii_bsp.a(altera_avalon_jtag_uart_write.o)
                0x0000000020035fd8                altera_avalon_jtag_uart_write
 .text          0x000000002003629c      0x34c ../CPU0_lab3_1_bsp/\libucosii_bsp.a(altera_avalon_mutex.o)
                0x0000000020036354                altera_avalon_mutex_open
                0x00000000200363a8                altera_avalon_mutex_close
                0x00000000200363cc                altera_avalon_mutex_lock
                0x0000000020036438                altera_avalon_mutex_trylock
                0x00000000200364b8                altera_avalon_mutex_unlock
                0x0000000020036524                altera_avalon_mutex_is_mine
                0x0000000020036598                altera_avalon_mutex_first_lock
 .text          0x00000000200365e8       0xf4 ../CPU0_lab3_1_bsp/\libucosii_bsp.a(altera_avalon_timer_sc.o)
                0x0000000020036660                alt_avalon_timer_sc_init
 .text          0x00000000200366dc      0x12c ../CPU0_lab3_1_bsp/\libucosii_bsp.a(alt_alarm_start.o)
                0x00000000200366dc                alt_alarm_start
 .text          0x0000000020036808       0x48 ../CPU0_lab3_1_bsp/\libucosii_bsp.a(alt_dcache_flush_all.o)
                0x0000000020036808                alt_dcache_flush_all
 .text          0x0000000020036850       0xe0 ../CPU0_lab3_1_bsp/\libucosii_bsp.a(alt_dev_llist_insert.o)
                0x000000002003688c                alt_dev_llist_insert
 .text          0x0000000020036930       0x60 ../CPU0_lab3_1_bsp/\libucosii_bsp.a(alt_do_ctors.o)
                0x0000000020036930                _do_ctors
 .text          0x0000000020036990       0x60 ../CPU0_lab3_1_bsp/\libucosii_bsp.a(alt_do_dtors.o)
                0x0000000020036990                _do_dtors
 .text          0x00000000200369f0        0x0 ../CPU0_lab3_1_bsp/\libucosii_bsp.a(alt_exception_entry.o)
 .text          0x00000000200369f0       0x90 ../CPU0_lab3_1_bsp/\libucosii_bsp.a(alt_find_dev.o)
                0x00000000200369f0                alt_find_dev
 .text          0x0000000020036a80       0x34 ../CPU0_lab3_1_bsp/\libucosii_bsp.a(alt_icache_flush_all.o)
                0x0000000020036a80                alt_icache_flush_all
 .text          0x0000000020036ab4       0x9c ../CPU0_lab3_1_bsp/\libucosii_bsp.a(alt_instruction_exception_entry.o)
                0x0000000020036ab4                alt_exception_cause_generated_bad_addr
 .text          0x0000000020036b50      0x140 ../CPU0_lab3_1_bsp/\libucosii_bsp.a(alt_io_redirect.o)
                0x0000000020036c14                alt_io_redirect
 .text          0x0000000020036c90      0x254 ../CPU0_lab3_1_bsp/\libucosii_bsp.a(alt_open.o)
                0x0000000020036d90                open
 .text          0x0000000020036ee4      0x1a4 ../CPU0_lab3_1_bsp/\libucosii_bsp.a(alt_tick.o)
                0x0000000020036ee4                alt_alarm_stop
                0x0000000020036f80                alt_tick
 .text          0x0000000020037088       0x24 ../CPU0_lab3_1_bsp/\libucosii_bsp.a(altera_nios2_gen2_irq.o)
                0x0000000020037088                altera_nios2_gen2_irq_init
 .text          0x00000000200370ac       0xd0 ../CPU0_lab3_1_bsp/\libucosii_bsp.a(os_cpu_a.o)
                0x00000000200370ac                OSCtxSw
                0x00000000200370ac                OSIntCtxSw
                0x0000000020037138                OSStartHighRdy
                0x0000000020037158                OSStartTsk
 .text          0x000000002003717c      0x288 ../CPU0_lab3_1_bsp/\libucosii_bsp.a(os_cpu_c.o)
                0x000000002003717c                OSTaskStkInit
                0x00000000200372d8                OSTaskCreateHook
                0x00000000200372fc                OSTaskDelHook
                0x0000000020037320                OSTaskSwHook
                0x0000000020037340                OSTaskStatHook
                0x0000000020037360                OSTimeTickHook
                0x0000000020037380                OSInitHookBegin
                0x00000000200373a0                OSInitHookEnd
                0x00000000200373c0                OSTaskIdleHook
                0x00000000200373e0                OSTCBInitHook
 .text          0x0000000020037404      0x108 ../CPU0_lab3_1_bsp/\libucosii_bsp.a(alt_find_file.o)
                0x0000000020037404                alt_find_file
 .text          0x000000002003750c       0xdc ../CPU0_lab3_1_bsp/\libucosii_bsp.a(alt_get_fd.o)
                0x000000002003750c                alt_get_fd
 .text          0x00000000200375e8       0x90 ../CPU0_lab3_1_bsp/\libucosii_bsp.a(alt_icache_flush.o)
                0x00000000200375e8                alt_icache_flush
 .text          0x0000000020037678        0x0 c:/intelfpga_lite/18.0/nios2eds/bin/gnu/h-x86_64-mingw32/bin/../lib/gcc/nios2-elf/5.3.0/../../../../../H-x86_64-mingw32/nios2-elf/lib\libc.a(lib_a-atexit.o)
 .text.atexit   0x0000000020037678       0x14 c:/intelfpga_lite/18.0/nios2eds/bin/gnu/h-x86_64-mingw32/bin/../lib/gcc/nios2-elf/5.3.0/../../../../../H-x86_64-mingw32/nios2-elf/lib\libc.a(lib_a-atexit.o)
                0x0000000020037678                atexit
 .text          0x000000002003768c        0x0 c:/intelfpga_lite/18.0/nios2eds/bin/gnu/h-x86_64-mingw32/bin/../lib/gcc/nios2-elf/5.3.0/../../../../../H-x86_64-mingw32/nios2-elf/lib\libc.a(lib_a-exit.o)
 .text.exit     0x000000002003768c       0x38 c:/intelfpga_lite/18.0/nios2eds/bin/gnu/h-x86_64-mingw32/bin/../lib/gcc/nios2-elf/5.3.0/../../../../../H-x86_64-mingw32/nios2-elf/lib\libc.a(lib_a-exit.o)
                0x000000002003768c                exit
 .text          0x00000000200376c4        0x0 c:/intelfpga_lite/18.0/nios2eds/bin/gnu/h-x86_64-mingw32/bin/../lib/gcc/nios2-elf/5.3.0/../../../../../H-x86_64-mingw32/nios2-elf/lib\libc.a(lib_a-memcmp.o)
 .text.memcmp   0x00000000200376c4       0x7c c:/intelfpga_lite/18.0/nios2eds/bin/gnu/h-x86_64-mingw32/bin/../lib/gcc/nios2-elf/5.3.0/../../../../../H-x86_64-mingw32/nios2-elf/lib\libc.a(lib_a-memcmp.o)
                0x00000000200376c4                memcmp
 .text          0x0000000020037740        0x0 c:/intelfpga_lite/18.0/nios2eds/bin/gnu/h-x86_64-mingw32/bin/../lib/gcc/nios2-elf/5.3.0/../../../../../H-x86_64-mingw32/nios2-elf/lib\libc.a(lib_a-__atexit.o)
 .text.__register_exitproc
                0x0000000020037740      0x118 c:/intelfpga_lite/18.0/nios2eds/bin/gnu/h-x86_64-mingw32/bin/../lib/gcc/nios2-elf/5.3.0/../../../../../H-x86_64-mingw32/nios2-elf/lib\libc.a(lib_a-__atexit.o)
                0x0000000020037740                __register_exitproc
 .text          0x0000000020037858        0x0 c:/intelfpga_lite/18.0/nios2eds/bin/gnu/h-x86_64-mingw32/bin/../lib/gcc/nios2-elf/5.3.0/../../../../../H-x86_64-mingw32/nios2-elf/lib\libc.a(lib_a-__call_atexit.o)
 .text.__call_exitprocs
                0x0000000020037858      0x180 c:/intelfpga_lite/18.0/nios2eds/bin/gnu/h-x86_64-mingw32/bin/../lib/gcc/nios2-elf/5.3.0/../../../../../H-x86_64-mingw32/nios2-elf/lib\libc.a(lib_a-__call_atexit.o)
                0x0000000020037858                __call_exitprocs
 .text          0x00000000200379d8       0x34 ../CPU0_lab3_1_bsp/\libucosii_bsp.a(alt_exit.o)
                0x00000000200379d8                _exit
 *(.gnu.warning.*)
 *(.fini)
                [!provide]                        PROVIDE (__etext, ABSOLUTE (.))
                [!provide]                        PROVIDE (_etext, ABSOLUTE (.))
                [!provide]                        PROVIDE (etext, ABSOLUTE (.))
 *(.eh_frame_hdr)
                0x0000000020037a0c                . = ALIGN (0x4)
                [!provide]                        PROVIDE (__preinit_array_start, ABSOLUTE (.))
 *(.preinit_array)
                [!provide]                        PROVIDE (__preinit_array_end, ABSOLUTE (.))
                [!provide]                        PROVIDE (__init_array_start, ABSOLUTE (.))
 *(.init_array)
                [!provide]                        PROVIDE (__init_array_end, ABSOLUTE (.))
                [!provide]                        PROVIDE (__fini_array_start, ABSOLUTE (.))
 *(.fini_array)
                [!provide]                        PROVIDE (__fini_array_end, ABSOLUTE (.))
 *(.eh_frame)
 *(.gcc_except_table .gcc_except_table.*)
 *(.dynamic)
                0x0000000020037a0c                PROVIDE (__CTOR_LIST__, ABSOLUTE (.))
 *(.ctors)
 *(SORT(.ctors.*))
                0x0000000020037a0c                PROVIDE (__CTOR_END__, ABSOLUTE (.))
                0x0000000020037a0c                PROVIDE (__DTOR_LIST__, ABSOLUTE (.))
 *(.dtors)
 *(SORT(.dtors.*))
                0x0000000020037a0c                PROVIDE (__DTOR_END__, ABSOLUTE (.))
 *(.jcr)
                0x0000000020037a0c                . = ALIGN (0x4)

.rodata         0x0000000020037a0c      0x470
                0x0000000020037a0c                PROVIDE (__ram_rodata_start, ABSOLUTE (.))
                0x0000000020037a0c                . = ALIGN (0x4)
 *(.rodata .rodata.* .gnu.linkonce.r.*)
 .rodata        0x0000000020037a0c       0x2d obj/default/CPU0_main.o
 .rodata        0x0000000020037a39      0x100 c:/intelfpga_lite/18.0/nios2eds/bin/gnu/h-x86_64-mingw32/bin/../lib/gcc/nios2-elf/5.3.0\libgcc.a(_clz.o)
                0x0000000020037a39                __clz_tab
 *fill*         0x0000000020037b39        0x3 
 .rodata.str1.4
                0x0000000020037b3c       0x42 c:/intelfpga_lite/18.0/nios2eds/bin/gnu/h-x86_64-mingw32/bin/../lib/gcc/nios2-elf/5.3.0/../../../../../H-x86_64-mingw32/nios2-elf/lib\libc.a(lib_a-vfprintf.o)
 .rodata.zeroes.4404
                0x0000000020037b7e       0x10 c:/intelfpga_lite/18.0/nios2eds/bin/gnu/h-x86_64-mingw32/bin/../lib/gcc/nios2-elf/5.3.0/../../../../../H-x86_64-mingw32/nios2-elf/lib\libc.a(lib_a-vfprintf.o)
 .rodata.blanks.4403
                0x0000000020037b8e       0x10 c:/intelfpga_lite/18.0/nios2eds/bin/gnu/h-x86_64-mingw32/bin/../lib/gcc/nios2-elf/5.3.0/../../../../../H-x86_64-mingw32/nios2-elf/lib\libc.a(lib_a-vfprintf.o)
 *fill*         0x0000000020037b9e        0x2 
 .rodata.str1.4
                0x0000000020037ba0       0x10 c:/intelfpga_lite/18.0/nios2eds/bin/gnu/h-x86_64-mingw32/bin/../lib/gcc/nios2-elf/5.3.0/../../../../../H-x86_64-mingw32/nios2-elf/lib\libc.a(lib_a-dtoa.o)
                                         0x12 (size before relaxing)
 .rodata.str1.4
                0x0000000020037bb0        0x2 c:/intelfpga_lite/18.0/nios2eds/bin/gnu/h-x86_64-mingw32/bin/../lib/gcc/nios2-elf/5.3.0/../../../../../H-x86_64-mingw32/nios2-elf/lib\libc.a(lib_a-impure.o)
 *fill*         0x0000000020037bb2        0x2 
 .rodata.str1.4
                0x0000000020037bb4        0xc c:/intelfpga_lite/18.0/nios2eds/bin/gnu/h-x86_64-mingw32/bin/../lib/gcc/nios2-elf/5.3.0/../../../../../H-x86_64-mingw32/nios2-elf/lib\libc.a(lib_a-locale.o)
                                         0x12 (size before relaxing)
 .rodata.p05.2768
                0x0000000020037bc0        0xc c:/intelfpga_lite/18.0/nios2eds/bin/gnu/h-x86_64-mingw32/bin/../lib/gcc/nios2-elf/5.3.0/../../../../../H-x86_64-mingw32/nios2-elf/lib\libc.a(lib_a-mprec.o)
 .rodata.__mprec_tinytens
                0x0000000020037bcc       0x28 c:/intelfpga_lite/18.0/nios2eds/bin/gnu/h-x86_64-mingw32/bin/../lib/gcc/nios2-elf/5.3.0/../../../../../H-x86_64-mingw32/nios2-elf/lib\libc.a(lib_a-mprec.o)
                0x0000000020037bcc                __mprec_tinytens
 .rodata.__mprec_bigtens
                0x0000000020037bf4       0x28 c:/intelfpga_lite/18.0/nios2eds/bin/gnu/h-x86_64-mingw32/bin/../lib/gcc/nios2-elf/5.3.0/../../../../../H-x86_64-mingw32/nios2-elf/lib\libc.a(lib_a-mprec.o)
                0x0000000020037bf4                __mprec_bigtens
 .rodata.__mprec_tens
                0x0000000020037c1c       0xc8 c:/intelfpga_lite/18.0/nios2eds/bin/gnu/h-x86_64-mingw32/bin/../lib/gcc/nios2-elf/5.3.0/../../../../../H-x86_64-mingw32/nios2-elf/lib\libc.a(lib_a-mprec.o)
                0x0000000020037c1c                __mprec_tens
 .rodata.str1.4
                0x0000000020037ce4       0x2f c:/intelfpga_lite/18.0/nios2eds/bin/gnu/h-x86_64-mingw32/bin/../lib/gcc/nios2-elf/5.3.0/../../../../../H-x86_64-mingw32/nios2-elf/lib\libc.a(lib_a-vfiprintf.o)
 .rodata.zeroes.4349
                0x0000000020037ce4       0x10 c:/intelfpga_lite/18.0/nios2eds/bin/gnu/h-x86_64-mingw32/bin/../lib/gcc/nios2-elf/5.3.0/../../../../../H-x86_64-mingw32/nios2-elf/lib\libc.a(lib_a-vfiprintf.o)
 .rodata.blanks.4348
                0x0000000020037cf4       0x10 c:/intelfpga_lite/18.0/nios2eds/bin/gnu/h-x86_64-mingw32/bin/../lib/gcc/nios2-elf/5.3.0/../../../../../H-x86_64-mingw32/nios2-elf/lib\libc.a(lib_a-vfiprintf.o)
 .rodata        0x0000000020037d04        0xa ../CPU0_lab3_1_bsp/\libucosii_bsp.a(alt_dev.o)
 *fill*         0x0000000020037d0e        0x2 
 .rodata        0x0000000020037d10       0x19 ../CPU0_lab3_1_bsp/\libucosii_bsp.a(alt_main.o)
 *fill*         0x0000000020037d29        0x3 
 .rodata        0x0000000020037d2c      0x11e ../CPU0_lab3_1_bsp/\libucosii_bsp.a(os_core.o)
                0x0000000020037d2c                OSUnMapTbl
 *fill*         0x0000000020037e4a        0x2 
 .rodata        0x0000000020037e4c       0x29 ../CPU0_lab3_1_bsp/\libucosii_bsp.a(alt_sys_init.o)
 *fill*         0x0000000020037e75        0x3 
 .rodata        0x0000000020037e78        0x2 ../CPU0_lab3_1_bsp/\libucosii_bsp.a(os_cpu_c.o)
 *(.rodata1)
                0x0000000020037e7c                . = ALIGN (0x4)
 *fill*         0x0000000020037e7a        0x2 
                0x0000000020037e7c                PROVIDE (__ram_rodata_end, ABSOLUTE (.))
                0x0000000020037a0c                PROVIDE (__flash_rodata_start, LOADADDR (.rodata))

.rwdata         0x0000000020037e7c     0x1b90 load address 0x0000000020039a0c
                0x0000000020037e7c                PROVIDE (__ram_rwdata_start, ABSOLUTE (.))
                0x0000000020037e7c                . = ALIGN (0x4)
 *(.got.plt)
 *(.got)
 *(.data1)
 *(.data .data.* .gnu.linkonce.d.*)
 .data          0x0000000020037e7c        0x0 ../CPU0_lab3_1_bsp//obj/HAL/src/crt0.o
 .data          0x0000000020037e7c        0x0 obj/default/CPU0_main.o
 .data          0x0000000020037e7c        0x0 c:/intelfpga_lite/18.0/nios2eds/bin/gnu/h-x86_64-mingw32/bin/../lib/gcc/nios2-elf/5.3.0\libgcc.a(divdf3.o)
 .data          0x0000000020037e7c        0x0 c:/intelfpga_lite/18.0/nios2eds/bin/gnu/h-x86_64-mingw32/bin/../lib/gcc/nios2-elf/5.3.0\libgcc.a(floatunsidf.o)
 .data          0x0000000020037e7c        0x0 c:/intelfpga_lite/18.0/nios2eds/bin/gnu/h-x86_64-mingw32/bin/../lib/gcc/nios2-elf/5.3.0\libgcc.a(_clzsi2.o)
 .data          0x0000000020037e7c        0x0 c:/intelfpga_lite/18.0/nios2eds/bin/gnu/h-x86_64-mingw32/bin/../lib/gcc/nios2-elf/5.3.0\libgcc.a(lib2-divmod.o)
 .data          0x0000000020037e7c        0x0 c:/intelfpga_lite/18.0/nios2eds/bin/gnu/h-x86_64-mingw32/bin/../lib/gcc/nios2-elf/5.3.0\libgcc.a(_clz.o)
 .data          0x0000000020037e7c        0x0 c:/intelfpga_lite/18.0/nios2eds/bin/gnu/h-x86_64-mingw32/bin/../lib/gcc/nios2-elf/5.3.0/../../../../../H-x86_64-mingw32/nios2-elf/lib\libc.a(lib_a-printf.o)
 .data          0x0000000020037e7c        0x0 c:/intelfpga_lite/18.0/nios2eds/bin/gnu/h-x86_64-mingw32/bin/../lib/gcc/nios2-elf/5.3.0/../../../../../H-x86_64-mingw32/nios2-elf/lib\libc.a(lib_a-vfprintf.o)
 .data          0x0000000020037e7c        0x0 c:/intelfpga_lite/18.0/nios2eds/bin/gnu/h-x86_64-mingw32/bin/../lib/gcc/nios2-elf/5.3.0/../../../../../H-x86_64-mingw32/nios2-elf/lib\libc.a(lib_a-wsetup.o)
 .data          0x0000000020037e7c        0x0 c:/intelfpga_lite/18.0/nios2eds/bin/gnu/h-x86_64-mingw32/bin/../lib/gcc/nios2-elf/5.3.0/../../../../../H-x86_64-mingw32/nios2-elf/lib\libc.a(lib_a-dtoa.o)
 .data          0x0000000020037e7c        0x0 c:/intelfpga_lite/18.0/nios2eds/bin/gnu/h-x86_64-mingw32/bin/../lib/gcc/nios2-elf/5.3.0/../../../../../H-x86_64-mingw32/nios2-elf/lib\libc.a(lib_a-fflush.o)
 .data          0x0000000020037e7c        0x0 c:/intelfpga_lite/18.0/nios2eds/bin/gnu/h-x86_64-mingw32/bin/../lib/gcc/nios2-elf/5.3.0/../../../../../H-x86_64-mingw32/nios2-elf/lib\libc.a(lib_a-findfp.o)
 .data          0x0000000020037e7c        0x0 c:/intelfpga_lite/18.0/nios2eds/bin/gnu/h-x86_64-mingw32/bin/../lib/gcc/nios2-elf/5.3.0/../../../../../H-x86_64-mingw32/nios2-elf/lib\libc.a(lib_a-freer.o)
 .data          0x0000000020037e7c        0x0 c:/intelfpga_lite/18.0/nios2eds/bin/gnu/h-x86_64-mingw32/bin/../lib/gcc/nios2-elf/5.3.0/../../../../../H-x86_64-mingw32/nios2-elf/lib\libc.a(lib_a-fwalk.o)
 .data          0x0000000020037e7c        0x0 c:/intelfpga_lite/18.0/nios2eds/bin/gnu/h-x86_64-mingw32/bin/../lib/gcc/nios2-elf/5.3.0/../../../../../H-x86_64-mingw32/nios2-elf/lib\libc.a(lib_a-impure.o)
 .data.impure_data
                0x0000000020037e7c      0x424 c:/intelfpga_lite/18.0/nios2eds/bin/gnu/h-x86_64-mingw32/bin/../lib/gcc/nios2-elf/5.3.0/../../../../../H-x86_64-mingw32/nios2-elf/lib\libc.a(lib_a-impure.o)
 .data          0x00000000200382a0        0x0 c:/intelfpga_lite/18.0/nios2eds/bin/gnu/h-x86_64-mingw32/bin/../lib/gcc/nios2-elf/5.3.0/../../../../../H-x86_64-mingw32/nios2-elf/lib\libc.a(lib_a-locale.o)
 .data.lc_message_charset
                0x00000000200382a0       0x20 c:/intelfpga_lite/18.0/nios2eds/bin/gnu/h-x86_64-mingw32/bin/../lib/gcc/nios2-elf/5.3.0/../../../../../H-x86_64-mingw32/nios2-elf/lib\libc.a(lib_a-locale.o)
 .data.lc_ctype_charset
                0x00000000200382c0       0x20 c:/intelfpga_lite/18.0/nios2eds/bin/gnu/h-x86_64-mingw32/bin/../lib/gcc/nios2-elf/5.3.0/../../../../../H-x86_64-mingw32/nios2-elf/lib\libc.a(lib_a-locale.o)
 .data.lconv    0x00000000200382e0       0x38 c:/intelfpga_lite/18.0/nios2eds/bin/gnu/h-x86_64-mingw32/bin/../lib/gcc/nios2-elf/5.3.0/../../../../../H-x86_64-mingw32/nios2-elf/lib\libc.a(lib_a-locale.o)
 .data          0x0000000020038318        0x0 c:/intelfpga_lite/18.0/nios2eds/bin/gnu/h-x86_64-mingw32/bin/../lib/gcc/nios2-elf/5.3.0/../../../../../H-x86_64-mingw32/nios2-elf/lib\libc.a(lib_a-makebuf.o)
 .data          0x0000000020038318        0x0 c:/intelfpga_lite/18.0/nios2eds/bin/gnu/h-x86_64-mingw32/bin/../lib/gcc/nios2-elf/5.3.0/../../../../../H-x86_64-mingw32/nios2-elf/lib\libc.a(lib_a-mallocr.o)
 .data.__malloc_av_
                0x0000000020038318      0x408 c:/intelfpga_lite/18.0/nios2eds/bin/gnu/h-x86_64-mingw32/bin/../lib/gcc/nios2-elf/5.3.0/../../../../../H-x86_64-mingw32/nios2-elf/lib\libc.a(lib_a-mallocr.o)
                0x0000000020038318                __malloc_av_
 .data          0x0000000020038720        0x0 c:/intelfpga_lite/18.0/nios2eds/bin/gnu/h-x86_64-mingw32/bin/../lib/gcc/nios2-elf/5.3.0/../../../../../H-x86_64-mingw32/nios2-elf/lib\libc.a(lib_a-memchr.o)
 .data          0x0000000020038720        0x0 c:/intelfpga_lite/18.0/nios2eds/bin/gnu/h-x86_64-mingw32/bin/../lib/gcc/nios2-elf/5.3.0/../../../../../H-x86_64-mingw32/nios2-elf/lib\libc.a(lib_a-memcpy.o)
 .data          0x0000000020038720        0x0 c:/intelfpga_lite/18.0/nios2eds/bin/gnu/h-x86_64-mingw32/bin/../lib/gcc/nios2-elf/5.3.0/../../../../../H-x86_64-mingw32/nios2-elf/lib\libc.a(lib_a-memset.o)
 .data          0x0000000020038720        0x0 c:/intelfpga_lite/18.0/nios2eds/bin/gnu/h-x86_64-mingw32/bin/../lib/gcc/nios2-elf/5.3.0/../../../../../H-x86_64-mingw32/nios2-elf/lib\libc.a(lib_a-mprec.o)
 .data          0x0000000020038720        0x0 c:/intelfpga_lite/18.0/nios2eds/bin/gnu/h-x86_64-mingw32/bin/../lib/gcc/nios2-elf/5.3.0/../../../../../H-x86_64-mingw32/nios2-elf/lib\libc.a(lib_a-s_fpclassify.o)
 .data          0x0000000020038720        0x0 c:/intelfpga_lite/18.0/nios2eds/bin/gnu/h-x86_64-mingw32/bin/../lib/gcc/nios2-elf/5.3.0/../../../../../H-x86_64-mingw32/nios2-elf/lib\libc.a(lib_a-sbrkr.o)
 .data          0x0000000020038720        0x0 c:/intelfpga_lite/18.0/nios2eds/bin/gnu/h-x86_64-mingw32/bin/../lib/gcc/nios2-elf/5.3.0/../../../../../H-x86_64-mingw32/nios2-elf/lib\libc.a(lib_a-stdio.o)
 .data          0x0000000020038720        0x0 c:/intelfpga_lite/18.0/nios2eds/bin/gnu/h-x86_64-mingw32/bin/../lib/gcc/nios2-elf/5.3.0/../../../../../H-x86_64-mingw32/nios2-elf/lib\libc.a(lib_a-strcmp.o)
 .data          0x0000000020038720        0x0 c:/intelfpga_lite/18.0/nios2eds/bin/gnu/h-x86_64-mingw32/bin/../lib/gcc/nios2-elf/5.3.0/../../../../../H-x86_64-mingw32/nios2-elf/lib\libc.a(lib_a-strlen.o)
 .data          0x0000000020038720        0x0 c:/intelfpga_lite/18.0/nios2eds/bin/gnu/h-x86_64-mingw32/bin/../lib/gcc/nios2-elf/5.3.0/../../../../../H-x86_64-mingw32/nios2-elf/lib\libc.a(lib_a-vfiprintf.o)
 .data          0x0000000020038720        0x0 c:/intelfpga_lite/18.0/nios2eds/bin/gnu/h-x86_64-mingw32/bin/../lib/gcc/nios2-elf/5.3.0/../../../../../H-x86_64-mingw32/nios2-elf/lib\libc.a(lib_a-writer.o)
 .data          0x0000000020038720        0x0 c:/intelfpga_lite/18.0/nios2eds/bin/gnu/h-x86_64-mingw32/bin/../lib/gcc/nios2-elf/5.3.0/../../../../../H-x86_64-mingw32/nios2-elf/lib\libc.a(closer.o)
 .data          0x0000000020038720        0x0 c:/intelfpga_lite/18.0/nios2eds/bin/gnu/h-x86_64-mingw32/bin/../lib/gcc/nios2-elf/5.3.0/../../../../../H-x86_64-mingw32/nios2-elf/lib\libc.a(lib_a-callocr.o)
 .data          0x0000000020038720        0x0 c:/intelfpga_lite/18.0/nios2eds/bin/gnu/h-x86_64-mingw32/bin/../lib/gcc/nios2-elf/5.3.0/../../../../../H-x86_64-mingw32/nios2-elf/lib\libc.a(lib_a-fclose.o)
 .data          0x0000000020038720        0x0 c:/intelfpga_lite/18.0/nios2eds/bin/gnu/h-x86_64-mingw32/bin/../lib/gcc/nios2-elf/5.3.0/../../../../../H-x86_64-mingw32/nios2-elf/lib\libc.a(lib_a-fputwc.o)
 .data          0x0000000020038720        0x0 c:/intelfpga_lite/18.0/nios2eds/bin/gnu/h-x86_64-mingw32/bin/../lib/gcc/nios2-elf/5.3.0/../../../../../H-x86_64-mingw32/nios2-elf/lib\libc.a(lib_a-fstatr.o)
 .data          0x0000000020038720        0x0 c:/intelfpga_lite/18.0/nios2eds/bin/gnu/h-x86_64-mingw32/bin/../lib/gcc/nios2-elf/5.3.0/../../../../../H-x86_64-mingw32/nios2-elf/lib\libc.a(lib_a-fvwrite.o)
 .data          0x0000000020038720        0x0 c:/intelfpga_lite/18.0/nios2eds/bin/gnu/h-x86_64-mingw32/bin/../lib/gcc/nios2-elf/5.3.0/../../../../../H-x86_64-mingw32/nios2-elf/lib\libc.a(lib_a-int_errno.o)
 .data          0x0000000020038720        0x0 c:/intelfpga_lite/18.0/nios2eds/bin/gnu/h-x86_64-mingw32/bin/../lib/gcc/nios2-elf/5.3.0/../../../../../H-x86_64-mingw32/nios2-elf/lib\libc.a(lib_a-isattyr.o)
 .data          0x0000000020038720        0x0 c:/intelfpga_lite/18.0/nios2eds/bin/gnu/h-x86_64-mingw32/bin/../lib/gcc/nios2-elf/5.3.0/../../../../../H-x86_64-mingw32/nios2-elf/lib\libc.a(lib_a-lseekr.o)
 .data          0x0000000020038720        0x0 c:/intelfpga_lite/18.0/nios2eds/bin/gnu/h-x86_64-mingw32/bin/../lib/gcc/nios2-elf/5.3.0/../../../../../H-x86_64-mingw32/nios2-elf/lib\libc.a(lib_a-memmove.o)
 .data          0x0000000020038720        0x0 c:/intelfpga_lite/18.0/nios2eds/bin/gnu/h-x86_64-mingw32/bin/../lib/gcc/nios2-elf/5.3.0/../../../../../H-x86_64-mingw32/nios2-elf/lib\libc.a(lib_a-readr.o)
 .data          0x0000000020038720        0x0 c:/intelfpga_lite/18.0/nios2eds/bin/gnu/h-x86_64-mingw32/bin/../lib/gcc/nios2-elf/5.3.0/../../../../../H-x86_64-mingw32/nios2-elf/lib\libc.a(lib_a-reallocr.o)
 .data          0x0000000020038720        0x0 c:/intelfpga_lite/18.0/nios2eds/bin/gnu/h-x86_64-mingw32/bin/../lib/gcc/nios2-elf/5.3.0/../../../../../H-x86_64-mingw32/nios2-elf/lib\libc.a(lib_a-wbuf.o)
 .data          0x0000000020038720        0x0 c:/intelfpga_lite/18.0/nios2eds/bin/gnu/h-x86_64-mingw32/bin/../lib/gcc/nios2-elf/5.3.0/../../../../../H-x86_64-mingw32/nios2-elf/lib\libc.a(lib_a-wcrtomb.o)
 .data          0x0000000020038720        0x0 c:/intelfpga_lite/18.0/nios2eds/bin/gnu/h-x86_64-mingw32/bin/../lib/gcc/nios2-elf/5.3.0/../../../../../H-x86_64-mingw32/nios2-elf/lib\libc.a(lib_a-wctomb_r.o)
 .data          0x0000000020038720        0x0 c:/intelfpga_lite/18.0/nios2eds/bin/gnu/h-x86_64-mingw32/bin/../lib/gcc/nios2-elf/5.3.0\libgcc.a(_udivdi3.o)
 .data          0x0000000020038720        0x0 c:/intelfpga_lite/18.0/nios2eds/bin/gnu/h-x86_64-mingw32/bin/../lib/gcc/nios2-elf/5.3.0\libgcc.a(_umoddi3.o)
 .data          0x0000000020038720        0x0 c:/intelfpga_lite/18.0/nios2eds/bin/gnu/h-x86_64-mingw32/bin/../lib/gcc/nios2-elf/5.3.0\libgcc.a(adddf3.o)
 .data          0x0000000020038720        0x0 c:/intelfpga_lite/18.0/nios2eds/bin/gnu/h-x86_64-mingw32/bin/../lib/gcc/nios2-elf/5.3.0\libgcc.a(eqdf2.o)
 .data          0x0000000020038720        0x0 c:/intelfpga_lite/18.0/nios2eds/bin/gnu/h-x86_64-mingw32/bin/../lib/gcc/nios2-elf/5.3.0\libgcc.a(gedf2.o)
 .data          0x0000000020038720        0x0 c:/intelfpga_lite/18.0/nios2eds/bin/gnu/h-x86_64-mingw32/bin/../lib/gcc/nios2-elf/5.3.0\libgcc.a(ledf2.o)
 .data          0x0000000020038720        0x0 c:/intelfpga_lite/18.0/nios2eds/bin/gnu/h-x86_64-mingw32/bin/../lib/gcc/nios2-elf/5.3.0\libgcc.a(muldf3.o)
 .data          0x0000000020038720        0x0 c:/intelfpga_lite/18.0/nios2eds/bin/gnu/h-x86_64-mingw32/bin/../lib/gcc/nios2-elf/5.3.0\libgcc.a(subdf3.o)
 .data          0x0000000020038720        0x0 c:/intelfpga_lite/18.0/nios2eds/bin/gnu/h-x86_64-mingw32/bin/../lib/gcc/nios2-elf/5.3.0\libgcc.a(fixdfsi.o)
 .data          0x0000000020038720        0x0 c:/intelfpga_lite/18.0/nios2eds/bin/gnu/h-x86_64-mingw32/bin/../lib/gcc/nios2-elf/5.3.0\libgcc.a(floatsidf.o)
 .data          0x0000000020038720        0x0 ../CPU0_lab3_1_bsp/\libucosii_bsp.a(alt_close.o)
 .data          0x0000000020038720      0x1a8 ../CPU0_lab3_1_bsp/\libucosii_bsp.a(alt_dev.o)
                0x0000000020038720                alt_dev_null
                0x0000000020038748                alt_fd_list
 .data          0x00000000200388c8        0x0 ../CPU0_lab3_1_bsp/\libucosii_bsp.a(alt_errno.o)
 .data          0x00000000200388c8        0x0 ../CPU0_lab3_1_bsp/\libucosii_bsp.a(alt_fstat.o)
 .data          0x00000000200388c8        0x0 ../CPU0_lab3_1_bsp/\libucosii_bsp.a(alt_iic.o)
 .data          0x00000000200388c8        0x0 ../CPU0_lab3_1_bsp/\libucosii_bsp.a(alt_iic_isr_register.o)
 .data          0x00000000200388c8        0x0 ../CPU0_lab3_1_bsp/\libucosii_bsp.a(alt_irq_entry.o)
 .data          0x00000000200388c8        0x0 ../CPU0_lab3_1_bsp/\libucosii_bsp.a(alt_irq_handler.o)
 .data          0x00000000200388c8        0x0 ../CPU0_lab3_1_bsp/\libucosii_bsp.a(alt_irq_vars.o)
 .data          0x00000000200388c8        0x0 ../CPU0_lab3_1_bsp/\libucosii_bsp.a(alt_isatty.o)
 .data          0x00000000200388c8        0x0 ../CPU0_lab3_1_bsp/\libucosii_bsp.a(alt_load.o)
 .data          0x00000000200388c8        0x0 ../CPU0_lab3_1_bsp/\libucosii_bsp.a(alt_lseek.o)
 .data          0x00000000200388c8        0x0 ../CPU0_lab3_1_bsp/\libucosii_bsp.a(alt_main.o)
 .data          0x00000000200388c8        0x0 ../CPU0_lab3_1_bsp/\libucosii_bsp.a(alt_read.o)
 .data          0x00000000200388c8        0x0 ../CPU0_lab3_1_bsp/\libucosii_bsp.a(alt_release_fd.o)
 .data          0x00000000200388c8        0x0 ../CPU0_lab3_1_bsp/\libucosii_bsp.a(alt_sbrk.o)
 .data          0x00000000200388c8        0x0 ../CPU0_lab3_1_bsp/\libucosii_bsp.a(alt_write.o)
 .data          0x00000000200388c8        0x0 ../CPU0_lab3_1_bsp/\libucosii_bsp.a(alt_env_lock.o)
 .data          0x00000000200388c8        0x0 ../CPU0_lab3_1_bsp/\libucosii_bsp.a(alt_malloc_lock.o)
 .data          0x00000000200388c8        0x0 ../CPU0_lab3_1_bsp/\libucosii_bsp.a(os_core.o)
 .data          0x00000000200388c8        0x0 ../CPU0_lab3_1_bsp/\libucosii_bsp.a(os_dbg.o)
 .data          0x00000000200388c8        0x0 ../CPU0_lab3_1_bsp/\libucosii_bsp.a(os_flag.o)
 .data          0x00000000200388c8        0x0 ../CPU0_lab3_1_bsp/\libucosii_bsp.a(os_mem.o)
 .data          0x00000000200388c8        0x0 ../CPU0_lab3_1_bsp/\libucosii_bsp.a(os_q.o)
 .data          0x00000000200388c8        0x0 ../CPU0_lab3_1_bsp/\libucosii_bsp.a(os_sem.o)
 .data          0x00000000200388c8        0x0 ../CPU0_lab3_1_bsp/\libucosii_bsp.a(os_task.o)
 .data          0x00000000200388c8        0x0 ../CPU0_lab3_1_bsp/\libucosii_bsp.a(os_time.o)
 .data          0x00000000200388c8     0x1080 ../CPU0_lab3_1_bsp/\libucosii_bsp.a(alt_sys_init.o)
 .data          0x0000000020039948        0x0 ../CPU0_lab3_1_bsp/\libucosii_bsp.a(altera_avalon_jtag_uart_fd.o)
 .data          0x0000000020039948        0x0 ../CPU0_lab3_1_bsp/\libucosii_bsp.a(altera_avalon_jtag_uart_init.o)
 .data          0x0000000020039948        0x0 ../CPU0_lab3_1_bsp/\libucosii_bsp.a(altera_avalon_jtag_uart_ioctl.o)
 .data          0x0000000020039948        0x0 ../CPU0_lab3_1_bsp/\libucosii_bsp.a(altera_avalon_jtag_uart_read.o)
 .data          0x0000000020039948        0x0 ../CPU0_lab3_1_bsp/\libucosii_bsp.a(altera_avalon_jtag_uart_write.o)
 .data          0x0000000020039948        0x0 ../CPU0_lab3_1_bsp/\libucosii_bsp.a(altera_avalon_mutex.o)
 .data          0x0000000020039948        0x0 ../CPU0_lab3_1_bsp/\libucosii_bsp.a(altera_avalon_timer_sc.o)
 .data          0x0000000020039948        0x0 ../CPU0_lab3_1_bsp/\libucosii_bsp.a(alt_alarm_start.o)
 .data          0x0000000020039948        0x0 ../CPU0_lab3_1_bsp/\libucosii_bsp.a(alt_dcache_flush_all.o)
 .data          0x0000000020039948        0x0 ../CPU0_lab3_1_bsp/\libucosii_bsp.a(alt_dev_llist_insert.o)
 .data          0x0000000020039948        0x0 ../CPU0_lab3_1_bsp/\libucosii_bsp.a(alt_do_ctors.o)
 .data          0x0000000020039948        0x0 ../CPU0_lab3_1_bsp/\libucosii_bsp.a(alt_do_dtors.o)
 .data          0x0000000020039948        0x0 ../CPU0_lab3_1_bsp/\libucosii_bsp.a(alt_exception_entry.o)
 .data          0x0000000020039948        0x0 ../CPU0_lab3_1_bsp/\libucosii_bsp.a(alt_find_dev.o)
 .data          0x0000000020039948        0x0 ../CPU0_lab3_1_bsp/\libucosii_bsp.a(alt_icache_flush_all.o)
 .data          0x0000000020039948        0x0 ../CPU0_lab3_1_bsp/\libucosii_bsp.a(alt_instruction_exception_entry.o)
 .data          0x0000000020039948        0x0 ../CPU0_lab3_1_bsp/\libucosii_bsp.a(alt_io_redirect.o)
 .data          0x0000000020039948        0x0 ../CPU0_lab3_1_bsp/\libucosii_bsp.a(alt_open.o)
 .data          0x0000000020039948        0x0 ../CPU0_lab3_1_bsp/\libucosii_bsp.a(alt_tick.o)
 .data          0x0000000020039948        0x0 ../CPU0_lab3_1_bsp/\libucosii_bsp.a(altera_nios2_gen2_irq.o)
 .data          0x0000000020039948        0x0 ../CPU0_lab3_1_bsp/\libucosii_bsp.a(os_cpu_a.o)
 .data          0x0000000020039948        0x0 ../CPU0_lab3_1_bsp/\libucosii_bsp.a(os_cpu_c.o)
 .data          0x0000000020039948        0x0 ../CPU0_lab3_1_bsp/\libucosii_bsp.a(alt_find_file.o)
 .data          0x0000000020039948        0x0 ../CPU0_lab3_1_bsp/\libucosii_bsp.a(alt_get_fd.o)
 .data          0x0000000020039948        0x0 ../CPU0_lab3_1_bsp/\libucosii_bsp.a(alt_icache_flush.o)
 .data          0x0000000020039948        0x0 c:/intelfpga_lite/18.0/nios2eds/bin/gnu/h-x86_64-mingw32/bin/../lib/gcc/nios2-elf/5.3.0/../../../../../H-x86_64-mingw32/nios2-elf/lib\libc.a(lib_a-atexit.o)
 .data          0x0000000020039948        0x0 c:/intelfpga_lite/18.0/nios2eds/bin/gnu/h-x86_64-mingw32/bin/../lib/gcc/nios2-elf/5.3.0/../../../../../H-x86_64-mingw32/nios2-elf/lib\libc.a(lib_a-exit.o)
 .data          0x0000000020039948        0x0 c:/intelfpga_lite/18.0/nios2eds/bin/gnu/h-x86_64-mingw32/bin/../lib/gcc/nios2-elf/5.3.0/../../../../../H-x86_64-mingw32/nios2-elf/lib\libc.a(lib_a-memcmp.o)
 .data          0x0000000020039948        0x0 c:/intelfpga_lite/18.0/nios2eds/bin/gnu/h-x86_64-mingw32/bin/../lib/gcc/nios2-elf/5.3.0/../../../../../H-x86_64-mingw32/nios2-elf/lib\libc.a(lib_a-__atexit.o)
 .data          0x0000000020039948        0x0 c:/intelfpga_lite/18.0/nios2eds/bin/gnu/h-x86_64-mingw32/bin/../lib/gcc/nios2-elf/5.3.0/../../../../../H-x86_64-mingw32/nios2-elf/lib\libc.a(lib_a-__call_atexit.o)
 .data          0x0000000020039948        0x0 ../CPU0_lab3_1_bsp/\libucosii_bsp.a(alt_exit.o)
                0x0000000020041948                _gp = ABSOLUTE ((. + 0x8000))
                [!provide]                        PROVIDE (gp, _gp)
 *(.rwdata .rwdata.*)
 *(.sdata .sdata.* .gnu.linkonce.s.*)
 .sdata._global_impure_ptr
                0x0000000020039948        0x4 c:/intelfpga_lite/18.0/nios2eds/bin/gnu/h-x86_64-mingw32/bin/../lib/gcc/nios2-elf/5.3.0/../../../../../H-x86_64-mingw32/nios2-elf/lib\libc.a(lib_a-impure.o)
                0x0000000020039948                _global_impure_ptr
 .sdata._impure_ptr
                0x000000002003994c        0x4 c:/intelfpga_lite/18.0/nios2eds/bin/gnu/h-x86_64-mingw32/bin/../lib/gcc/nios2-elf/5.3.0/../../../../../H-x86_64-mingw32/nios2-elf/lib\libc.a(lib_a-impure.o)
                0x000000002003994c                _impure_ptr
 .sdata.__mb_cur_max
                0x0000000020039950        0x4 c:/intelfpga_lite/18.0/nios2eds/bin/gnu/h-x86_64-mingw32/bin/../lib/gcc/nios2-elf/5.3.0/../../../../../H-x86_64-mingw32/nios2-elf/lib\libc.a(lib_a-locale.o)
                0x0000000020039950                __mb_cur_max
 .sdata.__malloc_sbrk_base
                0x0000000020039954        0x4 c:/intelfpga_lite/18.0/nios2eds/bin/gnu/h-x86_64-mingw32/bin/../lib/gcc/nios2-elf/5.3.0/../../../../../H-x86_64-mingw32/nios2-elf/lib\libc.a(lib_a-mallocr.o)
                0x0000000020039954                __malloc_sbrk_base
 .sdata.__malloc_trim_threshold
                0x0000000020039958        0x4 c:/intelfpga_lite/18.0/nios2eds/bin/gnu/h-x86_64-mingw32/bin/../lib/gcc/nios2-elf/5.3.0/../../../../../H-x86_64-mingw32/nios2-elf/lib\libc.a(lib_a-mallocr.o)
                0x0000000020039958                __malloc_trim_threshold
 .sdata.__wctomb
                0x000000002003995c        0x4 c:/intelfpga_lite/18.0/nios2eds/bin/gnu/h-x86_64-mingw32/bin/../lib/gcc/nios2-elf/5.3.0/../../../../../H-x86_64-mingw32/nios2-elf/lib\libc.a(lib_a-wctomb_r.o)
                0x000000002003995c                __wctomb
 .sdata         0x0000000020039960       0x14 ../CPU0_lab3_1_bsp/\libucosii_bsp.a(alt_dev.o)
                0x0000000020039960                alt_fs_list
                0x0000000020039968                alt_dev_list
                0x0000000020039970                alt_max_fd
 .sdata         0x0000000020039974        0x4 ../CPU0_lab3_1_bsp/\libucosii_bsp.a(alt_errno.o)
                0x0000000020039974                alt_errno
 .sdata         0x0000000020039978        0x4 ../CPU0_lab3_1_bsp/\libucosii_bsp.a(alt_irq_vars.o)
                0x0000000020039978                alt_priority_mask
 .sdata         0x000000002003997c        0x4 ../CPU0_lab3_1_bsp/\libucosii_bsp.a(alt_sbrk.o)
 .sdata         0x0000000020039980        0x4 ../CPU0_lab3_1_bsp/\libucosii_bsp.a(alt_env_lock.o)
 .sdata         0x0000000020039984        0x4 ../CPU0_lab3_1_bsp/\libucosii_bsp.a(alt_malloc_lock.o)
 .sdata         0x0000000020039988       0x72 ../CPU0_lab3_1_bsp/\libucosii_bsp.a(os_dbg.o)
                0x0000000020039988                OSDebugEn
                0x000000002003998c                OSEndiannessTest
                0x0000000020039990                OSEventEn
                0x0000000020039992                OSEventMax
                0x0000000020039994                OSEventNameSize
                0x0000000020039996                OSEventSize
                0x0000000020039998                OSEventTblSize
                0x000000002003999a                OSEventMultiEn
                0x000000002003999c                OSFlagEn
                0x000000002003999e                OSFlagGrpSize
                0x00000000200399a0                OSFlagNodeSize
                0x00000000200399a2                OSFlagWidth
                0x00000000200399a4                OSFlagMax
                0x00000000200399a6                OSFlagNameSize
                0x00000000200399a8                OSLowestPrio
                0x00000000200399aa                OSMboxEn
                0x00000000200399ac                OSMemEn
                0x00000000200399ae                OSMemMax
                0x00000000200399b0                OSMemNameSize
                0x00000000200399b2                OSMemSize
                0x00000000200399b4                OSMemTblSize
                0x00000000200399b6                OSMutexEn
                0x00000000200399b8                OSPtrSize
                0x00000000200399ba                OSQEn
                0x00000000200399bc                OSQMax
                0x00000000200399be                OSQSize
                0x00000000200399c0                OSRdyTblSize
                0x00000000200399c2                OSSemEn
                0x00000000200399c4                OSStkWidth
                0x00000000200399c6                OSTaskCreateEn
                0x00000000200399c8                OSTaskCreateExtEn
                0x00000000200399ca                OSTaskDelEn
                0x00000000200399cc                OSTaskIdleStkSize
                0x00000000200399ce                OSTaskProfileEn
                0x00000000200399d0                OSTaskMax
                0x00000000200399d2                OSTaskNameSize
                0x00000000200399d4                OSTaskStatEn
                0x00000000200399d6                OSTaskStatStkSize
                0x00000000200399d8                OSTaskStatStkChkEn
                0x00000000200399da                OSTaskSwHookEn
                0x00000000200399dc                OSTCBPrioTblMax
                0x00000000200399de                OSTCBSize
                0x00000000200399e0                OSTicksPerSec
                0x00000000200399e2                OSTimeTickHookEn
                0x00000000200399e4                OSVersionNbr
                0x00000000200399e6                OSTmrEn
                0x00000000200399e8                OSTmrCfgMax
                0x00000000200399ea                OSTmrCfgNameSize
                0x00000000200399ec                OSTmrCfgWheelSize
                0x00000000200399ee                OSTmrCfgTicksPerSec
                0x00000000200399f0                OSTmrSize
                0x00000000200399f2                OSTmrTblSize
                0x00000000200399f4                OSTmrWheelSize
                0x00000000200399f6                OSTmrWheelTblSize
                0x00000000200399f8                OSDataSize
 *fill*         0x00000000200399fa        0x2 
 .sdata         0x00000000200399fc        0x8 ../CPU0_lab3_1_bsp/\libucosii_bsp.a(altera_avalon_mutex.o)
                0x00000000200399fc                alt_mutex_list
 .sdata         0x0000000020039a04        0x8 ../CPU0_lab3_1_bsp/\libucosii_bsp.a(alt_tick.o)
                0x0000000020039a04                alt_alarm_list
 *(.sdata2 .sdata2.* .gnu.linkonce.s2.*)
                0x0000000020039a0c                . = ALIGN (0x4)
                0x0000000020039a0c                _edata = ABSOLUTE (.)
                [!provide]                        PROVIDE (edata, ABSOLUTE (.))
                0x0000000020039a0c                PROVIDE (__ram_rwdata_end, ABSOLUTE (.))
                0x0000000020039a0c                PROVIDE (__flash_rwdata_start, LOADADDR (.rwdata))

.bss            0x000000002003b59c     0x3bf4
                0x000000002003b59c                __bss_start = ABSOLUTE (.)
                [!provide]                        PROVIDE (__sbss_start, ABSOLUTE (.))
                [!provide]                        PROVIDE (___sbss_start, ABSOLUTE (.))
 *(.dynsbss)
 *(.sbss .sbss.* .gnu.linkonce.sb.*)
 .sbss          0x000000002003b59c        0x5 obj/default/CPU0_main.o
                0x000000002003b59c                milliseconds
                0x000000002003b5a0                time_elapsed
 *fill*         0x000000002003b5a1        0x3 
 .sbss          0x000000002003b5a4        0x4 obj/default/CPU0_main.o
                0x000000002003b5a4                mutex
 .sbss._PathLocale
                0x000000002003b5a8        0x4 c:/intelfpga_lite/18.0/nios2eds/bin/gnu/h-x86_64-mingw32/bin/../lib/gcc/nios2-elf/5.3.0/../../../../../H-x86_64-mingw32/nios2-elf/lib\libc.a(lib_a-locale.o)
                0x000000002003b5a8                _PathLocale
 .sbss.__mlocale_changed
                0x000000002003b5ac        0x4 c:/intelfpga_lite/18.0/nios2eds/bin/gnu/h-x86_64-mingw32/bin/../lib/gcc/nios2-elf/5.3.0/../../../../../H-x86_64-mingw32/nios2-elf/lib\libc.a(lib_a-locale.o)
                0x000000002003b5ac                __mlocale_changed
 .sbss.__nlocale_changed