Archive member included to satisfy reference by file (symbol)

/opt/intelFPGA/18.1/nios2eds/bin/gnu/H-x86_64-pc-linux-gnu/bin/../lib/gcc/nios2-elf/5.3.0/libgcc.a(divdf3.o)
                              obj/default/CPU0_main.o (__divdf3)
/opt/intelFPGA/18.1/nios2eds/bin/gnu/H-x86_64-pc-linux-gnu/bin/../lib/gcc/nios2-elf/5.3.0/libgcc.a(floatunsidf.o)
                              obj/default/CPU0_main.o (__floatunsidf)
/opt/intelFPGA/18.1/nios2eds/bin/gnu/H-x86_64-pc-linux-gnu/bin/../lib/gcc/nios2-elf/5.3.0/libgcc.a(_clzsi2.o)
                              /opt/intelFPGA/18.1/nios2eds/bin/gnu/H-x86_64-pc-linux-gnu/bin/../lib/gcc/nios2-elf/5.3.0/libgcc.a(divdf3.o) (__clzsi2)
/opt/intelFPGA/18.1/nios2eds/bin/gnu/H-x86_64-pc-linux-gnu/bin/../lib/gcc/nios2-elf/5.3.0/libgcc.a(lib2-divmod.o)
                              /opt/intelFPGA/18.1/nios2eds/bin/gnu/H-x86_64-pc-linux-gnu/bin/../lib/gcc/nios2-elf/5.3.0/libgcc.a(divdf3.o) (__udivsi3)
/opt/intelFPGA/18.1/nios2eds/bin/gnu/H-x86_64-pc-linux-gnu/bin/../lib/gcc/nios2-elf/5.3.0/libgcc.a(_clz.o)
                              /opt/intelFPGA/18.1/nios2eds/bin/gnu/H-x86_64-pc-linux-gnu/bin/../lib/gcc/nios2-elf/5.3.0/libgcc.a(_clzsi2.o) (__clz_tab)
/opt/intelFPGA/18.1/nios2eds/bin/gnu/H-x86_64-pc-linux-gnu/bin/../lib/gcc/nios2-elf/5.3.0/../../../../../H-x86_64-pc-linux-gnu/nios2-elf/lib/libc.a(lib_a-printf.o)
                              obj/default/CPU0_main.o (printf)
/opt/intelFPGA/18.1/nios2eds/bin/gnu/H-x86_64-pc-linux-gnu/bin/../lib/gcc/nios2-elf/5.3.0/../../../../../H-x86_64-pc-linux-gnu/nios2-elf/lib/libc.a(lib_a-vfprintf.o)
                              /opt/intelFPGA/18.1/nios2eds/bin/gnu/H-x86_64-pc-linux-gnu/bin/../lib/gcc/nios2-elf/5.3.0/../../../../../H-x86_64-pc-linux-gnu/nios2-elf/lib/libc.a(lib_a-printf.o) (___vfprintf_internal_r)
/opt/intelFPGA/18.1/nios2eds/bin/gnu/H-x86_64-pc-linux-gnu/bin/../lib/gcc/nios2-elf/5.3.0/../../../../../H-x86_64-pc-linux-gnu/nios2-elf/lib/libc.a(lib_a-wsetup.o)
                              /opt/intelFPGA/18.1/nios2eds/bin/gnu/H-x86_64-pc-linux-gnu/bin/../lib/gcc/nios2-elf/5.3.0/../../../../../H-x86_64-pc-linux-gnu/nios2-elf/lib/libc.a(lib_a-vfprintf.o) (__swsetup_r)
/opt/intelFPGA/18.1/nios2eds/bin/gnu/H-x86_64-pc-linux-gnu/bin/../lib/gcc/nios2-elf/5.3.0/../../../../../H-x86_64-pc-linux-gnu/nios2-elf/lib/libc.a(lib_a-dtoa.o)
                              /opt/intelFPGA/18.1/nios2eds/bin/gnu/H-x86_64-pc-linux-gnu/bin/../lib/gcc/nios2-elf/5.3.0/../../../../../H-x86_64-pc-linux-gnu/nios2-elf/lib/libc.a(lib_a-vfprintf.o) (_dtoa_r)
/opt/intelFPGA/18.1/nios2eds/bin/gnu/H-x86_64-pc-linux-gnu/bin/../lib/gcc/nios2-elf/5.3.0/../../../../../H-x86_64-pc-linux-gnu/nios2-elf/lib/libc.a(lib_a-fflush.o)
                              /opt/intelFPGA/18.1/nios2eds/bin/gnu/H-x86_64-pc-linux-gnu/bin/../lib/gcc/nios2-elf/5.3.0/../../../../../H-x86_64-pc-linux-gnu/nios2-elf/lib/libc.a(lib_a-vfprintf.o) (_fflush_r)
/opt/intelFPGA/18.1/nios2eds/bin/gnu/H-x86_64-pc-linux-gnu/bin/../lib/gcc/nios2-elf/5.3.0/../../../../../H-x86_64-pc-linux-gnu/nios2-elf/lib/libc.a(lib_a-findfp.o)
                              /opt/intelFPGA/18.1/nios2eds/bin/gnu/H-x86_64-pc-linux-gnu/bin/../lib/gcc/nios2-elf/5.3.0/../../../../../H-x86_64-pc-linux-gnu/nios2-elf/lib/libc.a(lib_a-vfprintf.o) (__sinit)
/opt/intelFPGA/18.1/nios2eds/bin/gnu/H-x86_64-pc-linux-gnu/bin/../lib/gcc/nios2-elf/5.3.0/../../../../../H-x86_64-pc-linux-gnu/nios2-elf/lib/libc.a(lib_a-freer.o)
                              /opt/intelFPGA/18.1/nios2eds/bin/gnu/H-x86_64-pc-linux-gnu/bin/../lib/gcc/nios2-elf/5.3.0/../../../../../H-x86_64-pc-linux-gnu/nios2-elf/lib/libc.a(lib_a-wsetup.o) (_free_r)
/opt/intelFPGA/18.1/nios2eds/bin/gnu/H-x86_64-pc-linux-gnu/bin/../lib/gcc/nios2-elf/5.3.0/../../../../../H-x86_64-pc-linux-gnu/nios2-elf/lib/libc.a(lib_a-fwalk.o)
                              /opt/intelFPGA/18.1/nios2eds/bin/gnu/H-x86_64-pc-linux-gnu/bin/../lib/gcc/nios2-elf/5.3.0/../../../../../H-x86_64-pc-linux-gnu/nios2-elf/lib/libc.a(lib_a-findfp.o) (_fwalk)
/opt/intelFPGA/18.1/nios2eds/bin/gnu/H-x86_64-pc-linux-gnu/bin/../lib/gcc/nios2-elf/5.3.0/../../../../../H-x86_64-pc-linux-gnu/nios2-elf/lib/libc.a(lib_a-impure.o)
                              /opt/intelFPGA/18.1/nios2eds/bin/gnu/H-x86_64-pc-linux-gnu/bin/../lib/gcc/nios2-elf/5.3.0/../../../../../H-x86_64-pc-linux-gnu/nios2-elf/lib/libc.a(lib_a-fflush.o) (_global_impure_ptr)
/opt/intelFPGA/18.1/nios2eds/bin/gnu/H-x86_64-pc-linux-gnu/bin/../lib/gcc/nios2-elf/5.3.0/../../../../../H-x86_64-pc-linux-gnu/nios2-elf/lib/libc.a(lib_a-locale.o)
                              /opt/intelFPGA/18.1/nios2eds/bin/gnu/H-x86_64-pc-linux-gnu/bin/../lib/gcc/nios2-elf/5.3.0/../../../../../H-x86_64-pc-linux-gnu/nios2-elf/lib/libc.a(lib_a-vfprintf.o) (_localeconv_r)
/opt/intelFPGA/18.1/nios2eds/bin/gnu/H-x86_64-pc-linux-gnu/bin/../lib/gcc/nios2-elf/5.3.0/../../../../../H-x86_64-pc-linux-gnu/nios2-elf/lib/libc.a(lib_a-makebuf.o)
[...]
Memory Configuration

Name             Origin             Length             Attributes
sdram_controller 0x0000000010000000 0x0000000004000000
reset            0x0000000020020000 0x0000000000000020
CPU_0_0_onchip_memory2_0 0x0000000020020020 0x000000000001ffe0
*default*        0x0000000000000000 0xffffffffffffffff

Linker script and memory map

LOAD ../CPU0_lab3_1_bsp//obj/HAL/src/crt0.o
LOAD obj/default/CPU0_main.o
LOAD /opt/intelFPGA/18.1/nios2eds/bin/gnu/H-x86_64-pc-linux-gnu/bin/../lib/gcc/nios2-elf/5.3.0/../../../../../H-x86_64-pc-linux-gnu/nios2-elf/lib/libstdc++.a
LOAD /opt/intelFPGA/18.1/nios2eds/bin/gnu/H-x86_64-pc-linux-gnu/bin/../lib/gcc/nios2-elf/5.3.0/../../../../../H-x86_64-pc-linux-gnu/nios2-elf/lib/libm.a
LOAD /opt/intelFPGA/18.1/nios2eds/bin/gnu/H-x86_64-pc-linux-gnu/bin/../lib/gcc/nios2-elf/5.3.0/libgcc.a
START GROUP
LOAD /opt/intelFPGA/18.1/nios2eds/bin/gnu/H-x86_64-pc-linux-gnu/bin/../lib/gcc/nios2-elf/5.3.0/../../../../../H-x86_64-pc-linux-gnu/nios2-elf/lib/libc.a
LOAD /opt/intelFPGA/18.1/nios2eds/bin/gnu/H-x86_64-pc-linux-gnu/bin/../lib/gcc/nios2-elf/5.3.0/libgcc.a
LOAD ../CPU0_lab3_1_bsp//libucosii_bsp.a
LOAD /opt/intelFPGA/18.1/nios2eds/bin/gnu/H-x86_64-pc-linux-gnu/bin/../lib/gcc/nios2-elf/5.3.0/../../../../../H-x86_64-pc-linux-gnu/nios2-elf/lib/libm.a
END GROUP
LOAD /opt/intelFPGA/18.1/nios2eds/bin/gnu/H-x86_64-pc-linux-gnu/bin/../lib/gcc/nios2-elf/5.3.0/libgcc.a
                0x0000000010000000                __alt_mem_sdram_controller = 0x10000000
                0x0000000020020000                __alt_mem_CPU_0_0_onchip_memory2_0 = 0x20020000

.entry          0x0000000020020000       0x20
 *(.entry)
 .entry         0x0000000020020000       0x20 ../CPU0_lab3_1_bsp//obj/HAL/src/crt0.o
                0x0000000020020000                __reset

.exceptions     0x0000000020020020      0x224
                0x0000000020020020                PROVIDE (__ram_exceptions_start, ABSOLUTE (.))
                0x0000000020020020                . = ALIGN (0x20)
 *(.irq)
 *(.exceptions.entry.label)
 .exceptions.entry.label
                0x0000000020020020        0x0 ../CPU0_lab3_1_bsp//libucosii_bsp.a(alt_irq_entry.o)
                0x0000000020020020                alt_irq_entry
 .exceptions.entry.label
                0x0000000020020020        0x0 ../CPU0_lab3_1_bsp//libucosii_bsp.a(alt_exception_entry.o)
                0x0000000020020020                alt_exception
 *(.exceptions.entry.user)
 *(.exceptions.entry.ecc_fatal)
 *(.exceptions.entry)
 .exceptions.entry
                0x0000000020020020       0x54 ../CPU0_lab3_1_bsp//libucosii_bsp.a(alt_exception_entry.o)
 *(.exceptions.irqtest.user)
 *(.exceptions.irqtest)
 .exceptions.irqtest
                0x0000000020020074       0x10 ../CPU0_lab3_1_bsp//libucosii_bsp.a(alt_irq_entry.o)
 *(.exceptions.irqhandler.user)
 *(.exceptions.irqhandler)
 .exceptions.irqhandler
                0x0000000020020084        0x4 ../CPU0_lab3_1_bsp//libucosii_bsp.a(alt_irq_entry.o)
 *(.exceptions.irqreturn.user)
 *(.exceptions.irqreturn)
 .exceptions.irqreturn
                0x0000000020020088        0x4 ../CPU0_lab3_1_bsp//libucosii_bsp.a(alt_irq_entry.o)
 *(.exceptions.notirq.label)
 .exceptions.notirq.label
                0x000000002002008c        0x0 ../CPU0_lab3_1_bsp//libucosii_bsp.a(alt_irq_entry.o)
 *(.exceptions.notirq.user)
 *(.exceptions.notirq)
 .exceptions.notirq
                0x000000002002008c        0x8 ../CPU0_lab3_1_bsp//libucosii_bsp.a(alt_exception_entry.o)
 *(.exceptions.soft.user)
 *(.exceptions.soft)
 *(.exceptions.unknown.user)
 *(.exceptions.unknown)
 .exceptions.unknown
                0x0000000020020094       0x14 ../CPU0_lab3_1_bsp//libucosii_bsp.a(alt_exception_entry.o)
 *(.exceptions.exit.label)
 .exceptions.exit.label
                0x00000000200200a8        0x0 ../CPU0_lab3_1_bsp//libucosii_bsp.a(alt_irq_entry.o)
 .exceptions.exit.label
                0x00000000200200a8        0x0 ../CPU0_lab3_1_bsp//libucosii_bsp.a(alt_exception_entry.o)
 *(.exceptions.exit.user)
 *(.exceptions.exit)
 .exceptions.exit
                0x00000000200200a8       0x54 ../CPU0_lab3_1_bsp//libucosii_bsp.a(alt_exception_entry.o)
 *(.exceptions)
 .exceptions    0x00000000200200fc       0xd4 ../CPU0_lab3_1_bsp//libucosii_bsp.a(alt_irq_handler.o)
                0x00000000200200fc                alt_irq_handler
 .exceptions    0x00000000200201d0       0x74 ../CPU0_lab3_1_bsp//libucosii_bsp.a(alt_instruction_exception_entry.o)
                0x00000000200201d0                alt_instruction_exception_entry
                0x0000000020020244                PROVIDE (__ram_exceptions_end, ABSOLUTE (.))
                0x0000000020020020                PROVIDE (__flash_exceptions_start, LOADADDR (.exceptions))

.text           0x0000000020020244    0x183a4
                [!provide]                        PROVIDE (stext, ABSOLUTE (.))
 *(.interp)
 *(.hash)
 *(.dynsym)
 *(.dynstr)
 *(.gnu.version)
 *(.gnu.version_d)
 *(.gnu.version_r)
 *(.rel.init)
 *(.rela.init)
 *(.rel.text .rel.text.* .rel.gnu.linkonce.t.*)
 *(.rela.text .rela.text.* .rela.gnu.linkonce.t.*)
 *(.rel.fini)
 *(.rela.fini)
 *(.rel.rodata .rel.rodata.* .rel.gnu.linkonce.r.*)
 *(.rela.rodata .rela.rodata.* .rela.gnu.linkonce.r.*)
 *(.rel.data .rel.data.* .rel.gnu.linkonce.d.*)
 *(.rela.data .rela.data.* .rela.gnu.linkonce.d.*)
 *(.rel.tdata .rel.tdata.* .rel.gnu.linkonce.td.*)
 *(.rela.tdata .rela.tdata.* .rela.gnu.linkonce.td.*)
 *(.rel.tbss .rel.tbss.* .rel.gnu.linkonce.tb.*)
 *(.rela.tbss .rela.tbss.* .rela.gnu.linkonce.tb.*)
 *(.rel.ctors)
 *(.rela.ctors)
 *(.rel.dtors)
 *(.rela.dtors)
 *(.rel.got)
 *(.rela.got)
 *(.rel.sdata .rel.sdata.* .rel.gnu.linkonce.s.*)
 *(.rela.sdata .rela.sdata.* .rela.gnu.linkonce.s.*)
 *(.rel.sbss .rel.sbss.* .rel.gnu.linkonce.sb.*)
 *(.rela.sbss .rela.sbss.* .rela.gnu.linkonce.sb.*)
 *(.rel.sdata2 .rel.sdata2.* .rel.gnu.linkonce.s2.*)
 *(.rela.sdata2 .rela.sdata2.* .rela.gnu.linkonce.s2.*)
 *(.rel.sbss2 .rel.sbss2.* .rel.gnu.linkonce.sb2.*)
 *(.rela.sbss2 .rela.sbss2.* .rela.gnu.linkonce.sb2.*)
 *(.rel.bss .rel.bss.* .rel.gnu.linkonce.b.*)
 *(.rela.bss .rela.bss.* .rela.gnu.linkonce.b.*)
 *(.rel.plt)
 *(.rela.plt)
 *(.rel.dyn)
 *(.init)
 *(.plt)
 *(.text .stub .text.* .gnu.linkonce.t.*)
 .text          0x0000000020020244       0x4c ../CPU0_lab3_1_bsp//obj/HAL/src/crt0.o
                0x0000000020020244                _start
 .text          0x0000000020020290      0x428 obj/default/CPU0_main.o
                0x0000000020020290                tx_cb
                0x00000000200202e4                send_to_mailbox
                0x000000002002037c                test_counter
                0x0000000020020490                task_leds
                0x0000000020020544                main
                0x0000000020020600                timer_interrupt
                0x0000000020020658                read_timer
 .text          0x00000000200206b8      0x8e8 /opt/intelFPGA/18.1/nios2eds/bin/gnu/H-x86_64-pc-linux-gnu/bin/../lib/gcc/nios2-elf/5.3.0/libgcc.a(divdf3.o)
                0x00000000200206b8                __divdf3
 .text          0x0000000020020fa0       0xa8 /opt/intelFPGA/18.1/nios2eds/bin/gnu/H-x86_64-pc-linux-gnu/bin/../lib/gcc/nios2-elf/5.3.0/libgcc.a(floatunsidf.o)
                0x0000000020020fa0                __floatunsidf
 .text          0x0000000020021048       0x64 /opt/intelFPGA/18.1/nios2eds/bin/gnu/H-x86_64-pc-linux-gnu/bin/../lib/gcc/nios2-elf/5.3.0/libgcc.a(_clzsi2.o)
                0x0000000020021048                __clzsi2
 .text          0x00000000200210ac      0x1b4 /opt/intelFPGA/18.1/nios2eds/bin/gnu/H-x86_64-pc-linux-gnu/bin/../lib/gcc/nios2-elf/5.3.0/libgcc.a(lib2-divmod.o)
                0x00000000200210ac                __divsi3
                0x0000000020021130                __modsi3
                0x00000000200211a4                __udivsi3
                0x0000000020021208                __umodsi3
 .text          0x0000000020021260        0x0 /opt/intelFPGA/18.1/nios2eds/bin/gnu/H-x86_64-pc-linux-gnu/bin/../lib/gcc/nios2-elf/5.3.0/libgcc.a(_clz.o)
 .text          0x0000000020021260        0x0 /opt/intelFPGA/18.1/nios2eds/bin/gnu/H-x86_64-pc-linux-gnu/bin/../lib/gcc/nios2-elf/5.3.0/../../../../../H-x86_64-pc-linux-gnu/nios2-elf/lib/libc.a(lib_a-printf.o)
 .text._printf_r
                0x0000000020021260       0x30 /opt/intelFPGA/18.1/nios2eds/bin/gnu/H-x86_64-pc-linux-gnu/bin/../lib/gcc/nios2-elf/5.3.0/../../../../../H-x86_64-pc-linux-gnu/nios2-elf/lib/libc.a(lib_a-printf.o)
                0x0000000020021260                _printf_r
 .text.printf   0x0000000020021290       0x3c /opt/intelFPGA/18.1/nios2eds/bin/gnu/H-x86_64-pc-linux-gnu/bin/../lib/gcc/nios2-elf/5.3.0/../../../../../H-x86_64-pc-linux-gnu/nios2-elf/lib/libc.a(lib_a-printf.o)
                0x0000000020021290                printf
 .text          0x00000000200212cc        0x0 /opt/intelFPGA/18.1/nios2eds/bin/gnu/H-x86_64-pc-linux-gnu/bin/../lib/gcc/nios2-elf/5.3.0/../../../../../H-x86_64-pc-linux-gnu/nios2-elf/lib/libc.a(lib_a-vfprintf.o)
 .text.___vfprintf_internal_r
                0x00000000200212cc     0x21f8 /opt/intelFPGA/18.1/nios2eds/bin/gnu/H-x86_64-pc-linux-gnu/bin/../lib/gcc/nios2-elf/5.3.0/../../../../../H-x86_64-pc-linux-gnu/nios2-elf/lib/libc.a(lib_a-vfprintf.o)
                0x00000000200212cc                ___vfprintf_internal_r
 .text.__vfprintf_internal
                0x00000000200234c4       0x1c /opt/intelFPGA/18.1/nios2eds/bin/gnu/H-x86_64-pc-linux-gnu/bin/../lib/gcc/nios2-elf/5.3.0/../../../../../H-x86_64-pc-linux-gnu/nios2-elf/lib/libc.a(lib_a-vfprintf.o)
                0x00000000200234c4                __vfprintf_internal
 .text.__sbprintf
                0x00000000200234e0       0xbc /opt/intelFPGA/18.1/nios2eds/bin/gnu/H-x86_64-pc-linux-gnu/bin/../lib/gcc/nios2-elf/5.3.0/../../../../../H-x86_64-pc-linux-gnu/nios2-elf/lib/libc.a(lib_a-vfprintf.o)
 .text          0x000000002002359c        0x0 /opt/intelFPGA/18.1/nios2eds/bin/gnu/H-x86_64-pc-linux-gnu/bin/../lib/gcc/nios2-elf/5.3.0/../../../../../H-x86_64-pc-linux-gnu/nios2-elf/lib/libc.a(lib_a-wsetup.o)
 .text.__swsetup_r
                0x000000002002359c      0x154 /opt/intelFPGA/18.1/nios2eds/bin/gnu/H-x86_64-pc-linux-gnu/bin/../lib/gcc/nios2-elf/5.3.0/../../../../../H-x86_64-pc-linux-gnu/nios2-elf/lib/libc.a(lib_a-wsetup.o)
                0x000000002002359c                __swsetup_r
 .text          0x00000000200236f0        0x0 /opt/intelFPGA/18.1/nios2eds/bin/gnu/H-x86_64-pc-linux-gnu/bin/../lib/gcc/nios2-elf/5.3.0/../../../../../H-x86_64-pc-linux-gnu/nios2-elf/lib/libc.a(lib_a-dtoa.o)
 .text.quorem   0x00000000200236f0      0x200 /opt/intelFPGA/18.1/nios2eds/bin/gnu/H-x86_64-pc-linux-gnu/bin/../lib/gcc/nios2-elf/5.3.0/../../../../../H-x86_64-pc-linux-gnu/nios2-elf/lib/libc.a(lib_a-dtoa.o)
 .text._dtoa_r  0x00000000200238f0     0x1688 /opt/intelFPGA/18.1/nios2eds/bin/gnu/H-x86_64-pc-linux-gnu/bin/../lib/gcc/nios2-elf/5.3.0/../../../../../H-x86_64-pc-linux-gnu/nios2-elf/lib/libc.a(lib_a-dtoa.o)
                0x00000000200238f0                _dtoa_r
 .text          0x0000000020024f78        0x0 /opt/intelFPGA/18.1/nios2eds/bin/gnu/H-x86_64-pc-linux-gnu/bin/../lib/gcc/nios2-elf/5.3.0/../../../../../H-x86_64-pc-linux-gnu/nios2-elf/lib/libc.a(lib_a-fflush.o)
 .text.__sflush_r
                0x0000000020024f78      0x21c /opt/intelFPGA/18.1/nios2eds/bin/gnu/H-x86_64-pc-linux-gnu/bin/../lib/gcc/nios2-elf/5.3.0/../../../../../H-x86_64-pc-linux-gnu/nios2-elf/lib/libc.a(lib_a-fflush.o)
                0x0000000020024f78                __sflush_r
 .text._fflush_r
                0x0000000020025194       0x5c /opt/intelFPGA/18.1/nios2eds/bin/gnu/H-x86_64-pc-linux-gnu/bin/../lib/gcc/nios2-elf/5.3.0/../../../../../H-x86_64-pc-linux-gnu/nios2-elf/lib/libc.a(lib_a-fflush.o)
                0x0000000020025194                _fflush_r
 .text.fflush   0x00000000200251f0       0x30 /opt/intelFPGA/18.1/nios2eds/bin/gnu/H-x86_64-pc-linux-gnu/bin/../lib/gcc/nios2-elf/5.3.0/../../../../../H-x86_64-pc-linux-gnu/nios2-elf/lib/libc.a(lib_a-fflush.o)
                0x00000000200251f0                fflush
 .text          0x0000000020025220        0x0 /opt/intelFPGA/18.1/nios2eds/bin/gnu/H-x86_64-pc-linux-gnu/bin/../lib/gcc/nios2-elf/5.3.0/../../../../../H-x86_64-pc-linux-gnu/nios2-elf/lib/libc.a(lib_a-findfp.o)
 .text.__fp_unlock
                0x0000000020025220        0x8 /opt/intelFPGA/18.1/nios2eds/bin/gnu/H-x86_64-pc-linux-gnu/bin/../lib/gcc/nios2-elf/5.3.0/../../../../../H-x86_64-pc-linux-gnu/nios2-elf/lib/libc.a(lib_a-findfp.o)
 .text._cleanup_r
                0x0000000020025228        0xc /opt/intelFPGA/18.1/nios2eds/bin/gnu/H-x86_64-pc-linux-gnu/bin/../lib/gcc/nios2-elf/5.3.0/../../../../../H-x86_64-pc-linux-gnu/nios2-elf/lib/libc.a(lib_a-findfp.o)
                0x0000000020025228                _cleanup_r
 .text.__sinit.part.1
                0x0000000020025234      0x19c /opt/intelFPGA/18.1/nios2eds/bin/gnu/H-x86_64-pc-linux-gnu/bin/../lib/gcc/nios2-elf/5.3.0/../../../../../H-x86_64-pc-linux-gnu/nios2-elf/lib/libc.a(lib_a-findfp.o)
 .text.__fp_lock
                0x00000000200253d0        0x8 /opt/intelFPGA/18.1/nios2eds/bin/gnu/H-x86_64-pc-linux-gnu/bin/../lib/gcc/nios2-elf/5.3.0/../../../../../H-x86_64-pc-linux-gnu/nios2-elf/lib/libc.a(lib_a-findfp.o)
 .text.__sfmoreglue
                0x00000000200253d8       0x68 /opt/intelFPGA/18.1/nios2eds/bin/gnu/H-x86_64-pc-linux-gnu/bin/../lib/gcc/nios2-elf/5.3.0/../../../../../H-x86_64-pc-linux-gnu/nios2-elf/lib/libc.a(lib_a-findfp.o)
                0x00000000200253d8                __sfmoreglue
 .text.__sfp    0x0000000020025440      0x118 /opt/intelFPGA/18.1/nios2eds/bin/gnu/H-x86_64-pc-linux-gnu/bin/../lib/gcc/nios2-elf/5.3.0/../../../../../H-x86_64-pc-linux-gnu/nios2-elf/lib/libc.a(lib_a-findfp.o)
                0x0000000020025440                __sfp
 .text._cleanup
                0x0000000020025558       0x18 /opt/intelFPGA/18.1/nios2eds/bin/gnu/H-x86_64-pc-linux-gnu/bin/../lib/gcc/nios2-elf/5.3.0/../../../../../H-x86_64-pc-linux-gnu/nios2-elf/lib/libc.a(lib_a-findfp.o)
                0x0000000020025558                _cleanup
 .text.__sinit  0x0000000020025570       0x10 /opt/intelFPGA/18.1/nios2eds/bin/gnu/H-x86_64-pc-linux-gnu/bin/../lib/gcc/nios2-elf/5.3.0/../../../../../H-x86_64-pc-linux-gnu/nios2-elf/lib/libc.a(lib_a-findfp.o)
                0x0000000020025570                __sinit
 .text.__sfp_lock_acquire
                0x0000000020025580        0x4 /opt/intelFPGA/18.1/nios2eds/bin/gnu/H-x86_64-pc-linux-gnu/bin/../lib/gcc/nios2-elf/5.3.0/../../../../../H-x86_64-pc-linux-gnu/nios2-elf/lib/libc.a(lib_a-findfp.o)
                0x0000000020025580                __sfp_lock_acquire
 .text.__sfp_lock_release
                0x0000000020025584        0x4 /opt/intelFPGA/18.1/nios2eds/bin/gnu/H-x86_64-pc-linux-gnu/bin/../lib/gcc/nios2-elf/5.3.0/../../../../../H-x86_64-pc-linux-gnu/nios2-elf/lib/libc.a(lib_a-findfp.o)
                0x0000000020025584                __sfp_lock_release
 .text.__sinit_lock_acquire
                0x0000000020025588        0x4 /opt/intelFPGA/18.1/nios2eds/bin/gnu/H-x86_64-pc-linux-gnu/bin/../lib/gcc/nios2-elf/5.3.0/../../../../../H-x86_64-pc-linux-gnu/nios2-elf/lib/libc.a(lib_a-findfp.o)
                0x0000000020025588                __sinit_lock_acquire
 .text.__sinit_lock_release
                0x000000002002558c        0x4 /opt/intelFPGA/18.1/nios2eds/bin/gnu/H-x86_64-pc-linux-gnu/bin/../lib/gcc/nios2-elf/5.3.0/../../../../../H-x86_64-pc-linux-gnu/nios2-elf/lib/libc.a(lib_a-findfp.o)
                0x000000002002558c                __sinit_lock_release
 .text.__fp_lock_all
                0x0000000020025590       0x18 /opt/intelFPGA/18.1/nios2eds/bin/gnu/H-x86_64-pc-linux-gnu/bin/../lib/gcc/nios2-elf/5.3.0/../../../../../H-x86_64-pc-linux-gnu/nios2-elf/lib/libc.a(lib_a-findfp.o)
                0x0000000020025590                __fp_lock_all
 .text.__fp_unlock_all
                0x00000000200255a8       0x18 /opt/intelFPGA/18.1/nios2eds/bin/gnu/H-x86_64-pc-linux-gnu/bin/../lib/gcc/nios2-elf/5.3.0/../../../../../H-x86_64-pc-linux-gnu/nios2-elf/lib/libc.a(lib_a-findfp.o)
                0x00000000200255a8                __fp_unlock_all
 .text          0x00000000200255c0        0x0 /opt/intelFPGA/18.1/nios2eds/bin/gnu/H-x86_64-pc-linux-gnu/bin/../lib/gcc/nios2-elf/5.3.0/../../../../../H-x86_64-pc-linux-gnu/nios2-elf/lib/libc.a(lib_a-freer.o)
 .text._malloc_trim_r
                0x00000000200255c0      0x124 /opt/intelFPGA/18.1/nios2eds/bin/gnu/H-x86_64-pc-linux-gnu/bin/../lib/gcc/nios2-elf/5.3.0/../../../../../H-x86_64-pc-linux-gnu/nios2-elf/lib/libc.a(lib_a-freer.o)
                0x00000000200255c0                _malloc_trim_r
 .text._free_r  0x00000000200256e4      0x310 /opt/intelFPGA/18.1/nios2eds/bin/gnu/H-x86_64-pc-linux-gnu/bin/../lib/gcc/nios2-elf/5.3.0/../../../../../H-x86_64-pc-linux-gnu/nios2-elf/lib/libc.a(lib_a-freer.o)
                0x00000000200256e4                _free_r
 .text          0x00000000200259f4        0x0 /opt/intelFPGA/18.1/nios2eds/bin/gnu/H-x86_64-pc-linux-gnu/bin/../lib/gcc/nios2-elf/5.3.0/../../../../../H-x86_64-pc-linux-gnu/nios2-elf/lib/libc.a(lib_a-fwalk.o)
 .text._fwalk   0x00000000200259f4       0xc4 /opt/intelFPGA/18.1/nios2eds/bin/gnu/H-x86_64-pc-linux-gnu/bin/../lib/gcc/nios2-elf/5.3.0/../../../../../H-x86_64-pc-linux-gnu/nios2-elf/lib/libc.a(lib_a-fwalk.o)
                0x00000000200259f4                _fwalk
 .text._fwalk_reent
                0x0000000020025ab8       0xc4 /opt/intelFPGA/18.1/nios2eds/bin/gnu/H-x86_64-pc-linux-gnu/bin/../lib/gcc/nios2-elf/5.3.0/../../../../../H-x86_64-pc-linux-gnu/nios2-elf/lib/libc.a(lib_a-fwalk.o)
                0x0000000020025ab8                _fwalk_reent
 .text          0x0000000020025b7c        0x0 /opt/intelFPGA/18.1/nios2eds/bin/gnu/H-x86_64-pc-linux-gnu/bin/../lib/gcc/nios2-elf/5.3.0/../../../../../H-x86_64-pc-linux-gnu/nios2-elf/lib/libc.a(lib_a-impure.o)
 .text          0x0000000020025b7c        0x0 /opt/intelFPGA/18.1/nios2eds/bin/gnu/H-x86_64-pc-linux-gnu/bin/../lib/gcc/nios2-elf/5.3.0/../../../../../H-x86_64-pc-linux-gnu/nios2-elf/lib/libc.a(lib_a-locale.o)
 .text._setlocale_r
                0x0000000020025b7c       0x7c /opt/intelFPGA/18.1/nios2eds/bin/gnu/H-x86_64-pc-linux-gnu/bin/../lib/gcc/nios2-elf/5.3.0/../../../../../H-x86_64-pc-linux-gnu/nios2-elf/lib/libc.a(lib_a-locale.o)
                0x0000000020025b7c                _setlocale_r
 .text.__locale_charset
                0x0000000020025bf8        0xc /opt/intelFPGA/18.1/nios2eds/bin/gnu/H-x86_64-pc-linux-gnu/bin/../lib/gcc/nios2-elf/5.3.0/../../../../../H-x86_64-pc-linux-gnu/nios2-elf/lib/libc.a(lib_a-locale.o)
                0x0000000020025bf8                __locale_charset
 .text.__locale_mb_cur_max
                0x0000000020025c04       0x10 /opt/intelFPGA/18.1/nios2eds/bin/gnu/H-x86_64-pc-linux-gnu/bin/../lib/gcc/nios2-elf/5.3.0/../../../../../H-x86_64-pc-linux-gnu/nios2-elf/lib/libc.a(lib_a-locale.o)
                0x0000000020025c04                __locale_mb_cur_max
 .text.__locale_msgcharset
                0x0000000020025c14        0xc /opt/intelFPGA/18.1/nios2eds/bin/gnu/H-x86_64-pc-linux-gnu/bin/../lib/gcc/nios2-elf/5.3.0/../../../../../H-x86_64-pc-linux-gnu/nios2-elf/lib/libc.a(lib_a-locale.o)
                0x0000000020025c14                __locale_msgcharset
 .text.__locale_cjk_lang
                0x0000000020025c20        0x8 /opt/intelFPGA/18.1/nios2eds/bin/gnu/H-x86_64-pc-linux-gnu/bin/../lib/gcc/nios2-elf/5.3.0/../../../../../H-x86_64-pc-linux-gnu/nios2-elf/lib/libc.a(lib_a-locale.o)
                0x0000000020025c20                __locale_cjk_lang
 .text._localeconv_r
                0x0000000020025c28        0xc /opt/intelFPGA/18.1/nios2eds/bin/gnu/H-x86_64-pc-linux-gnu/bin/../lib/gcc/nios2-elf/5.3.0/../../../../../H-x86_64-pc-linux-gnu/nios2-elf/lib/libc.a(lib_a-locale.o)
                0x0000000020025c28                _localeconv_r
 .text.setlocale
                0x0000000020025c34       0x18 /opt/intelFPGA/18.1/nios2eds/bin/gnu/H-x86_64-pc-linux-gnu/bin/../lib/gcc/nios2-elf/5.3.0/../../../../../H-x86_64-pc-linux-gnu/nios2-elf/lib/libc.a(lib_a-locale.o)
                0x0000000020025c34                setlocale
 .text.localeconv
                0x0000000020025c4c        0xc /opt/intelFPGA/18.1/nios2eds/bin/gnu/H-x86_64-pc-linux-gnu/bin/../lib/gcc/nios2-elf/5.3.0/../../../../../H-x86_64-pc-linux-gnu/nios2-elf/lib/libc.a(lib_a-locale.o)
                0x0000000020025c4c                localeconv
 .text          0x0000000020025c58        0x0 /opt/intelFPGA/18.1/nios2eds/bin/gnu/H-x86_64-pc-linux-gnu/bin/../lib/gcc/nios2-elf/5.3.0/../../../../../H-x86_64-pc-linux-gnu/nios2-elf/lib/libc.a(lib_a-makebuf.o)
 .text.__smakebuf_r
                0x0000000020025c58      0x1bc /opt/intelFPGA/18.1/nios2eds/bin/gnu/H-x86_64-pc-linux-gnu/bin/../lib/gcc/nios2-elf/5.3.0/../../../../../H-x86_64-pc-linux-gnu/nios2-elf/lib/libc.a(lib_a-makebuf.o)
                0x0000000020025c58                __smakebuf_r
 .text          0x0000000020025e14        0x0 /opt/intelFPGA/18.1/nios2eds/bin/gnu/H-x86_64-pc-linux-gnu/bin/../lib/gcc/nios2-elf/5.3.0/../../../../../H-x86_64-pc-linux-gnu/nios2-elf/lib/libc.a(lib_a-mallocr.o)
 .text._malloc_r
                0x0000000020025e14      0x80c /opt/intelFPGA/18.1/nios2eds/bin/gnu/H-x86_64-pc-linux-gnu/bin/../lib/gcc/nios2-elf/5.3.0/../../../../../H-x86_64-pc-linux-gnu/nios2-elf/lib/libc.a(lib_a-mallocr.o)
                0x0000000020025e14                _malloc_r
 .text          0x0000000020026620        0x0 /opt/intelFPGA/18.1/nios2eds/bin/gnu/H-x86_64-pc-linux-gnu/bin/../lib/gcc/nios2-elf/5.3.0/../../../../../H-x86_64-pc-linux-gnu/nios2-elf/lib/libc.a(lib_a-memchr.o)
 .text.memchr   0x0000000020026620       0xe4 /opt/intelFPGA/18.1/nios2eds/bin/gnu/H-x86_64-pc-linux-gnu/bin/../lib/gcc/nios2-elf/5.3.0/../../../../../H-x86_64-pc-linux-gnu/nios2-elf/lib/libc.a(lib_a-memchr.o)
                0x0000000020026620                memchr
 .text          0x0000000020026704        0x0 /opt/intelFPGA/18.1/nios2eds/bin/gnu/H-x86_64-pc-linux-gnu/bin/../lib/gcc/nios2-elf/5.3.0/../../../../../H-x86_64-pc-linux-gnu/nios2-elf/lib/libc.a(lib_a-memcpy.o)
 .text.memcpy   0x0000000020026704      0x148 /opt/intelFPGA/18.1/nios2eds/bin/gnu/H-x86_64-pc-linux-gnu/bin/../lib/gcc/nios2-elf/5.3.0/../../../../../H-x86_64-pc-linux-gnu/nios2-elf/lib/libc.a(lib_a-memcpy.o)
                0x0000000020026704                memcpy
 .text          0x000000002002684c        0x0 /opt/intelFPGA/18.1/nios2eds/bin/gnu/H-x86_64-pc-linux-gnu/bin/../lib/gcc/nios2-elf/5.3.0/../../../../../H-x86_64-pc-linux-gnu/nios2-elf/lib/libc.a(lib_a-memset.o)
 .text.memset   0x000000002002684c      0x128 /opt/intelFPGA/18.1/nios2eds/bin/gnu/H-x86_64-pc-linux-gnu/bin/../lib/gcc/nios2-elf/5.3.0/../../../../../H-x86_64-pc-linux-gnu/nios2-elf/lib/libc.a(lib_a-memset.o)
                0x000000002002684c                memset
 .text          0x0000000020026974        0x0 /opt/intelFPGA/18.1/nios2eds/bin/gnu/H-x86_64-pc-linux-gnu/bin/../lib/gcc/nios2-elf/5.3.0/../../../../../H-x86_64-pc-linux-gnu/nios2-elf/lib/libc.a(lib_a-mprec.o)
 .text._Balloc  0x0000000020026974       0xa8 /opt/intelFPGA/18.1/nios2eds/bin/gnu/H-x86_64-pc-linux-gnu/bin/../lib/gcc/nios2-elf/5.3.0/../../../../../H-x86_64-pc-linux-gnu/nios2-elf/lib/libc.a(lib_a-mprec.o)
                0x0000000020026974                _Balloc
 .text._Bfree   0x0000000020026a1c       0x28 /opt/intelFPGA/18.1/nios2eds/bin/gnu/H-x86_64-pc-linux-gnu/bin/../lib/gcc/nios2-elf/5.3.0/../../../../../H-x86_64-pc-linux-gnu/nios2-elf/lib/libc.a(lib_a-mprec.o)
                0x0000000020026a1c                _Bfree
 .text.__multadd
                0x0000000020026a44      0x120 /opt/intelFPGA/18.1/nios2eds/bin/gnu/H-x86_64-pc-linux-gnu/bin/../lib/gcc/nios2-elf/5.3.0/../../../../../H-x86_64-pc-linux-gnu/nios2-elf/lib/libc.a(lib_a-mprec.o)
                0x0000000020026a44                __multadd
 .text.__s2b    0x0000000020026b64      0x104 /opt/intelFPGA/18.1/nios2eds/bin/gnu/H-x86_64-pc-linux-gnu/bin/../lib/gcc/nios2-elf/5.3.0/../../../../../H-x86_64-pc-linux-gnu/nios2-elf/lib/libc.a(lib_a-mprec.o)
                0x0000000020026b64                __s2b
 .text.__hi0bits
                0x0000000020026c68       0x68 /opt/intelFPGA/18.1/nios2eds/bin/gnu/H-x86_64-pc-linux-gnu/bin/../lib/gcc/nios2-elf/5.3.0/../../../../../H-x86_64-pc-linux-gnu/nios2-elf/lib/libc.a(lib_a-mprec.o)
                0x0000000020026c68                __hi0bits
 .text.__lo0bits
                0x0000000020026cd0       0xb0 /opt/intelFPGA/18.1/nios2eds/bin/gnu/H-x86_64-pc-linux-gnu/bin/../lib/gcc/nios2-elf/5.3.0/../../../../../H-x86_64-pc-linux-gnu/nios2-elf/lib/libc.a(lib_a-mprec.o)
                0x0000000020026cd0                __lo0bits
 .text.__i2b    0x0000000020026d80       0x3c /opt/intelFPGA/18.1/nios2eds/bin/gnu/H-x86_64-pc-linux-gnu/bin/../lib/gcc/nios2-elf/5.3.0/../../../../../H-x86_64-pc-linux-gnu/nios2-elf/lib/libc.a(lib_a-mprec.o)
                0x0000000020026d80                __i2b
 .text.__multiply
                0x0000000020026dbc      0x1f8 /opt/intelFPGA/18.1/nios2eds/bin/gnu/H-x86_64-pc-linux-gnu/bin/../lib/gcc/nios2-elf/5.3.0/../../../../../H-x86_64-pc-linux-gnu/nios2-elf/lib/libc.a(lib_a-mprec.o)
                0x0000000020026dbc                __multiply
 .text.__pow5mult
                0x0000000020026fb4      0x140 /opt/intelFPGA/18.1/nios2eds/bin/gnu/H-x86_64-pc-linux-gnu/bin/../lib/gcc/nios2-elf/5.3.0/../../../../../H-x86_64-pc-linux-gnu/nios2-elf/lib/libc.a(lib_a-mprec.o)
                0x0000000020026fb4                __pow5mult
 .text.__lshift
                0x00000000200270f4      0x148 /opt/intelFPGA/18.1/nios2eds/bin/gnu/H-x86_64-pc-linux-gnu/bin/../lib/gcc/nios2-elf/5.3.0/../../../../../H-x86_64-pc-linux-gnu/nios2-elf/lib/libc.a(lib_a-mprec.o)
                0x00000000200270f4                __lshift
 .text.__mcmp   0x000000002002723c       0x60 /opt/intelFPGA/18.1/nios2eds/bin/gnu/H-x86_64-pc-linux-gnu/bin/../lib/gcc/nios2-elf/5.3.0/../../../../../H-x86_64-pc-linux-gnu/nios2-elf/lib/libc.a(lib_a-mprec.o)
                0x000000002002723c                __mcmp
 .text.__mdiff  0x000000002002729c      0x1fc /opt/intelFPGA/18.1/nios2eds/bin/gnu/H-x86_64-pc-linux-gnu/bin/../lib/gcc/nios2-elf/5.3.0/../../../../../H-x86_64-pc-linux-gnu/nios2-elf/lib/libc.a(lib_a-mprec.o)
                0x000000002002729c                __mdiff
 .text.__ulp    0x0000000020027498       0x64 /opt/intelFPGA/18.1/nios2eds/bin/gnu/H-x86_64-pc-linux-gnu/bin/../lib/gcc/nios2-elf/5.3.0/../../../../../H-x86_64-pc-linux-gnu/nios2-elf/lib/libc.a(lib_a-mprec.o)
                0x0000000020027498                __ulp
 .text.__b2d    0x00000000200274fc      0x10c /opt/intelFPGA/18.1/nios2eds/bin/gnu/H-x86_64-pc-linux-gnu/bin/../lib/gcc/nios2-elf/5.3.0/../../../../../H-x86_64-pc-linux-gnu/nios2-elf/lib/libc.a(lib_a-mprec.o)
                0x00000000200274fc                __b2d
 .text.__d2b    0x0000000020027608      0x14c /opt/intelFPGA/18.1/nios2eds/bin/gnu/H-x86_64-pc-linux-gnu/bin/../lib/gcc/nios2-elf/5.3.0/../../../../../H-x86_64-pc-linux-gnu/nios2-elf/lib/libc.a(lib_a-mprec.o)
                0x0000000020027608                __d2b
 .text.__ratio  0x0000000020027754       0xa4 /opt/intelFPGA/18.1/nios2eds/bin/gnu/H-x86_64-pc-linux-gnu/bin/../lib/gcc/nios2-elf/5.3.0/../../../../../H-x86_64-pc-linux-gnu/nios2-elf/lib/libc.a(lib_a-mprec.o)
                0x0000000020027754                __ratio
 .text._mprec_log10
                0x00000000200277f8       0x74 /opt/intelFPGA/18.1/nios2eds/bin/gnu/H-x86_64-pc-linux-gnu/bin/../lib/gcc/nios2-elf/5.3.0/../../../../../H-x86_64-pc-linux-gnu/nios2-elf/lib/libc.a(lib_a-mprec.o)
                0x00000000200277f8                _mprec_log10
 .text.__copybits
                0x000000002002786c       0x78 /opt/intelFPGA/18.1/nios2eds/bin/gnu/H-x86_64-pc-linux-gnu/bin/../lib/gcc/nios2-elf/5.3.0/../../../../../H-x86_64-pc-linux-gnu/nios2-elf/lib/libc.a(lib_a-mprec.o)
                0x000000002002786c                __copybits
 .text.__any_on
                0x00000000200278e4       0x8c /opt/intelFPGA/18.1/nios2eds/bin/gnu/H-x86_64-pc-linux-gnu/bin/../lib/gcc/nios2-elf/5.3.0/../../../../../H-x86_64-pc-linux-gnu/nios2-elf/lib/libc.a(lib_a-mprec.o)
                0x00000000200278e4                __any_on
 .text          0x0000000020027970        0x0 /opt/intelFPGA/18.1/nios2eds/bin/gnu/H-x86_64-pc-linux-gnu/bin/../lib/gcc/nios2-elf/5.3.0/../../../../../H-x86_64-pc-linux-gnu/nios2-elf/lib/libc.a(lib_a-s_fpclassify.o)
 .text.__fpclassifyd
                0x0000000020027970       0x74 /opt/intelFPGA/18.1/nios2eds/bin/gnu/H-x86_64-pc-linux-gnu/bin/../lib/gcc/nios2-elf/5.3.0/../../../../../H-x86_64-pc-linux-gnu/nios2-elf/lib/libc.a(lib_a-s_fpclassify.o)
                0x0000000020027970                __fpclassifyd
 .text          0x00000000200279e4        0x0 /opt/intelFPGA/18.1/nios2eds/bin/gnu/H-x86_64-pc-linux-gnu/bin/../lib/gcc/nios2-elf/5.3.0/../../../../../H-x86_64-pc-linux-gnu/nios2-elf/lib/libc.a(lib_a-sbrkr.o)
 .text._sbrk_r  0x00000000200279e4       0x54 /opt/intelFPGA/18.1/nios2eds/bin/gnu/H-x86_64-pc-linux-gnu/bin/../lib/gcc/nios2-elf/5.3.0/../../../../../H-x86_64-pc-linux-gnu/nios2-elf/lib/libc.a(lib_a-sbrkr.o)
                0x00000000200279e4                _sbrk_r
 .text          0x0000000020027a38        0x0 /opt/intelFPGA/18.1/nios2eds/bin/gnu/H-x86_64-pc-linux-gnu/bin/../lib/gcc/nios2-elf/5.3.0/../../../../../H-x86_64-pc-linux-gnu/nios2-elf/lib/libc.a(lib_a-stdio.o)
 .text.__sread  0x0000000020027a38       0x54 /opt/intelFPGA/18.1/nios2eds/bin/gnu/H-x86_64-pc-linux-gnu/bin/../lib/gcc/nios2-elf/5.3.0/../../../../../H-x86_64-pc-linux-gnu/nios2-elf/lib/libc.a(lib_a-stdio.o)
                0x0000000020027a38                __sread
 .text.__seofread
                0x0000000020027a8c        0x8 /opt/intelFPGA/18.1/nios2eds/bin/gnu/H-x86_64-pc-linux-gnu/bin/../lib/gcc/nios2-elf/5.3.0/../../../../../H-x86_64-pc-linux-gnu/nios2-elf/lib/libc.a(lib_a-stdio.o)
                0x0000000020027a8c                __seofread
 .text.__swrite
                0x0000000020027a94       0x7c /opt/intelFPGA/18.1/nios2eds/bin/gnu/H-x86_64-pc-linux-gnu/bin/../lib/gcc/nios2-elf/5.3.0/../../../../../H-x86_64-pc-linux-gnu/nios2-elf/lib/libc.a(lib_a-stdio.o)
                0x0000000020027a94                __swrite
 .text.__sseek  0x0000000020027b10       0x5c /opt/intelFPGA/18.1/nios2eds/bin/gnu/H-x86_64-pc-linux-gnu/bin/../lib/gcc/nios2-elf/5.3.0/../../../../../H-x86_64-pc-linux-gnu/nios2-elf/lib/libc.a(lib_a-stdio.o)
                0x0000000020027b10                __sseek
 .text.__sclose
                0x0000000020027b6c        0x8 /opt/intelFPGA/18.1/nios2eds/bin/gnu/H-x86_64-pc-linux-gnu/bin/../lib/gcc/nios2-elf/5.3.0/../../../../../H-x86_64-pc-linux-gnu/nios2-elf/lib/libc.a(lib_a-stdio.o)
                0x0000000020027b6c                __sclose
 .text          0x0000000020027b74        0x0 /opt/intelFPGA/18.1/nios2eds/bin/gnu/H-x86_64-pc-linux-gnu/bin/../lib/gcc/nios2-elf/5.3.0/../../../../../H-x86_64-pc-linux-gnu/nios2-elf/lib/libc.a(lib_a-strcmp.o)
 .text.strcmp   0x0000000020027b74       0xdc /opt/intelFPGA/18.1/nios2eds/bin/gnu/H-x86_64-pc-linux-gnu/bin/../lib/gcc/nios2-elf/5.3.0/../../../../../H-x86_64-pc-linux-gnu/nios2-elf/lib/libc.a(lib_a-strcmp.o)
                0x0000000020027b74                strcmp
 .text          0x0000000020027c50        0x0 /opt/intelFPGA/18.1/nios2eds/bin/gnu/H-x86_64-pc-linux-gnu/bin/../lib/gcc/nios2-elf/5.3.0/../../../../../H-x86_64-pc-linux-gnu/nios2-elf/lib/libc.a(lib_a-strlen.o)
 .text.strlen   0x0000000020027c50       0x98 /opt/intelFPGA/18.1/nios2eds/bin/gnu/H-x86_64-pc-linux-gnu/bin/../lib/gcc/nios2-elf/5.3.0/../../../../../H-x86_64-pc-linux-gnu/nios2-elf/lib/libc.a(lib_a-strlen.o)
                0x0000000020027c50                strlen
 .text          0x0000000020027ce8        0x0 /opt/intelFPGA/18.1/nios2eds/bin/gnu/H-x86_64-pc-linux-gnu/bin/../lib/gcc/nios2-elf/5.3.0/../../../../../H-x86_64-pc-linux-gnu/nios2-elf/lib/libc.a(lib_a-vfiprintf.o)
 .text.__sprint_r.part.0
                0x0000000020027ce8       0xfc /opt/intelFPGA/18.1/nios2eds/bin/gnu/H-x86_64-pc-linux-gnu/bin/../lib/gcc/nios2-elf/5.3.0/../../../../../H-x86_64-pc-linux-gnu/nios2-elf/lib/libc.a(lib_a-vfiprintf.o)
 .text.__sprint_r
                0x0000000020027de4       0x18 /opt/intelFPGA/18.1/nios2eds/bin/gnu/H-x86_64-pc-linux-gnu/bin/../lib/gcc/nios2-elf/5.3.0/../../../../../H-x86_64-pc-linux-gnu/nios2-elf/lib/libc.a(lib_a-vfiprintf.o)
                0x0000000020027de4                __sprint_r
 .text.___vfiprintf_internal_r
                0x0000000020027dfc     0x145c /opt/intelFPGA/18.1/nios2eds/bin/gnu/H-x86_64-pc-linux-gnu/bin/../lib/gcc/nios2-elf/5.3.0/../../../../../H-x86_64-pc-linux-gnu/nios2-elf/lib/libc.a(lib_a-vfiprintf.o)
                0x0000000020027dfc                ___vfiprintf_internal_r
 .text.__vfiprintf_internal
                0x0000000020029258       0x1c /opt/intelFPGA/18.1/nios2eds/bin/gnu/H-x86_64-pc-linux-gnu/bin/../lib/gcc/nios2-elf/5.3.0/../../../../../H-x86_64-pc-linux-gnu/nios2-elf/lib/libc.a(lib_a-vfiprintf.o)
                0x0000000020029258                __vfiprintf_internal
 .text.__sbprintf
                0x0000000020029274       0xbc /opt/intelFPGA/18.1/nios2eds/bin/gnu/H-x86_64-pc-linux-gnu/bin/../lib/gcc/nios2-elf/5.3.0/../../../../../H-x86_64-pc-linux-gnu/nios2-elf/lib/libc.a(lib_a-vfiprintf.o)
 .text          0x0000000020029330        0x0 /opt/intelFPGA/18.1/nios2eds/bin/gnu/H-x86_64-pc-linux-gnu/bin/../lib/gcc/nios2-elf/5.3.0/../../../../../H-x86_64-pc-linux-gnu/nios2-elf/lib/libc.a(lib_a-writer.o)
 .text._write_r
                0x0000000020029330       0x60 /opt/intelFPGA/18.1/nios2eds/bin/gnu/H-x86_64-pc-linux-gnu/bin/../lib/gcc/nios2-elf/5.3.0/../../../../../H-x86_64-pc-linux-gnu/nios2-elf/lib/libc.a(lib_a-writer.o)
                0x0000000020029330                _write_r
 .text          0x0000000020029390        0x0 /opt/intelFPGA/18.1/nios2eds/bin/gnu/H-x86_64-pc-linux-gnu/bin/../lib/gcc/nios2-elf/5.3.0/../../../../../H-x86_64-pc-linux-gnu/nios2-elf/lib/libc.a(closer.o)
 .text._close_r
                0x0000000020029390       0x54 /opt/intelFPGA/18.1/nios2eds/bin/gnu/H-x86_64-pc-linux-gnu/bin/../lib/gcc/nios2-elf/5.3.0/../../../../../H-x86_64-pc-linux-gnu/nios2-elf/lib/libc.a(closer.o)
                0x0000000020029390                _close_r
 .text          0x00000000200293e4        0x0 /opt/intelFPGA/18.1/nios2eds/bin/gnu/H-x86_64-pc-linux-gnu/bin/../lib/gcc/nios2-elf/5.3.0/../../../../../H-x86_64-pc-linux-gnu/nios2-elf/lib/libc.a(lib_a-callocr.o)
 .text._calloc_r
                0x00000000200293e4       0xc4 /opt/intelFPGA/18.1/nios2eds/bin/gnu/H-x86_64-pc-linux-gnu/bin/../lib/gcc/nios2-elf/5.3.0/../../../../../H-x86_64-pc-linux-gnu/nios2-elf/lib/libc.a(lib_a-callocr.o)
                0x00000000200293e4                _calloc_r
 .text          0x00000000200294a8        0x0 /opt/intelFPGA/18.1/nios2eds/bin/gnu/H-x86_64-pc-linux-gnu/bin/../lib/gcc/nios2-elf/5.3.0/../../../../../H-x86_64-pc-linux-gnu/nios2-elf/lib/libc.a(lib_a-fclose.o)
 .text._fclose_r
                0x00000000200294a8       0xf0 /opt/intelFPGA/18.1/nios2eds/bin/gnu/H-x86_64-pc-linux-gnu/bin/../lib/gcc/nios2-elf/5.3.0/../../../../../H-x86_64-pc-linux-gnu/nios2-elf/lib/libc.a(lib_a-fclose.o)
                0x00000000200294a8                _fclose_r
 .text.fclose   0x0000000020029598       0x14 /opt/intelFPGA/18.1/nios2eds/bin/gnu/H-x86_64-pc-linux-gnu/bin/../lib/gcc/nios2-elf/5.3.0/../../../../../H-x86_64-pc-linux-gnu/nios2-elf/lib/libc.a(lib_a-fclose.o)
                0x0000000020029598                fclose
 .text          0x00000000200295ac        0x0 /opt/intelFPGA/18.1/nios2eds/bin/gnu/H-x86_64-pc-linux-gnu/bin/../lib/gcc/nios2-elf/5.3.0/../../../../../H-x86_64-pc-linux-gnu/nios2-elf/lib/libc.a(lib_a-fputwc.o)
 .text.__fputwc
                0x00000000200295ac      0x164 /opt/intelFPGA/18.1/nios2eds/bin/gnu/H-x86_64-pc-linux-gnu/bin/../lib/gcc/nios2-elf/5.3.0/../../../../../H-x86_64-pc-linux-gnu/nios2-elf/lib/libc.a(lib_a-fputwc.o)
                0x00000000200295ac                __fputwc
 .text._fputwc_r
                0x0000000020029710       0x24 /opt/intelFPGA/18.1/nios2eds/bin/gnu/H-x86_64-pc-linux-gnu/bin/../lib/gcc/nios2-elf/5.3.0/../../../../../H-x86_64-pc-linux-gnu/nios2-elf/lib/libc.a(lib_a-fputwc.o)
                0x0000000020029710                _fputwc_r
 .text.fputwc   0x0000000020029734       0x80 /opt/intelFPGA/18.1/nios2eds/bin/gnu/H-x86_64-pc-linux-gnu/bin/../lib/gcc/nios2-elf/5.3.0/../../../../../H-x86_64-pc-linux-gnu/nios2-elf/lib/libc.a(lib_a-fputwc.o)
                0x0000000020029734                fputwc
 .text          0x00000000200297b4        0x0 /opt/intelFPGA/18.1/nios2eds/bin/gnu/H-x86_64-pc-linux-gnu/bin/../lib/gcc/nios2-elf/5.3.0/../../../../../H-x86_64-pc-linux-gnu/nios2-elf/lib/libc.a(lib_a-fstatr.o)
 .text._fstat_r
                0x00000000200297b4       0x5c /opt/intelFPGA/18.1/nios2eds/bin/gnu/H-x86_64-pc-linux-gnu/bin/../lib/gcc/nios2-elf/5.3.0/../../../../../H-x86_64-pc-linux-gnu/nios2-elf/lib/libc.a(lib_a-fstatr.o)
                0x00000000200297b4                _fstat_r
 .text          0x0000000020029810        0x0 /opt/intelFPGA/18.1/nios2eds/bin/gnu/H-x86_64-pc-linux-gnu/bin/../lib/gcc/nios2-elf/5.3.0/../../../../../H-x86_64-pc-linux-gnu/nios2-elf/lib/libc.a(lib_a-fvwrite.o)
 .text.__sfvwrite_r
                0x0000000020029810      0x4bc /opt/intelFPGA/18.1/nios2eds/bin/gnu/H-x86_64-pc-linux-gnu/bin/../lib/gcc/nios2-elf/5.3.0/../../../../../H-x86_64-pc-linux-gnu/nios2-elf/lib/libc.a(lib_a-fvwrite.o)
                0x0000000020029810                __sfvwrite_r
 .text          0x0000000020029ccc        0x0 /opt/intelFPGA/18.1/nios2eds/bin/gnu/H-x86_64-pc-linux-gnu/bin/../lib/gcc/nios2-elf/5.3.0/../../../../../H-x86_64-pc-linux-gnu/nios2-elf/lib/libc.a(lib_a-int_errno.o)
 .text          0x0000000020029ccc        0x0 /opt/intelFPGA/18.1/nios2eds/bin/gnu/H-x86_64-pc-linux-gnu/bin/../lib/gcc/nios2-elf/5.3.0/../../../../../H-x86_64-pc-linux-gnu/nios2-elf/lib/libc.a(lib_a-isattyr.o)
 .text._isatty_r
                0x0000000020029ccc       0x54 /opt/intelFPGA/18.1/nios2eds/bin/gnu/H-x86_64-pc-linux-gnu/bin/../lib/gcc/nios2-elf/5.3.0/../../../../../H-x86_64-pc-linux-gnu/nios2-elf/lib/libc.a(lib_a-isattyr.o)
                0x0000000020029ccc                _isatty_r
 .text          0x0000000020029d20        0x0 /opt/intelFPGA/18.1/nios2eds/bin/gnu/H-x86_64-pc-linux-gnu/bin/../lib/gcc/nios2-elf/5.3.0/../../../../../H-x86_64-pc-linux-gnu/nios2-elf/lib/libc.a(lib_a-lseekr.o)
 .text._lseek_r
                0x0000000020029d20       0x60 /opt/intelFPGA/18.1/nios2eds/bin/gnu/H-x86_64-pc-linux-gnu/bin/../lib/gcc/nios2-elf/5.3.0/../../../../../H-x86_64-pc-linux-gnu/nios2-elf/lib/libc.a(lib_a-lseekr.o)
                0x0000000020029d20                _lseek_r
 .text          0x0000000020029d80        0x0 /opt/intelFPGA/18.1/nios2eds/bin/gnu/H-x86_64-pc-linux-gnu/bin/../lib/gcc/nios2-elf/5.3.0/../../../../../H-x86_64-pc-linux-gnu/nios2-elf/lib/libc.a(lib_a-memmove.o)
 .text.memmove  0x0000000020029d80      0x15c /opt/intelFPGA/18.1/nios2eds/bin/gnu/H-x86_64-pc-linux-gnu/bin/../lib/gcc/nios2-elf/5.3.0/../../../../../H-x86_64-pc-linux-gnu/nios2-elf/lib/libc.a(lib_a-memmove.o)
                0x0000000020029d80                memmove
 .text          0x0000000020029edc        0x0 /opt/intelFPGA/18.1/nios2eds/bin/gnu/H-x86_64-pc-linux-gnu/bin/../lib/gcc/nios2-elf/5.3.0/../../../../../H-x86_64-pc-linux-gnu/nios2-elf/lib/libc.a(lib_a-readr.o)
 .text._read_r  0x0000000020029edc       0x60 /opt/intelFPGA/18.1/nios2eds/bin/gnu/H-x86_64-pc-linux-gnu/bin/../lib/gcc/nios2-elf/5.3.0/../../../../../H-x86_64-pc-linux-gnu/nios2-elf/lib/libc.a(lib_a-readr.o)
                0x0000000020029edc                _read_r
 .text          0x0000000020029f3c        0x0 /opt/intelFPGA/18.1/nios2eds/bin/gnu/H-x86_64-pc-linux-gnu/bin/../lib/gcc/nios2-elf/5.3.0/../../../../../H-x86_64-pc-linux-gnu/nios2-elf/lib/libc.a(lib_a-reallocr.o)
 .text._realloc_r
                0x0000000020029f3c      0x564 /opt/intelFPGA/18.1/nios2eds/bin/gnu/H-x86_64-pc-linux-gnu/bin/../lib/gcc/nios2-elf/5.3.0/../../../../../H-x86_64-pc-linux-gnu/nios2-elf/lib/libc.a(lib_a-reallocr.o)
                0x0000000020029f3c                _realloc_r
 .text          0x000000002002a4a0        0x0 /opt/intelFPGA/18.1/nios2eds/bin/gnu/H-x86_64-pc-linux-gnu/bin/../lib/gcc/nios2-elf/5.3.0/../../../../../H-x86_64-pc-linux-gnu/nios2-elf/lib/libc.a(lib_a-wbuf.o)
 .text.__swbuf_r
                0x000000002002a4a0      0x140 /opt/intelFPGA/18.1/nios2eds/bin/gnu/H-x86_64-pc-linux-gnu/bin/../lib/gcc/nios2-elf/5.3.0/../../../../../H-x86_64-pc-linux-gnu/nios2-elf/lib/libc.a(lib_a-wbuf.o)
                0x000000002002a4a0                __swbuf_r
 .text.__swbuf  0x000000002002a5e0       0x18 /opt/intelFPGA/18.1/nios2eds/bin/gnu/H-x86_64-pc-linux-gnu/bin/../lib/gcc/nios2-elf/5.3.0/../../../../../H-x86_64-pc-linux-gnu/nios2-elf/lib/libc.a(lib_a-wbuf.o)
                0x000000002002a5e0                __swbuf
 .text          0x000000002002a5f8        0x0 /opt/intelFPGA/18.1/nios2eds/bin/gnu/H-x86_64-pc-linux-gnu/bin/../lib/gcc/nios2-elf/5.3.0/../../../../../H-x86_64-pc-linux-gnu/nios2-elf/lib/libc.a(lib_a-wcrtomb.o)
 .text._wcrtomb_r
                0x000000002002a5f8       0x9c /opt/intelFPGA/18.1/nios2eds/bin/gnu/H-x86_64-pc-linux-gnu/bin/../lib/gcc/nios2-elf/5.3.0/../../../../../H-x86_64-pc-linux-gnu/nios2-elf/lib/libc.a(lib_a-wcrtomb.o)
                0x000000002002a5f8                _wcrtomb_r
 .text.wcrtomb  0x000000002002a694       0xc0 /opt/intelFPGA/18.1/nios2eds/bin/gnu/H-x86_64-pc-linux-gnu/bin/../lib/gcc/nios2-elf/5.3.0/../../../../../H-x86_64-pc-linux-gnu/nios2-elf/lib/libc.a(lib_a-wcrtomb.o)
                0x000000002002a694                wcrtomb
 .text          0x000000002002a754        0x0 /opt/intelFPGA/18.1/nios2eds/bin/gnu/H-x86_64-pc-linux-gnu/bin/../lib/gcc/nios2-elf/5.3.0/../../../../../H-x86_64-pc-linux-gnu/nios2-elf/lib/libc.a(lib_a-wctomb_r.o)
 .text.__ascii_wctomb
                0x000000002002a754       0x30 /opt/intelFPGA/18.1/nios2eds/bin/gnu/H-x86_64-pc-linux-gnu/bin/../lib/gcc/nios2-elf/5.3.0/../../../../../H-x86_64-pc-linux-gnu/nios2-elf/lib/libc.a(lib_a-wctomb_r.o)
                0x000000002002a754                __ascii_wctomb
 .text._wctomb_r
                0x000000002002a784       0x5c /opt/intelFPGA/18.1/nios2eds/bin/gnu/H-x86_64-pc-linux-gnu/bin/../lib/gcc/nios2-elf/5.3.0/../../../../../H-x86_64-pc-linux-gnu/nios2-elf/lib/libc.a(lib_a-wctomb_r.o)
                0x000000002002a784                _wctomb_r
 .text          0x000000002002a7e0      0x578 /opt/intelFPGA/18.1/nios2eds/bin/gnu/H-x86_64-pc-linux-gnu/bin/../lib/gcc/nios2-elf/5.3.0/libgcc.a(_udivdi3.o)
                0x000000002002a7e0                __udivdi3
 .text          0x000000002002ad58      0x538 /opt/intelFPGA/18.1/nios2eds/bin/gnu/H-x86_64-pc-linux-gnu/bin/../lib/gcc/nios2-elf/5.3.0/libgcc.a(_umoddi3.o)
                0x000000002002ad58                __umoddi3
 .text          0x000000002002b290      0x8ac /opt/intelFPGA/18.1/nios2eds/bin/gnu/H-x86_64-pc-linux-gnu/bin/../lib/gcc/nios2-elf/5.3.0/libgcc.a(adddf3.o)
                0x000000002002b290                __adddf3
 .text          0x000000002002bb3c       0x88 /opt/intelFPGA/18.1/nios2eds/bin/gnu/H-x86_64-pc-linux-gnu/bin/../lib/gcc/nios2-elf/5.3.0/libgcc.a(eqdf2.o)
                0x000000002002bb3c                __eqdf2
                0x000000002002bb3c                __nedf2
 .text          0x000000002002bbc4       0xdc /opt/intelFPGA/18.1/nios2eds/bin/gnu/H-x86_64-pc-linux-gnu/bin/../lib/gcc/nios2-elf/5.3.0/libgcc.a(gedf2.o)
                0x000000002002bbc4                __gtdf2
                0x000000002002bbc4                __gedf2
 .text          0x000000002002bca0       0xf4 /opt/intelFPGA/18.1/nios2eds/bin/gnu/H-x86_64-pc-linux-gnu/bin/../lib/gcc/nios2-elf/5.3.0/libgcc.a(ledf2.o)
                0x000000002002bca0                __ltdf2
                0x000000002002bca0                __ledf2
 .text          0x000000002002bd94      0x718 /opt/intelFPGA/18.1/nios2eds/bin/gnu/H-x86_64-pc-linux-gnu/bin/../lib/gcc/nios2-elf/5.3.0/libgcc.a(muldf3.o)
                0x000000002002bd94                __muldf3
 .text          0x000000002002c4ac      0x8fc /opt/intelFPGA/18.1/nios2eds/bin/gnu/H-x86_64-pc-linux-gnu/bin/../lib/gcc/nios2-elf/5.3.0/libgcc.a(subdf3.o)
                0x000000002002c4ac                __subdf3
 .text          0x000000002002cda8       0x80 /opt/intelFPGA/18.1/nios2eds/bin/gnu/H-x86_64-pc-linux-gnu/bin/../lib/gcc/nios2-elf/5.3.0/libgcc.a(fixdfsi.o)
                0x000000002002cda8                __fixdfsi
 .text          0x000000002002ce28       0xdc /opt/intelFPGA/18.1/nios2eds/bin/gnu/H-x86_64-pc-linux-gnu/bin/../lib/gcc/nios2-elf/5.3.0/libgcc.a(floatsidf.o)
                0x000000002002ce28                __floatsidf
 .text          0x000000002002cf04      0x10c ../CPU0_lab3_1_bsp//libucosii_bsp.a(alt_close.o)
                0x000000002002cf40                close
 .text          0x000000002002d010       0x2c ../CPU0_lab3_1_bsp//libucosii_bsp.a(alt_dev.o)
 .text          0x000000002002d03c        0x0 ../CPU0_lab3_1_bsp//libucosii_bsp.a(alt_errno.o)
 .text          0x000000002002d03c       0xec ../CPU0_lab3_1_bsp//libucosii_bsp.a(alt_fstat.o)
                0x000000002002d078                fstat
 .text          0x000000002002d128      0x1b0 ../CPU0_lab3_1_bsp//libucosii_bsp.a(alt_iic.o)
                0x000000002002d128                alt_ic_isr_register
                0x000000002002d178                alt_ic_irq_enable
                0x000000002002d200                alt_ic_irq_disable
                0x000000002002d28c                alt_ic_irq_enabled
 .text          0x000000002002d2d8       0xf0 ../CPU0_lab3_1_bsp//libucosii_bsp.a(alt_iic_isr_register.o)
                0x000000002002d2d8                alt_iic_isr_register
 .text          0x000000002002d3c8        0x0 ../CPU0_lab3_1_bsp//libucosii_bsp.a(alt_irq_entry.o)
 .text          0x000000002002d3c8        0x0 ../CPU0_lab3_1_bsp//libucosii_bsp.a(alt_irq_handler.o)
 .text          0x000000002002d3c8        0x0 ../CPU0_lab3_1_bsp//libucosii_bsp.a(alt_irq_vars.o)
 .text          0x000000002002d3c8       0xe0 ../CPU0_lab3_1_bsp//libucosii_bsp.a(alt_isatty.o)
                0x000000002002d404                isatty
 .text          0x000000002002d4a8       0xec ../CPU0_lab3_1_bsp//libucosii_bsp.a(alt_load.o)
                0x000000002002d510                alt_load
 .text          0x000000002002d594      0x110 ../CPU0_lab3_1_bsp//libucosii_bsp.a(alt_lseek.o)
                0x000000002002d5d0                lseek
 .text          0x000000002002d6a4       0xbc ../CPU0_lab3_1_bsp//libucosii_bsp.a(alt_main.o)
                0x000000002002d6a4                alt_main
 .text          0x000000002002d760      0x138 ../CPU0_lab3_1_bsp//libucosii_bsp.a(alt_read.o)
                0x000000002002d79c                read
 .text          0x000000002002d898       0x64 ../CPU0_lab3_1_bsp//libucosii_bsp.a(alt_release_fd.o)
                0x000000002002d898                alt_release_fd
 .text          0x000000002002d8fc       0xb0 ../CPU0_lab3_1_bsp//libucosii_bsp.a(alt_sbrk.o)
                0x000000002002d8fc                sbrk
 .text          0x000000002002d9ac      0x134 ../CPU0_lab3_1_bsp//libucosii_bsp.a(alt_write.o)
                0x000000002002d9e8                write
 .text          0x000000002002dae0      0x124 ../CPU0_lab3_1_bsp//libucosii_bsp.a(alt_env_lock.o)
                0x000000002002dae0                __env_lock
                0x000000002002dba4                __env_unlock
 .text          0x000000002002dc04      0x1ec ../CPU0_lab3_1_bsp//libucosii_bsp.a(alt_malloc_lock.o)
                0x000000002002dc04                __malloc_lock
                0x000000002002dd24                __malloc_unlock
 .text          0x000000002002ddf0     0x2014 ../CPU0_lab3_1_bsp//libucosii_bsp.a(os_core.o)
                0x000000002002ddf0                OSEventNameGet
                0x000000002002df10                OSEventNameSet
                0x000000002002e050                OSEventPendMulti
                0x000000002002e660                OSInit
                0x000000002002e6b8                OSIntEnter
                0x000000002002e704                OSIntExit
                0x000000002002e7fc                OSSchedLock
                0x000000002002e888                OSSchedUnlock
                0x000000002002e964                OSStart
                0x000000002002e9d4                OSStatInit
                0x000000002002ea84                OSTimeTick
                0x000000002002eca4                OSVersion
                0x000000002002ecc4                OS_Dummy
                0x000000002002ece4                OS_EventTaskRdy
                0x000000002002ee7c                OS_EventTaskWait
                0x000000002002ef8c                OS_EventTaskWaitMulti
                0x000000002002f0dc                OS_EventTaskRemove
                0x000000002002f194                OS_EventTaskRemoveMulti
                0x000000002002f294                OS_EventWaitListInit
                0x000000002002f674                OS_MemClr
                0x000000002002f6c8                OS_MemCopy
                0x000000002002f730                OS_Sched
                0x000000002002f874                OS_StrCopy
                0x000000002002f8e8                OS_StrLen
                0x000000002002f93c                OS_TaskIdle
                0x000000002002f998                OS_TaskStat
                0x000000002002fa64                OS_TaskStatStkChk
                0x000000002002fb30                OS_TCBInit
 .text          0x000000002002fe04      0x190 ../CPU0_lab3_1_bsp//libucosii_bsp.a(os_dbg.o)
                0x000000002002fe04                OSDebugInit
 .text          0x000000002002ff94     0x1714 ../CPU0_lab3_1_bsp//libucosii_bsp.a(os_flag.o)
                0x000000002002ff94                OSFlagAccept
                0x000000002003029c                OSFlagCreate
                0x00000000200303a4                OSFlagDel
                0x00000000200305ec                OSFlagNameGet
                0x0000000020030714                OSFlagNameSet
                0x0000000020030860                OSFlagPend
                0x0000000020030e18                OSFlagPendGetFlagsRdy
                0x0000000020030e78                OSFlagPost
                0x000000002003120c                OSFlagQuery
                0x0000000020031430                OS_FlagInit
                0x0000000020031604                OS_FlagUnlink
 .text          0x00000000200316a8      0x754 ../CPU0_lab3_1_bsp//libucosii_bsp.a(os_mem.o)
                0x00000000200316a8                OSMemCreate
                0x000000002003187c                OSMemGet
                0x000000002003196c                OSMemNameGet
                0x0000000020031a5c                OSMemNameSet
                0x0000000020031b70                OSMemPut
                0x0000000020031c48                OSMemQuery
                0x0000000020031d30                OS_MemInit
 .text          0x0000000020031dfc     0x1104 ../CPU0_lab3_1_bsp//libucosii_bsp.a(os_q.o)
                0x0000000020031dfc                OSQAccept
                0x0000000020031f3c                OSQCreate
                0x00000000200320e8                OSQDel
                0x0000000020032368                OSQFlush
                0x0000000020032420                OSQPend
                0x00000000200326ac                OSQPendAbort
                0x0000000020032818                OSQPost
                0x0000000020032980                OSQPostFront
                0x0000000020032af0                OSQPostOpt
                0x0000000020032cfc                OSQQuery
                0x0000000020032e58                OS_QInit
 .text          0x0000000020032f00      0xa60 ../CPU0_lab3_1_bsp//libucosii_bsp.a(os_sem.o)
                0x0000000020032f00                OSSemAccept
                0x0000000020032fb0                OSSemCreate
                0x0000000020033088                OSSemDel
                0x00000000200332c8                OSSemPend
                0x00000000200334d4                OSSemPendAbort
                0x0000000020033640                OSSemPost
                0x0000000020033750                OSSemQuery
                0x0000000020033860                OSSemSet
 .text          0x0000000020033960     0x176c ../CPU0_lab3_1_bsp//libucosii_bsp.a(os_task.o)
                0x0000000020033960                OSTaskChangePrio
                0x0000000020033e50                OSTaskCreate
                0x0000000020033ffc                OSTaskCreateExt
                0x00000000200341e0                OSTaskDel
                0x0000000020034524                OSTaskDelReq
                0x0000000020034674                OSTaskNameGet
                0x000000002003480c                OSTaskNameSet
                0x00000000200349c0                OSTaskResume
                0x0000000020034b94                OSTaskStkChk
                0x0000000020034d54                OSTaskSuspend
                0x0000000020034f38                OSTaskQuery
                0x000000002003505c                OS_TaskStkClr
 .text          0x00000000200350cc      0x4e8 ../CPU0_lab3_1_bsp//libucosii_bsp.a(os_time.o)
                0x00000000200350cc                OSTimeDly
                0x00000000200351d0                OSTimeDlyHMSM
                0x0000000020035324                OSTimeDlyResume
                0x00000000200354f8                OSTimeGet
                0x0000000020035554                OSTimeSet
 .text          0x00000000200355b4      0x1d4 ../CPU0_lab3_1_bsp//libucosii_bsp.a(alt_sys_init.o)
                0x00000000200356cc                alt_irq_init
                0x0000000020035704                alt_sys_init
 .text          0x0000000020035788      0x164 ../CPU0_lab3_1_bsp//libucosii_bsp.a(altera_avalon_jtag_uart_fd.o)
                0x0000000020035788                altera_avalon_jtag_uart_read_fd
                0x00000000200357e8                altera_avalon_jtag_uart_write_fd
                0x0000000020035848                altera_avalon_jtag_uart_close_fd
                0x0000000020035898                altera_avalon_jtag_uart_ioctl_fd
 .text          0x00000000200358ec      0x558 ../CPU0_lab3_1_bsp//libucosii_bsp.a(altera_avalon_jtag_uart_init.o)
                0x00000000200358ec                altera_avalon_jtag_uart_init
                0x0000000020035ddc                altera_avalon_jtag_uart_close
 .text          0x0000000020035e44       0xf0 ../CPU0_lab3_1_bsp//libucosii_bsp.a(altera_avalon_jtag_uart_ioctl.o)
                0x0000000020035e44                altera_avalon_jtag_uart_ioctl
 .text          0x0000000020035f34      0x2bc ../CPU0_lab3_1_bsp//libucosii_bsp.a(altera_avalon_jtag_uart_read.o)
                0x0000000020035f34                altera_avalon_jtag_uart_read
 .text          0x00000000200361f0      0x2c4 ../CPU0_lab3_1_bsp//libucosii_bsp.a(altera_avalon_jtag_uart_write.o)
                0x00000000200361f0                altera_avalon_jtag_uart_write
 .text          0x00000000200364b4      0x9c4 ../CPU0_lab3_1_bsp//libucosii_bsp.a(altera_avalon_mailbox_simple.o)
                0x000000002003679c                altera_avalon_mailbox_simple_init
                0x0000000020036840                altera_avalon_mailbox_open
                0x0000000020036a24                altera_avalon_mailbox_close
                0x0000000020036b3c                altera_avalon_mailbox_status
                0x0000000020036bb4                altera_avalon_mailbox_send
                0x0000000020036d3c                altera_avalon_mailbox_retrieve_poll
 .text          0x0000000020036e78      0x34c ../CPU0_lab3_1_bsp//libucosii_bsp.a(altera_avalon_mutex.o)
                0x0000000020036f30                altera_avalon_mutex_open
                0x0000000020036f84                altera_avalon_mutex_close
                0x0000000020036fa8                altera_avalon_mutex_lock
                0x0000000020037014                altera_avalon_mutex_trylock
                0x0000000020037094                altera_avalon_mutex_unlock
                0x0000000020037100                altera_avalon_mutex_is_mine
                0x0000000020037174                altera_avalon_mutex_first_lock
 .text          0x00000000200371c4       0xf4 ../CPU0_lab3_1_bsp//libucosii_bsp.a(altera_avalon_timer_sc.o)
                0x000000002003723c                alt_avalon_timer_sc_init
 .text          0x00000000200372b8      0x12c ../CPU0_lab3_1_bsp//libucosii_bsp.a(alt_alarm_start.o)
                0x00000000200372b8                alt_alarm_start
 .text          0x00000000200373e4       0x48 ../CPU0_lab3_1_bsp//libucosii_bsp.a(alt_dcache_flush_all.o)
                0x00000000200373e4                alt_dcache_flush_all
 .text          0x000000002003742c       0xe0 ../CPU0_lab3_1_bsp//libucosii_bsp.a(alt_dev_llist_insert.o)
                0x0000000020037468                alt_dev_llist_insert
 .text          0x000000002003750c       0x60 ../CPU0_lab3_1_bsp//libucosii_bsp.a(alt_do_ctors.o)
                0x000000002003750c                _do_ctors
 .text          0x000000002003756c       0x60 ../CPU0_lab3_1_bsp//libucosii_bsp.a(alt_do_dtors.o)
                0x000000002003756c                _do_dtors
 .text          0x00000000200375cc        0x0 ../CPU0_lab3_1_bsp//libucosii_bsp.a(alt_exception_entry.o)
 .text          0x00000000200375cc       0x90 ../CPU0_lab3_1_bsp//libucosii_bsp.a(alt_find_dev.o)
                0x00000000200375cc                alt_find_dev
 .text          0x000000002003765c       0x34 ../CPU0_lab3_1_bsp//libucosii_bsp.a(alt_icache_flush_all.o)
                0x000000002003765c                alt_icache_flush_all
 .text          0x0000000020037690       0x9c ../CPU0_lab3_1_bsp//libucosii_bsp.a(alt_instruction_exception_entry.o)
                0x0000000020037690                alt_exception_cause_generated_bad_addr
 .text          0x000000002003772c      0x140 ../CPU0_lab3_1_bsp//libucosii_bsp.a(alt_io_redirect.o)
                0x00000000200377f0                alt_io_redirect
 .text          0x000000002003786c      0x254 ../CPU0_lab3_1_bsp//libucosii_bsp.a(alt_open.o)
                0x000000002003796c                open
 .text          0x0000000020037ac0      0x1a4 ../CPU0_lab3_1_bsp//libucosii_bsp.a(alt_tick.o)
                0x0000000020037ac0                alt_alarm_stop
                0x0000000020037b5c                alt_tick
 .text          0x0000000020037c64       0x24 ../CPU0_lab3_1_bsp//libucosii_bsp.a(altera_nios2_gen2_irq.o)
                0x0000000020037c64                altera_nios2_gen2_irq_init
 .text          0x0000000020037c88       0xd0 ../CPU0_lab3_1_bsp//libucosii_bsp.a(os_cpu_a.o)
                0x0000000020037c88                OSCtxSw
                0x0000000020037c88                OSIntCtxSw
                0x0000000020037d14                OSStartHighRdy
                0x0000000020037d34                OSStartTsk
 .text          0x0000000020037d58      0x288 ../CPU0_lab3_1_bsp//libucosii_bsp.a(os_cpu_c.o)
                0x0000000020037d58                OSTaskStkInit
                0x0000000020037eb4                OSTaskCreateHook
                0x0000000020037ed8                OSTaskDelHook
                0x0000000020037efc                OSTaskSwHook
                0x0000000020037f1c                OSTaskStatHook
                0x0000000020037f3c                OSTimeTickHook
                0x0000000020037f5c                OSInitHookBegin
                0x0000000020037f7c                OSInitHookEnd
                0x0000000020037f9c                OSTaskIdleHook
                0x0000000020037fbc                OSTCBInitHook
 .text          0x0000000020037fe0      0x108 ../CPU0_lab3_1_bsp//libucosii_bsp.a(alt_find_file.o)
                0x0000000020037fe0                alt_find_file
 .text          0x00000000200380e8       0xdc ../CPU0_lab3_1_bsp//libucosii_bsp.a(alt_get_fd.o)
                0x00000000200380e8                alt_get_fd
 .text          0x00000000200381c4       0x90 ../CPU0_lab3_1_bsp//libucosii_bsp.a(alt_icache_flush.o)
                0x00000000200381c4                alt_icache_flush
 .text          0x0000000020038254        0x0 /opt/intelFPGA/18.1/nios2eds/bin/gnu/H-x86_64-pc-linux-gnu/bin/../lib/gcc/nios2-elf/5.3.0/../../../../../H-x86_64-pc-linux-gnu/nios2-elf/lib/libc.a(lib_a-atexit.o)
 .text.atexit   0x0000000020038254       0x14 /opt/intelFPGA/18.1/nios2eds/bin/gnu/H-x86_64-pc-linux-gnu/bin/../lib/gcc/nios2-elf/5.3.0/../../../../../H-x86_64-pc-linux-gnu/nios2-elf/lib/libc.a(lib_a-atexit.o)
                0x0000000020038254                atexit
 .text          0x0000000020038268        0x0 /opt/intelFPGA/18.1/nios2eds/bin/gnu/H-x86_64-pc-linux-gnu/bin/../lib/gcc/nios2-elf/5.3.0/../../../../../H-x86_64-pc-linux-gnu/nios2-elf/lib/libc.a(lib_a-exit.o)
 .text.exit     0x0000000020038268       0x38 /opt/intelFPGA/18.1/nios2eds/bin/gnu/H-x86_64-pc-linux-gnu/bin/../lib/gcc/nios2-elf/5.3.0/../../../../../H-x86_64-pc-linux-gnu/nios2-elf/lib/libc.a(lib_a-exit.o)
                0x0000000020038268                exit
 .text          0x00000000200382a0        0x0 /opt/intelFPGA/18.1/nios2eds/bin/gnu/H-x86_64-pc-linux-gnu/bin/../lib/gcc/nios2-elf/5.3.0/../../../../../H-x86_64-pc-linux-gnu/nios2-elf/lib/libc.a(lib_a-memcmp.o)
 .text.memcmp   0x00000000200382a0       0x7c /opt/intelFPGA/18.1/nios2eds/bin/gnu/H-x86_64-pc-linux-gnu/bin/../lib/gcc/nios2-elf/5.3.0/../../../../../H-x86_64-pc-linux-gnu/nios2-elf/lib/libc.a(lib_a-memcmp.o)
                0x00000000200382a0                memcmp
 .text          0x000000002003831c        0x0 /opt/intelFPGA/18.1/nios2eds/bin/gnu/H-x86_64-pc-linux-gnu/bin/../lib/gcc/nios2-elf/5.3.0/../../../../../H-x86_64-pc-linux-gnu/nios2-elf/lib/libc.a(lib_a-__atexit.o)
 .text.__register_exitproc
                0x000000002003831c      0x118 /opt/intelFPGA/18.1/nios2eds/bin/gnu/H-x86_64-pc-linux-gnu/bin/../lib/gcc/nios2-elf/5.3.0/../../../../../H-x86_64-pc-linux-gnu/nios2-elf/lib/libc.a(lib_a-__atexit.o)
                0x000000002003831c                __register_exitproc
 .text          0x0000000020038434        0x0 /opt/intelFPGA/18.1/nios2eds/bin/gnu/H-x86_64-pc-linux-gnu/bin/../lib/gcc/nios2-elf/5.3.0/../../../../../H-x86_64-pc-linux-gnu/nios2-elf/lib/libc.a(lib_a-__call_atexit.o)
 .text.__call_exitprocs
                0x0000000020038434      0x180 /opt/intelFPGA/18.1/nios2eds/bin/gnu/H-x86_64-pc-linux-gnu/bin/../lib/gcc/nios2-elf/5.3.0/../../../../../H-x86_64-pc-linux-gnu/nios2-elf/lib/libc.a(lib_a-__call_atexit.o)
                0x0000000020038434                __call_exitprocs
 .text          0x00000000200385b4       0x34 ../CPU0_lab3_1_bsp//libucosii_bsp.a(alt_exit.o)
                0x00000000200385b4                _exit
 *(.gnu.warning.*)
 *(.fini)
                [!provide]                        PROVIDE (__etext, ABSOLUTE (.))
                [!provide]                        PROVIDE (_etext, ABSOLUTE (.))
                [!provide]                        PROVIDE (etext, ABSOLUTE (.))
 *(.eh_frame_hdr)
                0x00000000200385e8                . = ALIGN (0x4)
                [!provide]                        PROVIDE (__preinit_array_start, ABSOLUTE (.))
 *(.preinit_array)
                [!provide]                        PROVIDE (__preinit_array_end, ABSOLUTE (.))
                [!provide]                        PROVIDE (__init_array_start, ABSOLUTE (.))
 *(.init_array)
                [!provide]                        PROVIDE (__init_array_end, ABSOLUTE (.))
                [!provide]                        PROVIDE (__fini_array_start, ABSOLUTE (.))
 *(.fini_array)
                [!provide]                        PROVIDE (__fini_array_end, ABSOLUTE (.))
 *(.eh_frame)
 *(.gcc_except_table .gcc_except_table.*)
 *(.dynamic)
                0x00000000200385e8                PROVIDE (__CTOR_LIST__, ABSOLUTE (.))
 *(.ctors)
 *(SORT(.ctors.*))
                0x00000000200385e8                PROVIDE (__CTOR_END__, ABSOLUTE (.))
                0x00000000200385e8                PROVIDE (__DTOR_LIST__, ABSOLUTE (.))
 *(.dtors)
 *(SORT(.dtors.*))
                0x00000000200385e8                PROVIDE (__DTOR_END__, ABSOLUTE (.))
 *(.jcr)
                0x00000000200385e8                . = ALIGN (0x4)

.rodata         0x00000000200385e8      0x574
                0x00000000200385e8                PROVIDE (__ram_rodata_start, ABSOLUTE (.))
                0x00000000200385e8                . = ALIGN (0x4)
 *(.rodata .rodata.* .gnu.linkonce.r.*)
 .rodata        0x00000000200385e8      0x119 obj/default/CPU0_main.o
 .rodata        0x0000000020038701      0x100 /opt/intelFPGA/18.1/nios2eds/bin/gnu/H-x86_64-pc-linux-gnu/bin/../lib/gcc/nios2-elf/5.3.0/libgcc.a(_clz.o)
                0x0000000020038701                __clz_tab
 *fill*         0x0000000020038801        0x3 
 .rodata.str1.4
                0x0000000020038804       0x42 /opt/intelFPGA/18.1/nios2eds/bin/gnu/H-x86_64-pc-linux-gnu/bin/../lib/gcc/nios2-elf/5.3.0/../../../../../H-x86_64-pc-linux-gnu/nios2-elf/lib/libc.a(lib_a-vfprintf.o)
 .rodata.zeroes.4404
                0x0000000020038846       0x10 /opt/intelFPGA/18.1/nios2eds/bin/gnu/H-x86_64-pc-linux-gnu/bin/../lib/gcc/nios2-elf/5.3.0/../../../../../H-x86_64-pc-linux-gnu/nios2-elf/lib/libc.a(lib_a-vfprintf.o)
 .rodata.blanks.4403
                0x0000000020038856       0x10 /opt/intelFPGA/18.1/nios2eds/bin/gnu/H-x86_64-pc-linux-gnu/bin/../lib/gcc/nios2-elf/5.3.0/../../../../../H-x86_64-pc-linux-gnu/nios2-elf/lib/libc.a(lib_a-vfprintf.o)
 *fill*         0x0000000020038866        0x2 
 .rodata.str1.4
                0x0000000020038868       0x10 /opt/intelFPGA/18.1/nios2eds/bin/gnu/H-x86_64-pc-linux-gnu/bin/../lib/gcc/nios2-elf/5.3.0/../../../../../H-x86_64-pc-linux-gnu/nios2-elf/lib/libc.a(lib_a-dtoa.o)
                                         0x12 (size before relaxing)
 .rodata.str1.4
                0x0000000020038878        0x2 /opt/intelFPGA/18.1/nios2eds/bin/gnu/H-x86_64-pc-linux-gnu/bin/../lib/gcc/nios2-elf/5.3.0/../../../../../H-x86_64-pc-linux-gnu/nios2-elf/lib/libc.a(lib_a-impure.o)
 *fill*         0x000000002003887a        0x2 
 .rodata.str1.4
                0x000000002003887c        0xc /opt/intelFPGA/18.1/nios2eds/bin/gnu/H-x86_64-pc-linux-gnu/bin/../lib/gcc/nios2-elf/5.3.0/../../../../../H-x86_64-pc-linux-gnu/nios2-elf/lib/libc.a(lib_a-locale.o)
                                         0x12 (size before relaxing)
 .rodata.p05.2768
                0x0000000020038888        0xc /opt/intelFPGA/18.1/nios2eds/bin/gnu/H-x86_64-pc-linux-gnu/bin/../lib/gcc/nios2-elf/5.3.0/../../../../../H-x86_64-pc-linux-gnu/nios2-elf/lib/libc.a(lib_a-mprec.o)
 .rodata.__mprec_tinytens
                0x0000000020038894       0x28 /opt/intelFPGA/18.1/nios2eds/bin/gnu/H-x86_64-pc-linux-gnu/bin/../lib/gcc/nios2-elf/5.3.0/../../../../../H-x86_64-pc-linux-gnu/nios2-elf/lib/libc.a(lib_a-mprec.o)
                0x0000000020038894                __mprec_tinytens
 .rodata.__mprec_bigtens
                0x00000000200388bc       0x28 /opt/intelFPGA/18.1/nios2eds/bin/gnu/H-x86_64-pc-linux-gnu/bin/../lib/gcc/nios2-elf/5.3.0/../../../../../H-x86_64-pc-linux-gnu/nios2-elf/lib/libc.a(lib_a-mprec.o)
                0x00000000200388bc                __mprec_bigtens
 .rodata.__mprec_tens
                0x00000000200388e4       0xc8 /opt/intelFPGA/18.1/nios2eds/bin/gnu/H-x86_64-pc-linux-gnu/bin/../lib/gcc/nios2-elf/5.3.0/../../../../../H-x86_64-pc-linux-gnu/nios2-elf/lib/libc.a(lib_a-mprec.o)
                0x00000000200388e4                __mprec_tens
 .rodata.str1.4
                0x00000000200389ac       0x2f /opt/intelFPGA/18.1/nios2eds/bin/gnu/H-x86_64-pc-linux-gnu/bin/../lib/gcc/nios2-elf/5.3.0/../../../../../H-x86_64-pc-linux-gnu/nios2-elf/lib/libc.a(lib_a-vfiprintf.o)
 .rodata.zeroes.4349
                0x00000000200389ac       0x10 /opt/intelFPGA/18.1/nios2eds/bin/gnu/H-x86_64-pc-linux-gnu/bin/../lib/gcc/nios2-elf/5.3.0/../../../../../H-x86_64-pc-linux-gnu/nios2-elf/lib/libc.a(lib_a-vfiprintf.o)
 .rodata.blanks.4348
                0x00000000200389bc       0x10 /opt/intelFPGA/18.1/nios2eds/bin/gnu/H-x86_64-pc-linux-gnu/bin/../lib/gcc/nios2-elf/5.3.0/../../../../../H-x86_64-pc-linux-gnu/nios2-elf/lib/libc.a(lib_a-vfiprintf.o)
 .rodata        0x00000000200389cc        0xa ../CPU0_lab3_1_bsp//libucosii_bsp.a(alt_dev.o)
 *fill*         0x00000000200389d6        0x2 
 .rodata        0x00000000200389d8       0x19 ../CPU0_lab3_1_bsp//libucosii_bsp.a(alt_main.o)
 *fill*         0x00000000200389f1        0x3 
 .rodata        0x00000000200389f4      0x11e ../CPU0_lab3_1_bsp//libucosii_bsp.a(os_core.o)
                0x00000000200389f4                OSUnMapTbl
 *fill*         0x0000000020038b12        0x2 
 .rodata        0x0000000020038b14       0x41 ../CPU0_lab3_1_bsp//libucosii_bsp.a(alt_sys_init.o)
 *fill*         0x0000000020038b55        0x3 
 .rodata        0x0000000020038b58        0x2 ../CPU0_lab3_1_bsp//libucosii_bsp.a(os_cpu_c.o)
 *(.rodata1)
                0x0000000020038b5c                . = ALIGN (0x4)
 *fill*         0x0000000020038b5a        0x2 
                0x0000000020038b5c                PROVIDE (__ram_rodata_end, ABSOLUTE (.))
                0x00000000200385e8                PROVIDE (__flash_rodata_start, LOADADDR (.rodata))

.rwdata         0x0000000020038b5c     0x1bf0 load address 0x000000002003a74c
                0x0000000020038b5c                PROVIDE (__ram_rwdata_start, ABSOLUTE (.))
                0x0000000020038b5c                . = ALIGN (0x4)
 *(.got.plt)
 *(.got)
 *(.data1)
 *(.data .data.* .gnu.linkonce.d.*)
 .data          0x0000000020038b5c        0x0 ../CPU0_lab3_1_bsp//obj/HAL/src/crt0.o
 .data          0x0000000020038b5c        0x0 obj/default/CPU0_main.o
 .data          0x0000000020038b5c        0x0 /opt/intelFPGA/18.1/nios2eds/bin/gnu/H-x86_64-pc-linux-gnu/bin/../lib/gcc/nios2-elf/5.3.0/libgcc.a(divdf3.o)
 .data          0x0000000020038b5c        0x0 /opt/intelFPGA/18.1/nios2eds/bin/gnu/H-x86_64-pc-linux-gnu/bin/../lib/gcc/nios2-elf/5.3.0/libgcc.a(floatunsidf.o)
 .data          0x0000000020038b5c        0x0 /opt/intelFPGA/18.1/nios2eds/bin/gnu/H-x86_64-pc-linux-gnu/bin/../lib/gcc/nios2-elf/5.3.0/libgcc.a(_clzsi2.o)
 .data          0x0000000020038b5c        0x0 /opt/intelFPGA/18.1/nios2eds/bin/gnu/H-x86_64-pc-linux-gnu/bin/../lib/gcc/nios2-elf/5.3.0/libgcc.a(lib2-divmod.o)
 .data          0x0000000020038b5c        0x0 /opt/intelFPGA/18.1/nios2eds/bin/gnu/H-x86_64-pc-linux-gnu/bin/../lib/gcc/nios2-elf/5.3.0/libgcc.a(_clz.o)
 .data          0x0000000020038b5c        0x0 /opt/intelFPGA/18.1/nios2eds/bin/gnu/H-x86_64-pc-linux-gnu/bin/../lib/gcc/nios2-elf/5.3.0/../../../../../H-x86_64-pc-linux-gnu/nios2-elf/lib/libc.a(lib_a-printf.o)
 .data          0x0000000020038b5c        0x0 /opt/intelFPGA/18.1/nios2eds/bin/gnu/H-x86_64-pc-linux-gnu/bin/../lib/gcc/nios2-elf/5.3.0/../../../../../H-x86_64-pc-linux-gnu/nios2-elf/lib/libc.a(lib_a-vfprintf.o)
 .data          0x0000000020038b5c        0x0 /opt/intelFPGA/18.1/nios2eds/bin/gnu/H-x86_64-pc-linux-gnu/bin/../lib/gcc/nios2-elf/5.3.0/../../../../../H-x86_64-pc-linux-gnu/nios2-elf/lib/libc.a(lib_a-wsetup.o)
 .data          0x0000000020038b5c        0x0 /opt/intelFPGA/18.1/nios2eds/bin/gnu/H-x86_64-pc-linux-gnu/bin/../lib/gcc/nios2-elf/5.3.0/../../../../../H-x86_64-pc-linux-gnu/nios2-elf/lib/libc.a(lib_a-dtoa.o)
 .data          0x0000000020038b5c        0x0 /opt/intelFPGA/18.1/nios2eds/bin/gnu/H-x86_64-pc-linux-gnu/bin/../lib/gcc/nios2-elf/5.3.0/../../../../../H-x86_64-pc-linux-gnu/nios2-elf/lib/libc.a(lib_a-fflush.o)
 .data          0x0000000020038b5c        0x0 /opt/intelFPGA/18.1/nios2eds/bin/gnu/H-x86_64-pc-linux-gnu/bin/../lib/gcc/nios2-elf/5.3.0/../../../../../H-x86_64-pc-linux-gnu/nios2-elf/lib/libc.a(lib_a-findfp.o)
 .data          0x0000000020038b5c        0x0 /opt/intelFPGA/18.1/nios2eds/bin/gnu/H-x86_64-pc-linux-gnu/bin/../lib/gcc/nios2-elf/5.3.0/../../../../../H-x86_64-pc-linux-gnu/nios2-elf/lib/libc.a(lib_a-freer.o)
 .data          0x0000000020038b5c        0x0 /opt/intelFPGA/18.1/nios2eds/bin/gnu/H-x86_64-pc-linux-gnu/bin/../lib/gcc/nios2-elf/5.3.0/../../../../../H-x86_64-pc-linux-gnu/nios2-elf/lib/libc.a(lib_a-fwalk.o)
 .data          0x0000000020038b5c        0x0 /opt/intelFPGA/18.1/nios2eds/bin/gnu/H-x86_64-pc-linux-gnu/bin/../lib/gcc/nios2-elf/5.3.0/../../../../../H-x86_64-pc-linux-gnu/nios2-elf/lib/libc.a(lib_a-impure.o)
 .data.impure_data
                0x0000000020038b5c      0x424 /opt/intelFPGA/18.1/nios2eds/bin/gnu/H-x86_64-pc-linux-gnu/bin/../lib/gcc/nios2-elf/5.3.0/../../../../../H-x86_64-pc-linux-gnu/nios2-elf/lib/libc.a(lib_a-impure.o)
 .data          0x0000000020038f80        0x0 /opt/intelFPGA/18.1/nios2eds/bin/gnu/H-x86_64-pc-linux-gnu/bin/../lib/gcc/nios2-elf/5.3.0/../../../../../H-x86_64-pc-linux-gnu/nios2-elf/lib/libc.a(lib_a-locale.o)
 .data.lc_message_charset
                0x0000000020038f80       0x20 /opt/intelFPGA/18.1/nios2eds/bin/gnu/H-x86_64-pc-linux-gnu/bin/../lib/gcc/nios2-elf/5.3.0/../../../../../H-x86_64-pc-linux-gnu/nios2-elf/lib/libc.a(lib_a-locale.o)
 .data.lc_ctype_charset
                0x0000000020038fa0       0x20 /opt/intelFPGA/18.1/nios2eds/bin/gnu/H-x86_64-pc-linux-gnu/bin/../lib/gcc/nios2-elf/5.3.0/../../../../../H-x86_64-pc-linux-gnu/nios2-elf/lib/libc.a(lib_a-locale.o)
 .data.lconv    0x0000000020038fc0       0x38 /opt/intelFPGA/18.1/nios2eds/bin/gnu/H-x86_64-pc-linux-gnu/bin/../lib/gcc/nios2-elf/5.3.0/../../../../../H-x86_64-pc-linux-gnu/nios2-elf/lib/libc.a(lib_a-locale.o)
 .data          0x0000000020038ff8        0x0 /opt/intelFPGA/18.1/nios2eds/bin/gnu/H-x86_64-pc-linux-gnu/bin/../lib/gcc/nios2-elf/5.3.0/../../../../../H-x86_64-pc-linux-gnu/nios2-elf/lib/libc.a(lib_a-makebuf.o)
 .data          0x0000000020038ff8        0x0 /opt/intelFPGA/18.1/nios2eds/bin/gnu/H-x86_64-pc-linux-gnu/bin/../lib/gcc/nios2-elf/5.3.0/../../../../../H-x86_64-pc-linux-gnu/nios2-elf/lib/libc.a(lib_a-mallocr.o)
 .data.__malloc_av_
                0x0000000020038ff8      0x408 /opt/intelFPGA/18.1/nios2eds/bin/gnu/H-x86_64-pc-linux-gnu/bin/../lib/gcc/nios2-elf/5.3.0/../../../../../H-x86_64-pc-linux-gnu/nios2-elf/lib/libc.a(lib_a-mallocr.o)
                0x0000000020038ff8                __malloc_av_
 .data          0x0000000020039400        0x0 /opt/intelFPGA/18.1/nios2eds/bin/gnu/H-x86_64-pc-linux-gnu/bin/../lib/gcc/nios2-elf/5.3.0/../../../../../H-x86_64-pc-linux-gnu/nios2-elf/lib/libc.a(lib_a-memchr.o)
 .data          0x0000000020039400        0x0 /opt/intelFPGA/18.1/nios2eds/bin/gnu/H-x86_64-pc-linux-gnu/bin/../lib/gcc/nios2-elf/5.3.0/../../../../../H-x86_64-pc-linux-gnu/nios2-elf/lib/libc.a(lib_a-memcpy.o)
 .data          0x0000000020039400        0x0 /opt/intelFPGA/18.1/nios2eds/bin/gnu/H-x86_64-pc-linux-gnu/bin/../lib/gcc/nios2-elf/5.3.0/../../../../../H-x86_64-pc-linux-gnu/nios2-elf/lib/libc.a(lib_a-memset.o)
 .data          0x0000000020039400        0x0 /opt/intelFPGA/18.1/nios2eds/bin/gnu/H-x86_64-pc-linux-gnu/bin/../lib/gcc/nios2-elf/5.3.0/../../../../../H-x86_64-pc-linux-gnu/nios2-elf/lib/libc.a(lib_a-mprec.o)
 .data          0x0000000020039400        0x0 /opt/intelFPGA/18.1/nios2eds/bin/gnu/H-x86_64-pc-linux-gnu/bin/../lib/gcc/nios2-elf/5.3.0/../../../../../H-x86_64-pc-linux-gnu/nios2-elf/lib/libc.a(lib_a-s_fpclassify.o)
 .data          0x0000000020039400        0x0 /opt/intelFPGA/18.1/nios2eds/bin/gnu/H-x86_64-pc-linux-gnu/bin/../lib/gcc/nios2-elf/5.3.0/../../../../../H-x86_64-pc-linux-gnu/nios2-elf/lib/libc.a(lib_a-sbrkr.o)
 .data          0x0000000020039400        0x0 /opt/intelFPGA/18.1/nios2eds/bin/gnu/H-x86_64-pc-linux-gnu/bin/../lib/gcc/nios2-elf/5.3.0/../../../../../H-x86_64-pc-linux-gnu/nios2-elf/lib/libc.a(lib_a-stdio.o)
 .data          0x0000000020039400        0x0 /opt/intelFPGA/18.1/nios2eds/bin/gnu/H-x86_64-pc-linux-gnu/bin/../lib/gcc/nios2-elf/5.3.0/../../../../../H-x86_64-pc-linux-gnu/nios2-elf/lib/libc.a(lib_a-strcmp.o)
 .data          0x0000000020039400        0x0 /opt/intelFPGA/18.1/nios2eds/bin/gnu/H-x86_64-pc-linux-gnu/bin/../lib/gcc/nios2-elf/5.3.0/../../../../../H-x86_64-pc-linux-gnu/nios2-elf/lib/libc.a(lib_a-strlen.o)
 .data          0x0000000020039400        0x0 /opt/intelFPGA/18.1/nios2eds/bin/gnu/H-x86_64-pc-linux-gnu/bin/../lib/gcc/nios2-elf/5.3.0/../../../../../H-x86_64-pc-linux-gnu/nios2-elf/lib/libc.a(lib_a-vfiprintf.o)
 .data          0x0000000020039400        0x0 /opt/intelFPGA/18.1/nios2eds/bin/gnu/H-x86_64-pc-linux-gnu/bin/../lib/gcc/nios2-elf/5.3.0/../../../../../H-x86_64-pc-linux-gnu/nios2-elf/lib/libc.a(lib_a-writer.o)
 .data          0x0000000020039400        0x0 /opt/intelFPGA/18.1/nios2eds/bin/gnu/H-x86_64-pc-linux-gnu/bin/../lib/gcc/nios2-elf/5.3.0/../../../../../H-x86_64-pc-linux-gnu/nios2-elf/lib/libc.a(closer.o)
 .data          0x0000000020039400        0x0 /opt/intelFPGA/18.1/nios2eds/bin/gnu/H-x86_64-pc-linux-gnu/bin/../lib/gcc/nios2-elf/5.3.0/../../../../../H-x86_64-pc-linux-gnu/nios2-elf/lib/libc.a(lib_a-callocr.o)
 .data          0x0000000020039400        0x0 /opt/intelFPGA/18.1/nios2eds/bin/gnu/H-x86_64-pc-linux-gnu/bin/../lib/gcc/nios2-elf/5.3.0/../../../../../H-x86_64-pc-linux-gnu/nios2-elf/lib/libc.a(lib_a-fclose.o)
 .data          0x0000000020039400        0x0 /opt/intelFPGA/18.1/nios2eds/bin/gnu/H-x86_64-pc-linux-gnu/bin/../lib/gcc/nios2-elf/5.3.0/../../../../../H-x86_64-pc-linux-gnu/nios2-elf/lib/libc.a(lib_a-fputwc.o)
 .data          0x0000000020039400        0x0 /opt/intelFPGA/18.1/nios2eds/bin/gnu/H-x86_64-pc-linux-gnu/bin/../lib/gcc/nios2-elf/5.3.0/../../../../../H-x86_64-pc-linux-gnu/nios2-elf/lib/libc.a(lib_a-fstatr.o)
 .data          0x0000000020039400        0x0 /opt/intelFPGA/18.1/nios2eds/bin/gnu/H-x86_64-pc-linux-gnu/bin/../lib/gcc/nios2-elf/5.3.0/../../../../../H-x86_64-pc-linux-gnu/nios2-elf/lib/libc.a(lib_a-fvwrite.o)
 .data          0x0000000020039400        0x0 /opt/intelFPGA/18.1/nios2eds/bin/gnu/H-x86_64-pc-linux-gnu/bin/../lib/gcc/nios2-elf/5.3.0/../../../../../H-x86_64-pc-linux-gnu/nios2-elf/lib/libc.a(lib_a-int_errno.o)
 .data          0x0000000020039400        0x0 /opt/intelFPGA/18.1/nios2eds/bin/gnu/H-x86_64-pc-linux-gnu/bin/../lib/gcc/nios2-elf/5.3.0/../../../../../H-x86_64-pc-linux-gnu/nios2-elf/lib/libc.a(lib_a-isattyr.o)
 .data          0x0000000020039400        0x0 /opt/intelFPGA/18.1/nios2eds/bin/gnu/H-x86_64-pc-linux-gnu/bin/../lib/gcc/nios2-elf/5.3.0/../../../../../H-x86_64-pc-linux-gnu/nios2-elf/lib/libc.a(lib_a-lseekr.o)
 .data          0x0000000020039400        0x0 /opt/intelFPGA/18.1/nios2eds/bin/gnu/H-x86_64-pc-linux-gnu/bin/../lib/gcc/nios2-elf/5.3.0/../../../../../H-x86_64-pc-linux-gnu/nios2-elf/lib/libc.a(lib_a-memmove.o)
 .data          0x0000000020039400        0x0 /opt/intelFPGA/18.1/nios2eds/bin/gnu/H-x86_64-pc-linux-gnu/bin/../lib/gcc/nios2-elf/5.3.0/../../../../../H-x86_64-pc-linux-gnu/nios2-elf/lib/libc.a(lib_a-readr.o)
 .data          0x0000000020039400        0x0 /opt/intelFPGA/18.1/nios2eds/bin/gnu/H-x86_64-pc-linux-gnu/bin/../lib/gcc/nios2-elf/5.3.0/../../../../../H-x86_64-pc-linux-gnu/nios2-elf/lib/libc.a(lib_a-reallocr.o)
 .data          0x0000000020039400        0x0 /opt/intelFPGA/18.1/nios2eds/bin/gnu/H-x86_64-pc-linux-gnu/bin/../lib/gcc/nios2-elf/5.3.0/../../../../../H-x86_64-pc-linux-gnu/nios2-elf/lib/libc.a(lib_a-wbuf.o)
 .data          0x0000000020039400        0x0 /opt/intelFPGA/18.1/nios2eds/bin/gnu/H-x86_64-pc-linux-gnu/bin/../lib/gcc/nios2-elf/5.3.0/../../../../../H-x86_64-pc-linux-gnu/nios2-elf/lib/libc.a(lib_a-wcrtomb.o)
 .data          0x0000000020039400        0x0 /opt/intelFPGA/18.1/nios2eds/bin/gnu/H-x86_64-pc-linux-gnu/bin/../lib/gcc/nios2-elf/5.3.0/../../../../../H-x86_64-pc-linux-gnu/nios2-elf/lib/libc.a(lib_a-wctomb_r.o)
 .data          0x0000000020039400        0x0 /opt/intelFPGA/18.1/nios2eds/bin/gnu/H-x86_64-pc-linux-gnu/bin/../lib/gcc/nios2-elf/5.3.0/libgcc.a(_udivdi3.o)
 .data          0x0000000020039400        0x0 /opt/intelFPGA/18.1/nios2eds/bin/gnu/H-x86_64-pc-linux-gnu/bin/../lib/gcc/nios2-elf/5.3.0/libgcc.a(_umoddi3.o)
 .data          0x0000000020039400        0x0 /opt/intelFPGA/18.1/nios2eds/bin/gnu/H-x86_64-pc-linux-gnu/bin/../lib/gcc/nios2-elf/5.3.0/libgcc.a(adddf3.o)
 .data          0x0000000020039400        0x0 /opt/intelFPGA/18.1/nios2eds/bin/gnu/H-x86_64-pc-linux-gnu/bin/../lib/gcc/nios2-elf/5.3.0/libgcc.a(eqdf2.o)
 .data          0x0000000020039400        0x0 /opt/intelFPGA/18.1/nios2eds/bin/gnu/H-x86_64-pc-linux-gnu/bin/../lib/gcc/nios2-elf/5.3.0/libgcc.a(gedf2.o)
 .data          0x0000000020039400        0x0 /opt/intelFPGA/18.1/nios2eds/bin/gnu/H-x86_64-pc-linux-gnu/bin/../lib/gcc/nios2-elf/5.3.0/libgcc.a(ledf2.o)
 .data          0x0000000020039400        0x0 /opt/intelFPGA/18.1/nios2eds/bin/gnu/H-x86_64-pc-linux-gnu/bin/../lib/gcc/nios2-elf/5.3.0/libgcc.a(muldf3.o)
 .data          0x0000000020039400        0x0 /opt/intelFPGA/18.1/nios2eds/bin/gnu/H-x86_64-pc-linux-gnu/bin/../lib/gcc/nios2-elf/5.3.0/libgcc.a(subdf3.o)
 .data          0x0000000020039400        0x0 /opt/intelFPGA/18.1/nios2eds/bin/gnu/H-x86_64-pc-linux-gnu/bin/../lib/gcc/nios2-elf/5.3.0/libgcc.a(fixdfsi.o)
 .data          0x0000000020039400        0x0 /opt/intelFPGA/18.1/nios2eds/bin/gnu/H-x86_64-pc-linux-gnu/bin/../lib/gcc/nios2-elf/5.3.0/libgcc.a(floatsidf.o)
 .data          0x0000000020039400        0x0 ../CPU0_lab3_1_bsp//libucosii_bsp.a(alt_close.o)
 .data          0x0000000020039400      0x1a8 ../CPU0_lab3_1_bsp//libucosii_bsp.a(alt_dev.o)
                0x0000000020039400                alt_dev_null
                0x0000000020039428                alt_fd_list
 .data          0x00000000200395a8        0x0 ../CPU0_lab3_1_bsp//libucosii_bsp.a(alt_errno.o)
 .data          0x00000000200395a8        0x0 ../CPU0_lab3_1_bsp//libucosii_bsp.a(alt_fstat.o)
 .data          0x00000000200395a8        0x0 ../CPU0_lab3_1_bsp//libucosii_bsp.a(alt_iic.o)
 .data          0x00000000200395a8        0x0 ../CPU0_lab3_1_bsp//libucosii_bsp.a(alt_iic_isr_register.o)
 .data          0x00000000200395a8        0x0 ../CPU0_lab3_1_bsp//libucosii_bsp.a(alt_irq_entry.o)
 .data          0x00000000200395a8        0x0 ../CPU0_lab3_1_bsp//libucosii_bsp.a(alt_irq_handler.o)
 .data          0x00000000200395a8        0x0 ../CPU0_lab3_1_bsp//libucosii_bsp.a(alt_irq_vars.o)
 .data          0x00000000200395a8        0x0 ../CPU0_lab3_1_bsp//libucosii_bsp.a(alt_isatty.o)
 .data          0x00000000200395a8        0x0 ../CPU0_lab3_1_bsp//libucosii_bsp.a(alt_load.o)
 .data          0x00000000200395a8        0x0 ../CPU0_lab3_1_bsp//libucosii_bsp.a(alt_lseek.o)
 .data          0x00000000200395a8        0x0 ../CPU0_lab3_1_bsp//libucosii_bsp.a(alt_main.o)
 .data          0x00000000200395a8        0x0 ../CPU0_lab3_1_bsp//libucosii_bsp.a(alt_read.o)
 .data          0x00000000200395a8        0x0 ../CPU0_lab3_1_bsp//libucosii_bsp.a(alt_release_fd.o)
 .data          0x00000000200395a8        0x0 ../CPU0_lab3_1_bsp//libucosii_bsp.a(alt_sbrk.o)
 .data          0x00000000200395a8        0x0 ../CPU0_lab3_1_bsp//libucosii_bsp.a(alt_write.o)
 .data          0x00000000200395a8        0x0 ../CPU0_lab3_1_bsp//libucosii_bsp.a(alt_env_lock.o)
 .data          0x00000000200395a8        0x0 ../CPU0_lab3_1_bsp//libucosii_bsp.a(alt_malloc_lock.o)
 .data          0x00000000200395a8        0x0 ../CPU0_lab3_1_bsp//libucosii_bsp.a(os_core.o)
 .data          0x00000000200395a8        0x0 ../CPU0_lab3_1_bsp//libucosii_bsp.a(os_dbg.o)
 .data          0x00000000200395a8        0x0 ../CPU0_lab3_1_bsp//libucosii_bsp.a(os_flag.o)
 .data          0x00000000200395a8        0x0 ../CPU0_lab3_1_bsp//libucosii_bsp.a(os_mem.o)
 .data          0x00000000200395a8        0x0 ../CPU0_lab3_1_bsp//libucosii_bsp.a(os_q.o)
 .data          0x00000000200395a8        0x0 ../CPU0_lab3_1_bsp//libucosii_bsp.a(os_sem.o)
 .data          0x00000000200395a8        0x0 ../CPU0_lab3_1_bsp//libucosii_bsp.a(os_task.o)
 .data          0x00000000200395a8        0x0 ../CPU0_lab3_1_bsp//libucosii_bsp.a(os_time.o)
 .data          0x00000000200395a8     0x10cc ../CPU0_lab3_1_bsp//libucosii_bsp.a(alt_sys_init.o)
 .data          0x000000002003a674        0x0 ../CPU0_lab3_1_bsp//libucosii_bsp.a(altera_avalon_jtag_uart_fd.o)
 .data          0x000000002003a674        0x0 ../CPU0_lab3_1_bsp//libucosii_bsp.a(altera_avalon_jtag_uart_init.o)
 .data          0x000000002003a674        0x0 ../CPU0_lab3_1_bsp//libucosii_bsp.a(altera_avalon_jtag_uart_ioctl.o)
 .data          0x000000002003a674        0x0 ../CPU0_lab3_1_bsp//libucosii_bsp.a(altera_avalon_jtag_uart_read.o)
 .data          0x000000002003a674        0x0 ../CPU0_lab3_1_bsp//libucosii_bsp.a(altera_avalon_jtag_uart_write.o)
 .data          0x000000002003a674        0x0 ../CPU0_lab3_1_bsp//libucosii_bsp.a(altera_avalon_mailbox_simple.o)
 .data          0x000000002003a674        0x0 ../CPU0_lab3_1_bsp//libucosii_bsp.a(altera_avalon_mutex.o)
 .data          0x000000002003a674        0x0 ../CPU0_lab3_1_bsp//libucosii_bsp.a(altera_avalon_timer_sc.o)
 .data          0x000000002003a674        0x0 ../CPU0_lab3_1_bsp//libucosii_bsp.a(alt_alarm_start.o)
 .data          0x000000002003a674        0x0 ../CPU0_lab3_1_bsp//libucosii_bsp.a(alt_dcache_flush_all.o)
 .data          0x000000002003a674        0x0 ../CPU0_lab3_1_bsp//libucosii_bsp.a(alt_dev_llist_insert.o)
 .data          0x000000002003a674        0x0 ../CPU0_lab3_1_bsp//libucosii_bsp.a(alt_do_ctors.o)
 .data          0x000000002003a674        0x0 ../CPU0_lab3_1_bsp//libucosii_bsp.a(alt_do_dtors.o)
 .data          0x000000002003a674        0x0 ../CPU0_lab3_1_bsp//libucosii_bsp.a(alt_exception_entry.o)
 .data          0x000000002003a674        0x0 ../CPU0_lab3_1_bsp//libucosii_bsp.a(alt_find_dev.o)
 .data          0x000000002003a674        0x0 ../CPU0_lab3_1_bsp//libucosii_bsp.a(alt_icache_flush_all.o)
 .data          0x000000002003a674        0x0 ../CPU0_lab3_1_bsp//libucosii_bsp.a(alt_instruction_exception_entry.o)
 .data          0x000000002003a674        0x0 ../CPU0_lab3_1_bsp//libucosii_bsp.a(alt_io_redirect.o)
 .data          0x000000002003a674        0x0 ../CPU0_lab3_1_bsp//libucosii_bsp.a(alt_open.o)
 .data          0x000000002003a674        0x0 ../CPU0_lab3_1_bsp//libucosii_bsp.a(alt_tick.o)
 .data          0x000000002003a674        0x0 ../CPU0_lab3_1_bsp//libucosii_bsp.a(altera_nios2_gen2_irq.o)
 .data          0x000000002003a674        0x0 ../CPU0_lab3_1_bsp//libucosii_bsp.a(os_cpu_a.o)
 .data          0x000000002003a674        0x0 ../CPU0_lab3_1_bsp//libucosii_bsp.a(os_cpu_c.o)
 .data          0x000000002003a674        0x0 ../CPU0_lab3_1_bsp//libucosii_bsp.a(alt_find_file.o)
 .data          0x000000002003a674        0x0 ../CPU0_lab3_1_bsp//libucosii_bsp.a(alt_get_fd.o)
 .data          0x000000002003a674        0x0 ../CPU0_lab3_1_bsp//libucosii_bsp.a(alt_icache_flush.o)
 .data          0x000000002003a674        0x0 /opt/intelFPGA/18.1/nios2eds/bin/gnu/H-x86_64-pc-linux-gnu/bin/../lib/gcc/nios2-elf/5.3.0/../../../../../H-x86_64-pc-linux-gnu/nios2-elf/lib/libc.a(lib_a-atexit.o)
 .data          0x000000002003a674        0x0 /opt/intelFPGA/18.1/nios2eds/bin/gnu/H-x86_64-pc-linux-gnu/bin/../lib/gcc/nios2-elf/5.3.0/../../../../../H-x86_64-pc-linux-gnu/nios2-elf/lib/libc.a(lib_a-exit.o)
 .data          0x000000002003a674        0x0 /opt/intelFPGA/18.1/nios2eds/bin/gnu/H-x86_64-pc-linux-gnu/bin/../lib/gcc/nios2-elf/5.3.0/../../../../../H-x86_64-pc-linux-gnu/nios2-elf/lib/libc.a(lib_a-memcmp.o)
 .data          0x000000002003a674        0x0 /opt/intelFPGA/18.1/nios2eds/bin/gnu/H-x86_64-pc-linux-gnu/bin/../lib/gcc/nios2-elf/5.3.0/../../../../../H-x86_64-pc-linux-gnu/nios2-elf/lib/libc.a(lib_a-__atexit.o)
 .data          0x000000002003a674        0x0 /opt/intelFPGA/18.1/nios2eds/bin/gnu/H-x86_64-pc-linux-gnu/bin/../lib/gcc/nios2-elf/5.3.0/../../../../../H-x86_64-pc-linux-gnu/nios2-elf/lib/libc.a(lib_a-__call_atexit.o)
 .data          0x000000002003a674        0x0 ../CPU0_lab3_1_bsp//libucosii_bsp.a(alt_exit.o)
                0x0000000020042674                _gp = ABSOLUTE ((. + 0x8000))
                [!provide]                        PROVIDE (gp, _gp)
 *(.rwdata .rwdata.*)
 *(.sdata .sdata.* .gnu.linkonce.s.*)
 .sdata         0x000000002003a674        0xc obj/default/CPU0_main.o
                0x000000002003a674                message
                0x000000002003a67c                timeout
 .sdata._global_impure_ptr
                0x000000002003a680        0x4 /opt/intelFPGA/18.1/nios2eds/bin/gnu/H-x86_64-pc-linux-gnu/bin/../lib/gcc/nios2-elf/5.3.0/../../../../../H-x86_64-pc-linux-gnu/nios2-elf/lib/libc.a(lib_a-impure.o)
                0x000000002003a680                _global_impure_ptr
 .sdata._impure_ptr
                0x000000002003a684        0x4 /opt/intelFPGA/18.1/nios2eds/bin/gnu/H-x86_64-pc-linux-gnu/bin/../lib/gcc/nios2-elf/5.3.0/../../../../../H-x86_64-pc-linux-gnu/nios2-elf/lib/libc.a(lib_a-impure.o)
                0x000000002003a684                _impure_ptr
 .sdata.__mb_cur_max
                0x000000002003a688        0x4 /opt/intelFPGA/18.1/nios2eds/bin/gnu/H-x86_64-pc-linux-gnu/bin/../lib/gcc/nios2-elf/5.3.0/../../../../../H-x86_64-pc-linux-gnu/nios2-elf/lib/libc.a(lib_a-locale.o)
                0x000000002003a688                __mb_cur_max
 .sdata.__malloc_sbrk_base
                0x000000002003a68c        0x4 /opt/intelFPGA/18.1/nios2eds/bin/gnu/H-x86_64-pc-linux-gnu/bin/../lib/gcc/nios2-elf/5.3.0/../../../../../H-x86_64-pc-linux-gnu/nios2-elf/lib/libc.a(lib_a-mallocr.o)
                0x000000002003a68c                __malloc_sbrk_base
 .sdata.__malloc_trim_threshold
                0x000000002003a690        0x4 /opt/intelFPGA/18.1/nios2eds/bin/gnu/H-x86_64-pc-linux-gnu/bin/../lib/gcc/nios2-elf/5.3.0/../../../../../H-x86_64-pc-linux-gnu/nios2-elf/lib/libc.a(lib_a-mallocr.o)
                0x000000002003a690                __malloc_trim_threshold
 .sdata.__wctomb
                0x000000002003a694        0x4 /opt/intelFPGA/18.1/nios2eds/bin/gnu/H-x86_64-pc-linux-gnu/bin/../lib/gcc/nios2-elf/5.3.0/../../../../../H-x86_64-pc-linux-gnu/nios2-elf/lib/libc.a(lib_a-wctomb_r.o)
                0x000000002003a694                __wctomb
 .sdata         0x000000002003a698       0x14 ../CPU0_lab3_1_bsp//libucosii_bsp.a(alt_dev.o)
                0x000000002003a698                alt_fs_list
                0x000000002003a6a0                alt_dev_list
                0x000000002003a6a8                alt_max_fd
 .sdata         0x000000002003a6ac        0x4 ../CPU0_lab3_1_bsp//libucosii_bsp.a(alt_errno.o)
                0x000000002003a6ac                alt_errno
 .sdata         0x000000002003a6b0        0x4 ../CPU0_lab3_1_bsp//libucosii_bsp.a(alt_irq_vars.o)
                0x000000002003a6b0                alt_priority_mask
 .sdata         0x000000002003a6b4        0x4 ../CPU0_lab3_1_bsp//libucosii_bsp.a(alt_sbrk.o)
 .sdata         0x000000002003a6b8        0x4 ../CPU0_lab3_1_bsp//libucosii_bsp.a(alt_env_lock.o)
 .sdata         0x000000002003a6bc        0x4 ../CPU0_lab3_1_bsp//libucosii_bsp.a(alt_malloc_lock.o)
 .sdata         0x000000002003a6c0       0x72 ../CPU0_lab3_1_bsp//libucosii_bsp.a(os_dbg.o)
                0x000000002003a6c0                OSDebugEn
                0x000000002003a6c4                OSEndiannessTest
                0x000000002003a6c8                OSEventEn
                0x000000002003a6ca                OSEventMax
                0x000000002003a6cc                OSEventNameSize
                0x000000002003a6ce                OSEventSize
                0x000000002003a6d0                OSEventTblSize
                0x000000002003a6d2                OSEventMultiEn
                0x000000002003a6d4                OSFlagEn
                0x000000002003a6d6                OSFlagGrpSize
                0x000000002003a6d8                OSFlagNodeSize
                0x000000002003a6da                OSFlagWidth
                0x000000002003a6dc                OSFlagMax
                0x000000002003a6de                OSFlagNameSize
                0x000000002003a6e0                OSLowestPrio
                0x000000002003a6e2                OSMboxEn
                0x000000002003a6e4                OSMemEn
                0x000000002003a6e6                OSMemMax
                0x000000002003a6e8                OSMemNameSize
                0x000000002003a6ea                OSMemSize
                0x000000002003a6ec                OSMemTblSize
                0x000000002003a6ee                OSMutexEn
                0x000000002003a6f0                OSPtrSize
                0x000000002003a6f2                OSQEn
                0x000000002003a6f4                OSQMax
                0x000000002003a6f6                OSQSize
                0x000000002003a6f8                OSRdyTblSize
                0x000000002003a6fa                OSSemEn
                0x000000002003a6fc                OSStkWidth
                0x000000002003a6fe                OSTaskCreateEn
                0x000000002003a700                OSTaskCreateExtEn
                0x000000002003a702                OSTaskDelEn
                0x000000002003a704                OSTaskIdleStkSize
                0x000000002003a706                OSTaskProfileEn
                0x000000002003a708                OSTaskMax
                0x000000002003a70a                OSTaskNameSize
                0x000000002003a70c                OSTaskStatEn
                0x000000002003a70e                OSTaskStatStkSize
                0x000000002003a710                OSTaskStatStkChkEn
                0x000000002003a712                OSTaskSwHookEn
                0x000000002003a714                OSTCBPrioTblMax
                0x000000002003a716                OSTCBSize
                0x000000002003a718                OSTicksPerSec
                0x000000002003a71a                OSTimeTickHookEn
                0x000000002003a71c                OSVersionNbr
                0x000000002003a71e                OSTmrEn
                0x000000002003a720                OSTmrCfgMax
                0x000000002003a722                OSTmrCfgNameSize