Archive member included to satisfy reference by file (symbol)

../CPU1_lab3_1_bsp/\libucosii_bsp.a(alt_iic.o)
                              obj/default/CPU1_main.o (alt_ic_isr_register)
../CPU1_lab3_1_bsp/\libucosii_bsp.a(alt_iic_isr_register.o)
                              ../CPU1_lab3_1_bsp/\libucosii_bsp.a(alt_iic.o) (alt_iic_isr_register)
../CPU1_lab3_1_bsp/\libucosii_bsp.a(alt_irq_entry.o)
                              ../CPU1_lab3_1_bsp/\libucosii_bsp.a(alt_iic_isr_register.o) (alt_irq_entry)
../CPU1_lab3_1_bsp/\libucosii_bsp.a(alt_irq_handler.o)
                              ../CPU1_lab3_1_bsp/\libucosii_bsp.a(alt_iic_isr_register.o) (alt_irq)
../CPU1_lab3_1_bsp/\libucosii_bsp.a(alt_irq_vars.o)
                              ../CPU1_lab3_1_bsp/\libucosii_bsp.a(alt_iic.o) (alt_irq_active)
../CPU1_lab3_1_bsp/\libucosii_bsp.a(alt_load.o)
                              ../CPU1_lab3_1_bsp//obj/HAL/src/crt0.o (alt_load)
../CPU1_lab3_1_bsp/\libucosii_bsp.a(alt_main.o)
                              ../CPU1_lab3_1_bsp//obj/HAL/src/crt0.o (alt_main)
../CPU1_lab3_1_bsp/\libucosii_bsp.a(alt_env_lock.o)
                              ../CPU1_lab3_1_bsp/\libucosii_bsp.a(alt_main.o) (alt_envsem)
../CPU1_lab3_1_bsp/\libucosii_bsp.a(alt_malloc_lock.o)
                              ../CPU1_lab3_1_bsp/\libucosii_bsp.a(alt_main.o) (alt_heapsem)
../CPU1_lab3_1_bsp/\libucosii_bsp.a(os_core.o)
                              ../CPU1_lab3_1_bsp/\libucosii_bsp.a(alt_malloc_lock.o) (OSRunning)
../CPU1_lab3_1_bsp/\libucosii_bsp.a(os_dbg.o)
                              ../CPU1_lab3_1_bsp/\libucosii_bsp.a(os_core.o) (OSDebugInit)
../CPU1_lab3_1_bsp/\libucosii_bsp.a(os_flag.o)
                              ../CPU1_lab3_1_bsp/\libucosii_bsp.a(os_core.o) (OS_FlagInit)
../CPU1_lab3_1_bsp/\libucosii_bsp.a(os_mem.o)
                              ../CPU1_lab3_1_bsp/\libucosii_bsp.a(os_core.o) (OS_MemInit)
../CPU1_lab3_1_bsp/\libucosii_bsp.a(os_q.o)
                              ../CPU1_lab3_1_bsp/\libucosii_bsp.a(os_core.o) (OS_QInit)
../CPU1_lab3_1_bsp/\libucosii_bsp.a(os_sem.o)
                              ../CPU1_lab3_1_bsp/\libucosii_bsp.a(alt_main.o) (OSSemCreate)
../CPU1_lab3_1_bsp/\libucosii_bsp.a(os_task.o)
                              obj/default/CPU1_main.o (OSTaskCreateExt)
../CPU1_lab3_1_bsp/\libucosii_bsp.a(os_time.o)
                              ../CPU1_lab3_1_bsp/\libucosii_bsp.a(os_core.o) (OSTimeDly)
../CPU1_lab3_1_bsp/\libucosii_bsp.a(alt_sys_init.o)
                              ../CPU1_lab3_1_bsp/\libucosii_bsp.a(alt_main.o) (alt_irq_init)
../CPU1_lab3_1_bsp/\libucosii_bsp.a(altera_avalon_jtag_uart_fd.o)
                              ../CPU1_lab3_1_bsp/\libucosii_bsp.a(alt_sys_init.o) (altera_avalon_jtag_uart_read_fd)
../CPU1_lab3_1_bsp/\libucosii_bsp.a(altera_avalon_jtag_uart_init.o)
                              ../CPU1_lab3_1_bsp/\libucosii_bsp.a(alt_sys_init.o) (altera_avalon_jtag_uart_init)
../CPU1_lab3_1_bsp/\libucosii_bsp.a(altera_avalon_jtag_uart_ioctl.o)
                              ../CPU1_lab3_1_bsp/\libucosii_bsp.a(altera_avalon_jtag_uart_fd.o) (altera_avalon_jtag_uart_ioctl)
../CPU1_lab3_1_bsp/\libucosii_bsp.a(altera_avalon_jtag_uart_read.o)
                              ../CPU1_lab3_1_bsp/\libucosii_bsp.a(altera_avalon_jtag_uart_fd.o) (altera_avalon_jtag_uart_read)
../CPU1_lab3_1_bsp/\libucosii_bsp.a(altera_avalon_jtag_uart_write.o)
                              ../CPU1_lab3_1_bsp/\libucosii_bsp.a(altera_avalon_jtag_uart_fd.o) (altera_avalon_jtag_uart_write)
../CPU1_lab3_1_bsp/\libucosii_bsp.a(altera_avalon_mutex.o)
                              ../CPU1_lab3_1_bsp/\libucosii_bsp.a(alt_sys_init.o) (alt_mutex_list)
../CPU1_lab3_1_bsp/\libucosii_bsp.a(altera_avalon_timer_sc.o)
                              ../CPU1_lab3_1_bsp/\libucosii_bsp.a(alt_sys_init.o) (alt_avalon_timer_sc_init)
../CPU1_lab3_1_bsp/\libucosii_bsp.a(alt_alarm_start.o)
                              ../CPU1_lab3_1_bsp/\libucosii_bsp.a(altera_avalon_jtag_uart_init.o) (alt_alarm_start)
../CPU1_lab3_1_bsp/\libucosii_bsp.a(alt_close.o)
                              ../CPU1_lab3_1_bsp/\libucosii_bsp.a(alt_main.o) (close)
../CPU1_lab3_1_bsp/\libucosii_bsp.a(alt_dcache_flush_all.o)
                              ../CPU1_lab3_1_bsp/\libucosii_bsp.a(alt_load.o) (alt_dcache_flush_all)
../CPU1_lab3_1_bsp/\libucosii_bsp.a(alt_dev.o)
                              ../CPU1_lab3_1_bsp/\libucosii_bsp.a(alt_sys_init.o) (alt_dev_list)
../CPU1_lab3_1_bsp/\libucosii_bsp.a(alt_dev_llist_insert.o)
                              ../CPU1_lab3_1_bsp/\libucosii_bsp.a(alt_sys_init.o) (alt_dev_llist_insert)
../CPU1_lab3_1_bsp/\libucosii_bsp.a(alt_do_ctors.o)
                              ../CPU1_lab3_1_bsp/\libucosii_bsp.a(alt_main.o) (_do_ctors)
../CPU1_lab3_1_bsp/\libucosii_bsp.a(alt_do_dtors.o)
                              ../CPU1_lab3_1_bsp/\libucosii_bsp.a(alt_main.o) (_do_dtors)
../CPU1_lab3_1_bsp/\libucosii_bsp.a(alt_errno.o)
[...]
Memory Configuration

Name             Origin             Length             Attributes
sdram_controller 0x0000000010000000 0x0000000004000000
reset            0x0000000020020000 0x0000000000000020
CPU_1_0_onchip_memory2_0 0x0000000020020020 0x000000000001ffe0
*default*        0x0000000000000000 0xffffffffffffffff

Linker script and memory map

LOAD ../CPU1_lab3_1_bsp//obj/HAL/src/crt0.o
LOAD obj/default/CPU1_main.o
LOAD c:/intelfpga_lite/18.0/nios2eds/bin/gnu/h-x86_64-mingw32/bin/../lib/gcc/nios2-elf/5.3.0/../../../../../H-x86_64-mingw32/nios2-elf/lib\libstdc++.a
LOAD c:/intelfpga_lite/18.0/nios2eds/bin/gnu/h-x86_64-mingw32/bin/../lib/gcc/nios2-elf/5.3.0/../../../../../H-x86_64-mingw32/nios2-elf/lib\libm.a
LOAD c:/intelfpga_lite/18.0/nios2eds/bin/gnu/h-x86_64-mingw32/bin/../lib/gcc/nios2-elf/5.3.0\libgcc.a
START GROUP
LOAD c:/intelfpga_lite/18.0/nios2eds/bin/gnu/h-x86_64-mingw32/bin/../lib/gcc/nios2-elf/5.3.0/../../../../../H-x86_64-mingw32/nios2-elf/lib\libc.a
LOAD c:/intelfpga_lite/18.0/nios2eds/bin/gnu/h-x86_64-mingw32/bin/../lib/gcc/nios2-elf/5.3.0\libgcc.a
LOAD ../CPU1_lab3_1_bsp/\libucosii_bsp.a
LOAD c:/intelfpga_lite/18.0/nios2eds/bin/gnu/h-x86_64-mingw32/bin/../lib/gcc/nios2-elf/5.3.0/../../../../../H-x86_64-mingw32/nios2-elf/lib\libm.a
END GROUP
LOAD c:/intelfpga_lite/18.0/nios2eds/bin/gnu/h-x86_64-mingw32/bin/../lib/gcc/nios2-elf/5.3.0\libgcc.a
                0x0000000010000000                __alt_mem_sdram_controller = 0x10000000
                0x0000000020020000                __alt_mem_CPU_1_0_onchip_memory2_0 = 0x20020000

.entry          0x0000000020020000       0x20
 *(.entry)
 .entry         0x0000000020020000       0x20 ../CPU1_lab3_1_bsp//obj/HAL/src/crt0.o
                0x0000000020020000                __reset

.exceptions     0x0000000020020020      0x224
                0x0000000020020020                PROVIDE (__ram_exceptions_start, ABSOLUTE (.))
                0x0000000020020020                . = ALIGN (0x20)
 *(.irq)
 *(.exceptions.entry.label)
 .exceptions.entry.label
                0x0000000020020020        0x0 ../CPU1_lab3_1_bsp/\libucosii_bsp.a(alt_irq_entry.o)
                0x0000000020020020                alt_irq_entry
 .exceptions.entry.label
                0x0000000020020020        0x0 ../CPU1_lab3_1_bsp/\libucosii_bsp.a(alt_exception_entry.o)
                0x0000000020020020                alt_exception
 *(.exceptions.entry.user)
 *(.exceptions.entry.ecc_fatal)
 *(.exceptions.entry)
 .exceptions.entry
                0x0000000020020020       0x54 ../CPU1_lab3_1_bsp/\libucosii_bsp.a(alt_exception_entry.o)
 *(.exceptions.irqtest.user)
 *(.exceptions.irqtest)
 .exceptions.irqtest
                0x0000000020020074       0x10 ../CPU1_lab3_1_bsp/\libucosii_bsp.a(alt_irq_entry.o)
 *(.exceptions.irqhandler.user)
 *(.exceptions.irqhandler)
 .exceptions.irqhandler
                0x0000000020020084        0x4 ../CPU1_lab3_1_bsp/\libucosii_bsp.a(alt_irq_entry.o)
 *(.exceptions.irqreturn.user)
 *(.exceptions.irqreturn)
 .exceptions.irqreturn
                0x0000000020020088        0x4 ../CPU1_lab3_1_bsp/\libucosii_bsp.a(alt_irq_entry.o)
 *(.exceptions.notirq.label)
 .exceptions.notirq.label
                0x000000002002008c        0x0 ../CPU1_lab3_1_bsp/\libucosii_bsp.a(alt_irq_entry.o)
 *(.exceptions.notirq.user)
 *(.exceptions.notirq)
 .exceptions.notirq
                0x000000002002008c        0x8 ../CPU1_lab3_1_bsp/\libucosii_bsp.a(alt_exception_entry.o)
 *(.exceptions.soft.user)
 *(.exceptions.soft)
 *(.exceptions.unknown.user)
 *(.exceptions.unknown)
 .exceptions.unknown
                0x0000000020020094       0x14 ../CPU1_lab3_1_bsp/\libucosii_bsp.a(alt_exception_entry.o)
 *(.exceptions.exit.label)
 .exceptions.exit.label
                0x00000000200200a8        0x0 ../CPU1_lab3_1_bsp/\libucosii_bsp.a(alt_irq_entry.o)
 .exceptions.exit.label
                0x00000000200200a8        0x0 ../CPU1_lab3_1_bsp/\libucosii_bsp.a(alt_exception_entry.o)
 *(.exceptions.exit.user)
 *(.exceptions.exit)
 .exceptions.exit
                0x00000000200200a8       0x54 ../CPU1_lab3_1_bsp/\libucosii_bsp.a(alt_exception_entry.o)
 *(.exceptions)
 .exceptions    0x00000000200200fc       0xd4 ../CPU1_lab3_1_bsp/\libucosii_bsp.a(alt_irq_handler.o)
                0x00000000200200fc                alt_irq_handler
 .exceptions    0x00000000200201d0       0x74 ../CPU1_lab3_1_bsp/\libucosii_bsp.a(alt_instruction_exception_entry.o)
                0x00000000200201d0                alt_instruction_exception_entry
                0x0000000020020244                PROVIDE (__ram_exceptions_end, ABSOLUTE (.))
                0x0000000020020020                PROVIDE (__flash_exceptions_start, LOADADDR (.exceptions))

.text           0x0000000020020244     0xadac
                [!provide]                        PROVIDE (stext, ABSOLUTE (.))
 *(.interp)
 *(.hash)
 *(.dynsym)
 *(.dynstr)
 *(.gnu.version)
 *(.gnu.version_d)
 *(.gnu.version_r)
 *(.rel.init)
 *(.rela.init)
 *(.rel.text .rel.text.* .rel.gnu.linkonce.t.*)
 *(.rela.text .rela.text.* .rela.gnu.linkonce.t.*)
 *(.rel.fini)
 *(.rela.fini)
 *(.rel.rodata .rel.rodata.* .rel.gnu.linkonce.r.*)
 *(.rela.rodata .rela.rodata.* .rela.gnu.linkonce.r.*)
 *(.rel.data .rel.data.* .rel.gnu.linkonce.d.*)
 *(.rela.data .rela.data.* .rela.gnu.linkonce.d.*)
 *(.rel.tdata .rel.tdata.* .rel.gnu.linkonce.td.*)
 *(.rela.tdata .rela.tdata.* .rela.gnu.linkonce.td.*)
 *(.rel.tbss .rel.tbss.* .rel.gnu.linkonce.tb.*)
 *(.rela.tbss .rela.tbss.* .rela.gnu.linkonce.tb.*)
 *(.rel.ctors)
 *(.rela.ctors)
 *(.rel.dtors)
 *(.rela.dtors)
 *(.rel.got)
 *(.rela.got)
 *(.rel.sdata .rel.sdata.* .rel.gnu.linkonce.s.*)
 *(.rela.sdata .rela.sdata.* .rela.gnu.linkonce.s.*)
 *(.rel.sbss .rel.sbss.* .rel.gnu.linkonce.sb.*)
 *(.rela.sbss .rela.sbss.* .rela.gnu.linkonce.sb.*)
 *(.rel.sdata2 .rel.sdata2.* .rel.gnu.linkonce.s2.*)
 *(.rela.sdata2 .rela.sdata2.* .rela.gnu.linkonce.s2.*)
 *(.rel.sbss2 .rel.sbss2.* .rel.gnu.linkonce.sb2.*)
 *(.rela.sbss2 .rela.sbss2.* .rela.gnu.linkonce.sb2.*)
 *(.rel.bss .rel.bss.* .rel.gnu.linkonce.b.*)
 *(.rela.bss .rela.bss.* .rela.gnu.linkonce.b.*)
 *(.rel.plt)
 *(.rela.plt)
 *(.rel.dyn)
 *(.init)
 *(.plt)
 *(.text .stub .text.* .gnu.linkonce.t.*)
 .text          0x0000000020020244       0x4c ../CPU1_lab3_1_bsp//obj/HAL/src/crt0.o
                0x0000000020020244                _start
 .text          0x0000000020020290      0x190 obj/default/CPU1_main.o
                0x0000000020020290                task_leds
                0x0000000020020310                main
                0x00000000200203c8                timer_interrupt
 .text          0x0000000020020420      0x1b0 ../CPU1_lab3_1_bsp/\libucosii_bsp.a(alt_iic.o)
                0x0000000020020420                alt_ic_isr_register
                0x0000000020020470                alt_ic_irq_enable
                0x00000000200204f8                alt_ic_irq_disable
                0x0000000020020584                alt_ic_irq_enabled
 .text          0x00000000200205d0       0xf0 ../CPU1_lab3_1_bsp/\libucosii_bsp.a(alt_iic_isr_register.o)
                0x00000000200205d0                alt_iic_isr_register
 .text          0x00000000200206c0        0x0 ../CPU1_lab3_1_bsp/\libucosii_bsp.a(alt_irq_entry.o)
 .text          0x00000000200206c0        0x0 ../CPU1_lab3_1_bsp/\libucosii_bsp.a(alt_irq_handler.o)
 .text          0x00000000200206c0        0x0 ../CPU1_lab3_1_bsp/\libucosii_bsp.a(alt_irq_vars.o)
 .text          0x00000000200206c0       0xec ../CPU1_lab3_1_bsp/\libucosii_bsp.a(alt_load.o)
                0x0000000020020728                alt_load
 .text          0x00000000200207ac       0xbc ../CPU1_lab3_1_bsp/\libucosii_bsp.a(alt_main.o)
                0x00000000200207ac                alt_main
 .text          0x0000000020020868      0x124 ../CPU1_lab3_1_bsp/\libucosii_bsp.a(alt_env_lock.o)
                0x0000000020020868                __env_lock
                0x000000002002092c                __env_unlock
 .text          0x000000002002098c      0x1ec ../CPU1_lab3_1_bsp/\libucosii_bsp.a(alt_malloc_lock.o)
                0x000000002002098c                __malloc_lock
                0x0000000020020aac                __malloc_unlock
 .text          0x0000000020020b78     0x2014 ../CPU1_lab3_1_bsp/\libucosii_bsp.a(os_core.o)
                0x0000000020020b78                OSEventNameGet
                0x0000000020020c98                OSEventNameSet
                0x0000000020020dd8                OSEventPendMulti
                0x00000000200213e8                OSInit
                0x0000000020021440                OSIntEnter
                0x000000002002148c                OSIntExit
                0x0000000020021584                OSSchedLock
                0x0000000020021610                OSSchedUnlock
                0x00000000200216ec                OSStart
                0x000000002002175c                OSStatInit
                0x000000002002180c                OSTimeTick
                0x0000000020021a2c                OSVersion
                0x0000000020021a4c                OS_Dummy
                0x0000000020021a6c                OS_EventTaskRdy
                0x0000000020021c04                OS_EventTaskWait
                0x0000000020021d14                OS_EventTaskWaitMulti
                0x0000000020021e64                OS_EventTaskRemove
                0x0000000020021f1c                OS_EventTaskRemoveMulti
                0x000000002002201c                OS_EventWaitListInit
                0x00000000200223fc                OS_MemClr
                0x0000000020022450                OS_MemCopy
                0x00000000200224b8                OS_Sched
                0x00000000200225fc                OS_StrCopy
                0x0000000020022670                OS_StrLen
                0x00000000200226c4                OS_TaskIdle
                0x0000000020022720                OS_TaskStat
                0x00000000200227ec                OS_TaskStatStkChk
                0x00000000200228b8                OS_TCBInit
 .text          0x0000000020022b8c      0x190 ../CPU1_lab3_1_bsp/\libucosii_bsp.a(os_dbg.o)
                0x0000000020022b8c                OSDebugInit
 .text          0x0000000020022d1c     0x1714 ../CPU1_lab3_1_bsp/\libucosii_bsp.a(os_flag.o)
                0x0000000020022d1c                OSFlagAccept
                0x0000000020023024                OSFlagCreate
                0x000000002002312c                OSFlagDel
                0x0000000020023374                OSFlagNameGet
                0x000000002002349c                OSFlagNameSet
                0x00000000200235e8                OSFlagPend
                0x0000000020023ba0                OSFlagPendGetFlagsRdy
                0x0000000020023c00                OSFlagPost
                0x0000000020023f94                OSFlagQuery
                0x00000000200241b8                OS_FlagInit
                0x000000002002438c                OS_FlagUnlink
 .text          0x0000000020024430      0x754 ../CPU1_lab3_1_bsp/\libucosii_bsp.a(os_mem.o)
                0x0000000020024430                OSMemCreate
                0x0000000020024604                OSMemGet
                0x00000000200246f4                OSMemNameGet
                0x00000000200247e4                OSMemNameSet
                0x00000000200248f8                OSMemPut
                0x00000000200249d0                OSMemQuery
                0x0000000020024ab8                OS_MemInit
 .text          0x0000000020024b84     0x1104 ../CPU1_lab3_1_bsp/\libucosii_bsp.a(os_q.o)
                0x0000000020024b84                OSQAccept
                0x0000000020024cc4                OSQCreate
                0x0000000020024e70                OSQDel
                0x00000000200250f0                OSQFlush
                0x00000000200251a8                OSQPend
                0x0000000020025434                OSQPendAbort
                0x00000000200255a0                OSQPost
                0x0000000020025708                OSQPostFront
                0x0000000020025878                OSQPostOpt
                0x0000000020025a84                OSQQuery
                0x0000000020025be0                OS_QInit
 .text          0x0000000020025c88      0xa60 ../CPU1_lab3_1_bsp/\libucosii_bsp.a(os_sem.o)
                0x0000000020025c88                OSSemAccept
                0x0000000020025d38                OSSemCreate
                0x0000000020025e10                OSSemDel
                0x0000000020026050                OSSemPend
                0x000000002002625c                OSSemPendAbort
                0x00000000200263c8                OSSemPost
                0x00000000200264d8                OSSemQuery
                0x00000000200265e8                OSSemSet
 .text          0x00000000200266e8     0x176c ../CPU1_lab3_1_bsp/\libucosii_bsp.a(os_task.o)
                0x00000000200266e8                OSTaskChangePrio
                0x0000000020026bd8                OSTaskCreate
                0x0000000020026d84                OSTaskCreateExt
                0x0000000020026f68                OSTaskDel
                0x00000000200272ac                OSTaskDelReq
                0x00000000200273fc                OSTaskNameGet
                0x0000000020027594                OSTaskNameSet
                0x0000000020027748                OSTaskResume
                0x000000002002791c                OSTaskStkChk
                0x0000000020027adc                OSTaskSuspend
                0x0000000020027cc0                OSTaskQuery
                0x0000000020027de4                OS_TaskStkClr
 .text          0x0000000020027e54      0x4e8 ../CPU1_lab3_1_bsp/\libucosii_bsp.a(os_time.o)
                0x0000000020027e54                OSTimeDly
                0x0000000020027f58                OSTimeDlyHMSM
                0x00000000200280ac                OSTimeDlyResume
                0x0000000020028280                OSTimeGet
                0x00000000200282dc                OSTimeSet
 .text          0x000000002002833c      0x1c0 ../CPU1_lab3_1_bsp/\libucosii_bsp.a(alt_sys_init.o)
                0x0000000020028454                alt_irq_init
                0x000000002002848c                alt_sys_init
 .text          0x00000000200284fc      0x164 ../CPU1_lab3_1_bsp/\libucosii_bsp.a(altera_avalon_jtag_uart_fd.o)
                0x00000000200284fc                altera_avalon_jtag_uart_read_fd
                0x000000002002855c                altera_avalon_jtag_uart_write_fd
                0x00000000200285bc                altera_avalon_jtag_uart_close_fd
                0x000000002002860c                altera_avalon_jtag_uart_ioctl_fd
 .text          0x0000000020028660      0x558 ../CPU1_lab3_1_bsp/\libucosii_bsp.a(altera_avalon_jtag_uart_init.o)
                0x0000000020028660                altera_avalon_jtag_uart_init
                0x0000000020028b50                altera_avalon_jtag_uart_close
 .text          0x0000000020028bb8       0xf0 ../CPU1_lab3_1_bsp/\libucosii_bsp.a(altera_avalon_jtag_uart_ioctl.o)
                0x0000000020028bb8                altera_avalon_jtag_uart_ioctl
 .text          0x0000000020028ca8      0x2bc ../CPU1_lab3_1_bsp/\libucosii_bsp.a(altera_avalon_jtag_uart_read.o)
                0x0000000020028ca8                altera_avalon_jtag_uart_read
 .text          0x0000000020028f64      0x2c4 ../CPU1_lab3_1_bsp/\libucosii_bsp.a(altera_avalon_jtag_uart_write.o)
                0x0000000020028f64                altera_avalon_jtag_uart_write
 .text          0x0000000020029228      0x34c ../CPU1_lab3_1_bsp/\libucosii_bsp.a(altera_avalon_mutex.o)
                0x00000000200292e0                altera_avalon_mutex_open
                0x0000000020029334                altera_avalon_mutex_close
                0x0000000020029358                altera_avalon_mutex_lock
                0x00000000200293c4                altera_avalon_mutex_trylock
                0x0000000020029444                altera_avalon_mutex_unlock
                0x00000000200294b0                altera_avalon_mutex_is_mine
                0x0000000020029524                altera_avalon_mutex_first_lock
 .text          0x0000000020029574       0xf4 ../CPU1_lab3_1_bsp/\libucosii_bsp.a(altera_avalon_timer_sc.o)
                0x00000000200295ec                alt_avalon_timer_sc_init
 .text          0x0000000020029668      0x12c ../CPU1_lab3_1_bsp/\libucosii_bsp.a(alt_alarm_start.o)
                0x0000000020029668                alt_alarm_start
 .text          0x0000000020029794      0x10c ../CPU1_lab3_1_bsp/\libucosii_bsp.a(alt_close.o)
                0x00000000200297d0                close
 .text          0x00000000200298a0       0x48 ../CPU1_lab3_1_bsp/\libucosii_bsp.a(alt_dcache_flush_all.o)
                0x00000000200298a0                alt_dcache_flush_all
 .text          0x00000000200298e8       0x2c ../CPU1_lab3_1_bsp/\libucosii_bsp.a(alt_dev.o)
 .text          0x0000000020029914       0xe0 ../CPU1_lab3_1_bsp/\libucosii_bsp.a(alt_dev_llist_insert.o)
                0x0000000020029950                alt_dev_llist_insert
 .text          0x00000000200299f4       0x60 ../CPU1_lab3_1_bsp/\libucosii_bsp.a(alt_do_ctors.o)
                0x00000000200299f4                _do_ctors
 .text          0x0000000020029a54       0x60 ../CPU1_lab3_1_bsp/\libucosii_bsp.a(alt_do_dtors.o)
                0x0000000020029a54                _do_dtors
 .text          0x0000000020029ab4        0x0 ../CPU1_lab3_1_bsp/\libucosii_bsp.a(alt_errno.o)
 .text          0x0000000020029ab4        0x0 ../CPU1_lab3_1_bsp/\libucosii_bsp.a(alt_exception_entry.o)
 .text          0x0000000020029ab4       0x90 ../CPU1_lab3_1_bsp/\libucosii_bsp.a(alt_find_dev.o)
                0x0000000020029ab4                alt_find_dev
 .text          0x0000000020029b44       0x34 ../CPU1_lab3_1_bsp/\libucosii_bsp.a(alt_icache_flush_all.o)
                0x0000000020029b44                alt_icache_flush_all
 .text          0x0000000020029b78       0x9c ../CPU1_lab3_1_bsp/\libucosii_bsp.a(alt_instruction_exception_entry.o)
                0x0000000020029b78                alt_exception_cause_generated_bad_addr
 .text          0x0000000020029c14      0x140 ../CPU1_lab3_1_bsp/\libucosii_bsp.a(alt_io_redirect.o)
                0x0000000020029cd8                alt_io_redirect
 .text          0x0000000020029d54      0x254 ../CPU1_lab3_1_bsp/\libucosii_bsp.a(alt_open.o)
                0x0000000020029e54                open
 .text          0x0000000020029fa8       0x64 ../CPU1_lab3_1_bsp/\libucosii_bsp.a(alt_release_fd.o)
                0x0000000020029fa8                alt_release_fd
 .text          0x000000002002a00c      0x1a4 ../CPU1_lab3_1_bsp/\libucosii_bsp.a(alt_tick.o)
                0x000000002002a00c                alt_alarm_stop
                0x000000002002a0a8                alt_tick
 .text          0x000000002002a1b0       0x24 ../CPU1_lab3_1_bsp/\libucosii_bsp.a(altera_nios2_gen2_irq.o)
                0x000000002002a1b0                altera_nios2_gen2_irq_init
 .text          0x000000002002a1d4       0xd0 ../CPU1_lab3_1_bsp/\libucosii_bsp.a(os_cpu_a.o)
                0x000000002002a1d4                OSCtxSw
                0x000000002002a1d4                OSIntCtxSw
                0x000000002002a260                OSStartHighRdy
                0x000000002002a280                OSStartTsk
 .text          0x000000002002a2a4      0x288 ../CPU1_lab3_1_bsp/\libucosii_bsp.a(os_cpu_c.o)
                0x000000002002a2a4                OSTaskStkInit
                0x000000002002a400                OSTaskCreateHook
                0x000000002002a424                OSTaskDelHook
                0x000000002002a448                OSTaskSwHook
                0x000000002002a468                OSTaskStatHook
                0x000000002002a488                OSTimeTickHook
                0x000000002002a4a8                OSInitHookBegin
                0x000000002002a4c8                OSInitHookEnd
                0x000000002002a4e8                OSTaskIdleHook
                0x000000002002a508                OSTCBInitHook
 .text          0x000000002002a52c      0x108 ../CPU1_lab3_1_bsp/\libucosii_bsp.a(alt_find_file.o)
                0x000000002002a52c                alt_find_file
 .text          0x000000002002a634       0xdc ../CPU1_lab3_1_bsp/\libucosii_bsp.a(alt_get_fd.o)
                0x000000002002a634                alt_get_fd
 .text          0x000000002002a710       0x90 ../CPU1_lab3_1_bsp/\libucosii_bsp.a(alt_icache_flush.o)
                0x000000002002a710                alt_icache_flush
 .text          0x000000002002a7a0        0x0 c:/intelfpga_lite/18.0/nios2eds/bin/gnu/h-x86_64-mingw32/bin/../lib/gcc/nios2-elf/5.3.0/../../../../../H-x86_64-mingw32/nios2-elf/lib\libc.a(lib_a-atexit.o)
 .text.atexit   0x000000002002a7a0       0x14 c:/intelfpga_lite/18.0/nios2eds/bin/gnu/h-x86_64-mingw32/bin/../lib/gcc/nios2-elf/5.3.0/../../../../../H-x86_64-mingw32/nios2-elf/lib\libc.a(lib_a-atexit.o)
                0x000000002002a7a0                atexit
 .text          0x000000002002a7b4        0x0 c:/intelfpga_lite/18.0/nios2eds/bin/gnu/h-x86_64-mingw32/bin/../lib/gcc/nios2-elf/5.3.0/../../../../../H-x86_64-mingw32/nios2-elf/lib\libc.a(lib_a-exit.o)
 .text.exit     0x000000002002a7b4       0x38 c:/intelfpga_lite/18.0/nios2eds/bin/gnu/h-x86_64-mingw32/bin/../lib/gcc/nios2-elf/5.3.0/../../../../../H-x86_64-mingw32/nios2-elf/lib\libc.a(lib_a-exit.o)
                0x000000002002a7b4                exit
 .text          0x000000002002a7ec        0x0 c:/intelfpga_lite/18.0/nios2eds/bin/gnu/h-x86_64-mingw32/bin/../lib/gcc/nios2-elf/5.3.0/../../../../../H-x86_64-mingw32/nios2-elf/lib\libc.a(lib_a-impure.o)
 .text          0x000000002002a7ec        0x0 c:/intelfpga_lite/18.0/nios2eds/bin/gnu/h-x86_64-mingw32/bin/../lib/gcc/nios2-elf/5.3.0/../../../../../H-x86_64-mingw32/nios2-elf/lib\libc.a(lib_a-int_errno.o)
 .text          0x000000002002a7ec        0x0 c:/intelfpga_lite/18.0/nios2eds/bin/gnu/h-x86_64-mingw32/bin/../lib/gcc/nios2-elf/5.3.0/../../../../../H-x86_64-mingw32/nios2-elf/lib\libc.a(lib_a-memcmp.o)
 .text.memcmp   0x000000002002a7ec       0x7c c:/intelfpga_lite/18.0/nios2eds/bin/gnu/h-x86_64-mingw32/bin/../lib/gcc/nios2-elf/5.3.0/../../../../../H-x86_64-mingw32/nios2-elf/lib\libc.a(lib_a-memcmp.o)
                0x000000002002a7ec                memcmp
 .text          0x000000002002a868        0x0 c:/intelfpga_lite/18.0/nios2eds/bin/gnu/h-x86_64-mingw32/bin/../lib/gcc/nios2-elf/5.3.0/../../../../../H-x86_64-mingw32/nios2-elf/lib\libc.a(lib_a-memcpy.o)
 .text.memcpy   0x000000002002a868      0x148 c:/intelfpga_lite/18.0/nios2eds/bin/gnu/h-x86_64-mingw32/bin/../lib/gcc/nios2-elf/5.3.0/../../../../../H-x86_64-mingw32/nios2-elf/lib\libc.a(lib_a-memcpy.o)
                0x000000002002a868                memcpy
 .text          0x000000002002a9b0        0x0 c:/intelfpga_lite/18.0/nios2eds/bin/gnu/h-x86_64-mingw32/bin/../lib/gcc/nios2-elf/5.3.0/../../../../../H-x86_64-mingw32/nios2-elf/lib\libc.a(lib_a-memset.o)
 .text.memset   0x000000002002a9b0      0x128 c:/intelfpga_lite/18.0/nios2eds/bin/gnu/h-x86_64-mingw32/bin/../lib/gcc/nios2-elf/5.3.0/../../../../../H-x86_64-mingw32/nios2-elf/lib\libc.a(lib_a-memset.o)
                0x000000002002a9b0                memset
 .text          0x000000002002aad8        0x0 c:/intelfpga_lite/18.0/nios2eds/bin/gnu/h-x86_64-mingw32/bin/../lib/gcc/nios2-elf/5.3.0/../../../../../H-x86_64-mingw32/nios2-elf/lib\libc.a(lib_a-strlen.o)
 .text.strlen   0x000000002002aad8       0x98 c:/intelfpga_lite/18.0/nios2eds/bin/gnu/h-x86_64-mingw32/bin/../lib/gcc/nios2-elf/5.3.0/../../../../../H-x86_64-mingw32/nios2-elf/lib\libc.a(lib_a-strlen.o)
                0x000000002002aad8                strlen
 .text          0x000000002002ab70        0x0 c:/intelfpga_lite/18.0/nios2eds/bin/gnu/h-x86_64-mingw32/bin/../lib/gcc/nios2-elf/5.3.0/../../../../../H-x86_64-mingw32/nios2-elf/lib\libc.a(lib_a-__atexit.o)
 .text.__register_exitproc
                0x000000002002ab70      0x118 c:/intelfpga_lite/18.0/nios2eds/bin/gnu/h-x86_64-mingw32/bin/../lib/gcc/nios2-elf/5.3.0/../../../../../H-x86_64-mingw32/nios2-elf/lib\libc.a(lib_a-__atexit.o)
                0x000000002002ab70                __register_exitproc
 .text          0x000000002002ac88        0x0 c:/intelfpga_lite/18.0/nios2eds/bin/gnu/h-x86_64-mingw32/bin/../lib/gcc/nios2-elf/5.3.0/../../../../../H-x86_64-mingw32/nios2-elf/lib\libc.a(lib_a-__call_atexit.o)
 .text.__call_exitprocs
                0x000000002002ac88      0x180 c:/intelfpga_lite/18.0/nios2eds/bin/gnu/h-x86_64-mingw32/bin/../lib/gcc/nios2-elf/5.3.0/../../../../../H-x86_64-mingw32/nios2-elf/lib\libc.a(lib_a-__call_atexit.o)
                0x000000002002ac88                __call_exitprocs
 .text          0x000000002002ae08      0x1b4 c:/intelfpga_lite/18.0/nios2eds/bin/gnu/h-x86_64-mingw32/bin/../lib/gcc/nios2-elf/5.3.0\libgcc.a(lib2-divmod.o)
                0x000000002002ae08                __divsi3
                0x000000002002ae8c                __modsi3
                0x000000002002af00                __udivsi3
                0x000000002002af64                __umodsi3
 .text          0x000000002002afbc       0x34 ../CPU1_lab3_1_bsp/\libucosii_bsp.a(alt_exit.o)
                0x000000002002afbc                _exit
 *(.gnu.warning.*)
 *(.fini)
                [!provide]                        PROVIDE (__etext, ABSOLUTE (.))
                [!provide]                        PROVIDE (_etext, ABSOLUTE (.))
                [!provide]                        PROVIDE (etext, ABSOLUTE (.))
 *(.eh_frame_hdr)
                0x000000002002aff0                . = ALIGN (0x4)
                [!provide]                        PROVIDE (__preinit_array_start, ABSOLUTE (.))
 *(.preinit_array)
                [!provide]                        PROVIDE (__preinit_array_end, ABSOLUTE (.))
                [!provide]                        PROVIDE (__init_array_start, ABSOLUTE (.))
 *(.init_array)
                [!provide]                        PROVIDE (__init_array_end, ABSOLUTE (.))
                [!provide]                        PROVIDE (__fini_array_start, ABSOLUTE (.))
 *(.fini_array)
                [!provide]                        PROVIDE (__fini_array_end, ABSOLUTE (.))
 *(.eh_frame)
 *(.gcc_except_table .gcc_except_table.*)
 *(.dynamic)
                0x000000002002aff0                PROVIDE (__CTOR_LIST__, ABSOLUTE (.))
 *(.ctors)
 *(SORT(.ctors.*))
                0x000000002002aff0                PROVIDE (__CTOR_END__, ABSOLUTE (.))
                0x000000002002aff0                PROVIDE (__DTOR_LIST__, ABSOLUTE (.))
 *(.dtors)
 *(SORT(.dtors.*))
                0x000000002002aff0                PROVIDE (__DTOR_END__, ABSOLUTE (.))
 *(.jcr)
                0x000000002002aff0                . = ALIGN (0x4)

.rodata         0x000000002002aff0      0x18c
                0x000000002002aff0                PROVIDE (__ram_rodata_start, ABSOLUTE (.))
                0x000000002002aff0                . = ALIGN (0x4)
 *(.rodata .rodata.* .gnu.linkonce.r.*)
 .rodata        0x000000002002aff0        0xd obj/default/CPU1_main.o
 *fill*         0x000000002002affd        0x3 
 .rodata        0x000000002002b000       0x19 ../CPU1_lab3_1_bsp/\libucosii_bsp.a(alt_main.o)
 *fill*         0x000000002002b019        0x3 
 .rodata        0x000000002002b01c      0x11e ../CPU1_lab3_1_bsp/\libucosii_bsp.a(os_core.o)
                0x000000002002b01c                OSUnMapTbl
 *fill*         0x000000002002b13a        0x2 
 .rodata        0x000000002002b13c       0x29 ../CPU1_lab3_1_bsp/\libucosii_bsp.a(alt_sys_init.o)
 *fill*         0x000000002002b165        0x3 
 .rodata        0x000000002002b168        0xa ../CPU1_lab3_1_bsp/\libucosii_bsp.a(alt_dev.o)
 *fill*         0x000000002002b172        0x2 
 .rodata        0x000000002002b174        0x2 ../CPU1_lab3_1_bsp/\libucosii_bsp.a(os_cpu_c.o)
 *fill*         0x000000002002b176        0x2 
 .rodata.str1.4
                0x000000002002b178        0x4 c:/intelfpga_lite/18.0/nios2eds/bin/gnu/h-x86_64-mingw32/bin/../lib/gcc/nios2-elf/5.3.0/../../../../../H-x86_64-mingw32/nios2-elf/lib\libc.a(lib_a-impure.o)
                                          0x2 (size before relaxing)
 *(.rodata1)
                0x000000002002b17c                . = ALIGN (0x4)
                0x000000002002b17c                PROVIDE (__ram_rodata_end, ABSOLUTE (.))
                0x000000002002aff0                PROVIDE (__flash_rodata_start, LOADADDR (.rodata))

.rwdata         0x000000002002b17c     0x16fc load address 0x000000002002c878
                0x000000002002b17c                PROVIDE (__ram_rwdata_start, ABSOLUTE (.))
                0x000000002002b17c                . = ALIGN (0x4)
 *(.got.plt)
 *(.got)
 *(.data1)
 *(.data .data.* .gnu.linkonce.d.*)
 .data          0x000000002002b17c        0x0 ../CPU1_lab3_1_bsp//obj/HAL/src/crt0.o
 .data          0x000000002002b17c        0x0 obj/default/CPU1_main.o
 .data          0x000000002002b17c        0x0 ../CPU1_lab3_1_bsp/\libucosii_bsp.a(alt_iic.o)
 .data          0x000000002002b17c        0x0 ../CPU1_lab3_1_bsp/\libucosii_bsp.a(alt_iic_isr_register.o)
 .data          0x000000002002b17c        0x0 ../CPU1_lab3_1_bsp/\libucosii_bsp.a(alt_irq_entry.o)
 .data          0x000000002002b17c        0x0 ../CPU1_lab3_1_bsp/\libucosii_bsp.a(alt_irq_handler.o)
 .data          0x000000002002b17c        0x0 ../CPU1_lab3_1_bsp/\libucosii_bsp.a(alt_irq_vars.o)
 .data          0x000000002002b17c        0x0 ../CPU1_lab3_1_bsp/\libucosii_bsp.a(alt_load.o)
 .data          0x000000002002b17c        0x0 ../CPU1_lab3_1_bsp/\libucosii_bsp.a(alt_main.o)
 .data          0x000000002002b17c        0x0 ../CPU1_lab3_1_bsp/\libucosii_bsp.a(alt_env_lock.o)
 .data          0x000000002002b17c        0x0 ../CPU1_lab3_1_bsp/\libucosii_bsp.a(alt_malloc_lock.o)
 .data          0x000000002002b17c        0x0 ../CPU1_lab3_1_bsp/\libucosii_bsp.a(os_core.o)
 .data          0x000000002002b17c        0x0 ../CPU1_lab3_1_bsp/\libucosii_bsp.a(os_dbg.o)
 .data          0x000000002002b17c        0x0 ../CPU1_lab3_1_bsp/\libucosii_bsp.a(os_flag.o)
 .data          0x000000002002b17c        0x0 ../CPU1_lab3_1_bsp/\libucosii_bsp.a(os_mem.o)
 .data          0x000000002002b17c        0x0 ../CPU1_lab3_1_bsp/\libucosii_bsp.a(os_q.o)
 .data          0x000000002002b17c        0x0 ../CPU1_lab3_1_bsp/\libucosii_bsp.a(os_sem.o)
 .data          0x000000002002b17c        0x0 ../CPU1_lab3_1_bsp/\libucosii_bsp.a(os_task.o)
 .data          0x000000002002b17c        0x0 ../CPU1_lab3_1_bsp/\libucosii_bsp.a(os_time.o)
 .data          0x000000002002b17c     0x1080 ../CPU1_lab3_1_bsp/\libucosii_bsp.a(alt_sys_init.o)
 .data          0x000000002002c1fc        0x0 ../CPU1_lab3_1_bsp/\libucosii_bsp.a(altera_avalon_jtag_uart_fd.o)
 .data          0x000000002002c1fc        0x0 ../CPU1_lab3_1_bsp/\libucosii_bsp.a(altera_avalon_jtag_uart_init.o)
 .data          0x000000002002c1fc        0x0 ../CPU1_lab3_1_bsp/\libucosii_bsp.a(altera_avalon_jtag_uart_ioctl.o)
 .data          0x000000002002c1fc        0x0 ../CPU1_lab3_1_bsp/\libucosii_bsp.a(altera_avalon_jtag_uart_read.o)
 .data          0x000000002002c1fc        0x0 ../CPU1_lab3_1_bsp/\libucosii_bsp.a(altera_avalon_jtag_uart_write.o)
 .data          0x000000002002c1fc        0x0 ../CPU1_lab3_1_bsp/\libucosii_bsp.a(altera_avalon_mutex.o)
 .data          0x000000002002c1fc        0x0 ../CPU1_lab3_1_bsp/\libucosii_bsp.a(altera_avalon_timer_sc.o)
 .data          0x000000002002c1fc        0x0 ../CPU1_lab3_1_bsp/\libucosii_bsp.a(alt_alarm_start.o)
 .data          0x000000002002c1fc        0x0 ../CPU1_lab3_1_bsp/\libucosii_bsp.a(alt_close.o)
 .data          0x000000002002c1fc        0x0 ../CPU1_lab3_1_bsp/\libucosii_bsp.a(alt_dcache_flush_all.o)
 .data          0x000000002002c1fc      0x1a8 ../CPU1_lab3_1_bsp/\libucosii_bsp.a(alt_dev.o)
                0x000000002002c1fc                alt_dev_null
                0x000000002002c224                alt_fd_list
 .data          0x000000002002c3a4        0x0 ../CPU1_lab3_1_bsp/\libucosii_bsp.a(alt_dev_llist_insert.o)
 .data          0x000000002002c3a4        0x0 ../CPU1_lab3_1_bsp/\libucosii_bsp.a(alt_do_ctors.o)
 .data          0x000000002002c3a4        0x0 ../CPU1_lab3_1_bsp/\libucosii_bsp.a(alt_do_dtors.o)
 .data          0x000000002002c3a4        0x0 ../CPU1_lab3_1_bsp/\libucosii_bsp.a(alt_errno.o)
 .data          0x000000002002c3a4        0x0 ../CPU1_lab3_1_bsp/\libucosii_bsp.a(alt_exception_entry.o)
 .data          0x000000002002c3a4        0x0 ../CPU1_lab3_1_bsp/\libucosii_bsp.a(alt_find_dev.o)
 .data          0x000000002002c3a4        0x0 ../CPU1_lab3_1_bsp/\libucosii_bsp.a(alt_icache_flush_all.o)
 .data          0x000000002002c3a4        0x0 ../CPU1_lab3_1_bsp/\libucosii_bsp.a(alt_instruction_exception_entry.o)
 .data          0x000000002002c3a4        0x0 ../CPU1_lab3_1_bsp/\libucosii_bsp.a(alt_io_redirect.o)
 .data          0x000000002002c3a4        0x0 ../CPU1_lab3_1_bsp/\libucosii_bsp.a(alt_open.o)
 .data          0x000000002002c3a4        0x0 ../CPU1_lab3_1_bsp/\libucosii_bsp.a(alt_release_fd.o)
 .data          0x000000002002c3a4        0x0 ../CPU1_lab3_1_bsp/\libucosii_bsp.a(alt_tick.o)
 .data          0x000000002002c3a4        0x0 ../CPU1_lab3_1_bsp/\libucosii_bsp.a(altera_nios2_gen2_irq.o)
 .data          0x000000002002c3a4        0x0 ../CPU1_lab3_1_bsp/\libucosii_bsp.a(os_cpu_a.o)
 .data          0x000000002002c3a4        0x0 ../CPU1_lab3_1_bsp/\libucosii_bsp.a(os_cpu_c.o)
 .data          0x000000002002c3a4        0x0 ../CPU1_lab3_1_bsp/\libucosii_bsp.a(alt_find_file.o)
 .data          0x000000002002c3a4        0x0 ../CPU1_lab3_1_bsp/\libucosii_bsp.a(alt_get_fd.o)
 .data          0x000000002002c3a4        0x0 ../CPU1_lab3_1_bsp/\libucosii_bsp.a(alt_icache_flush.o)
 .data          0x000000002002c3a4        0x0 c:/intelfpga_lite/18.0/nios2eds/bin/gnu/h-x86_64-mingw32/bin/../lib/gcc/nios2-elf/5.3.0/../../../../../H-x86_64-mingw32/nios2-elf/lib\libc.a(lib_a-atexit.o)
 .data          0x000000002002c3a4        0x0 c:/intelfpga_lite/18.0/nios2eds/bin/gnu/h-x86_64-mingw32/bin/../lib/gcc/nios2-elf/5.3.0/../../../../../H-x86_64-mingw32/nios2-elf/lib\libc.a(lib_a-exit.o)
 .data          0x000000002002c3a4        0x0 c:/intelfpga_lite/18.0/nios2eds/bin/gnu/h-x86_64-mingw32/bin/../lib/gcc/nios2-elf/5.3.0/../../../../../H-x86_64-mingw32/nios2-elf/lib\libc.a(lib_a-impure.o)
 .data.impure_data
                0x000000002002c3a4      0x424 c:/intelfpga_lite/18.0/nios2eds/bin/gnu/h-x86_64-mingw32/bin/../lib/gcc/nios2-elf/5.3.0/../../../../../H-x86_64-mingw32/nios2-elf/lib\libc.a(lib_a-impure.o)
 .data          0x000000002002c7c8        0x0 c:/intelfpga_lite/18.0/nios2eds/bin/gnu/h-x86_64-mingw32/bin/../lib/gcc/nios2-elf/5.3.0/../../../../../H-x86_64-mingw32/nios2-elf/lib\libc.a(lib_a-int_errno.o)
 .data          0x000000002002c7c8        0x0 c:/intelfpga_lite/18.0/nios2eds/bin/gnu/h-x86_64-mingw32/bin/../lib/gcc/nios2-elf/5.3.0/../../../../../H-x86_64-mingw32/nios2-elf/lib\libc.a(lib_a-memcmp.o)
 .data          0x000000002002c7c8        0x0 c:/intelfpga_lite/18.0/nios2eds/bin/gnu/h-x86_64-mingw32/bin/../lib/gcc/nios2-elf/5.3.0/../../../../../H-x86_64-mingw32/nios2-elf/lib\libc.a(lib_a-memcpy.o)
 .data          0x000000002002c7c8        0x0 c:/intelfpga_lite/18.0/nios2eds/bin/gnu/h-x86_64-mingw32/bin/../lib/gcc/nios2-elf/5.3.0/../../../../../H-x86_64-mingw32/nios2-elf/lib\libc.a(lib_a-memset.o)
 .data          0x000000002002c7c8        0x0 c:/intelfpga_lite/18.0/nios2eds/bin/gnu/h-x86_64-mingw32/bin/../lib/gcc/nios2-elf/5.3.0/../../../../../H-x86_64-mingw32/nios2-elf/lib\libc.a(lib_a-strlen.o)
 .data          0x000000002002c7c8        0x0 c:/intelfpga_lite/18.0/nios2eds/bin/gnu/h-x86_64-mingw32/bin/../lib/gcc/nios2-elf/5.3.0/../../../../../H-x86_64-mingw32/nios2-elf/lib\libc.a(lib_a-__atexit.o)
 .data          0x000000002002c7c8        0x0 c:/intelfpga_lite/18.0/nios2eds/bin/gnu/h-x86_64-mingw32/bin/../lib/gcc/nios2-elf/5.3.0/../../../../../H-x86_64-mingw32/nios2-elf/lib\libc.a(lib_a-__call_atexit.o)
 .data          0x000000002002c7c8        0x0 c:/intelfpga_lite/18.0/nios2eds/bin/gnu/h-x86_64-mingw32/bin/../lib/gcc/nios2-elf/5.3.0\libgcc.a(lib2-divmod.o)
 .data          0x000000002002c7c8        0x0 ../CPU1_lab3_1_bsp/\libucosii_bsp.a(alt_exit.o)
                0x00000000200347c8                _gp = ABSOLUTE ((. + 0x8000))
                [!provide]                        PROVIDE (gp, _gp)
 *(.rwdata .rwdata.*)
 *(.sdata .sdata.* .gnu.linkonce.s.*)
 .sdata         0x000000002002c7c8        0x4 ../CPU1_lab3_1_bsp/\libucosii_bsp.a(alt_irq_vars.o)
                0x000000002002c7c8                alt_priority_mask
 .sdata         0x000000002002c7cc        0x4 ../CPU1_lab3_1_bsp/\libucosii_bsp.a(alt_env_lock.o)
 .sdata         0x000000002002c7d0        0x4 ../CPU1_lab3_1_bsp/\libucosii_bsp.a(alt_malloc_lock.o)
 .sdata         0x000000002002c7d4       0x72 ../CPU1_lab3_1_bsp/\libucosii_bsp.a(os_dbg.o)
                0x000000002002c7d4                OSDebugEn
                0x000000002002c7d8                OSEndiannessTest
                0x000000002002c7dc                OSEventEn
                0x000000002002c7de                OSEventMax
                0x000000002002c7e0                OSEventNameSize
                0x000000002002c7e2                OSEventSize
                0x000000002002c7e4                OSEventTblSize
                0x000000002002c7e6                OSEventMultiEn
                0x000000002002c7e8                OSFlagEn
                0x000000002002c7ea                OSFlagGrpSize
                0x000000002002c7ec                OSFlagNodeSize
                0x000000002002c7ee                OSFlagWidth
                0x000000002002c7f0                OSFlagMax
                0x000000002002c7f2                OSFlagNameSize
                0x000000002002c7f4                OSLowestPrio
                0x000000002002c7f6                OSMboxEn
                0x000000002002c7f8                OSMemEn
                0x000000002002c7fa                OSMemMax
                0x000000002002c7fc                OSMemNameSize
                0x000000002002c7fe                OSMemSize
                0x000000002002c800                OSMemTblSize
                0x000000002002c802                OSMutexEn
                0x000000002002c804                OSPtrSize
                0x000000002002c806                OSQEn
                0x000000002002c808                OSQMax
                0x000000002002c80a                OSQSize
                0x000000002002c80c                OSRdyTblSize
                0x000000002002c80e                OSSemEn
                0x000000002002c810                OSStkWidth
                0x000000002002c812                OSTaskCreateEn
                0x000000002002c814                OSTaskCreateExtEn
                0x000000002002c816                OSTaskDelEn
                0x000000002002c818                OSTaskIdleStkSize
                0x000000002002c81a                OSTaskProfileEn
                0x000000002002c81c                OSTaskMax
                0x000000002002c81e                OSTaskNameSize
                0x000000002002c820                OSTaskStatEn
                0x000000002002c822                OSTaskStatStkSize
                0x000000002002c824                OSTaskStatStkChkEn
                0x000000002002c826                OSTaskSwHookEn
                0x000000002002c828                OSTCBPrioTblMax
                0x000000002002c82a                OSTCBSize
                0x000000002002c82c                OSTicksPerSec
                0x000000002002c82e                OSTimeTickHookEn
                0x000000002002c830                OSVersionNbr
                0x000000002002c832                OSTmrEn
                0x000000002002c834                OSTmrCfgMax
                0x000000002002c836                OSTmrCfgNameSize
                0x000000002002c838                OSTmrCfgWheelSize
                0x000000002002c83a                OSTmrCfgTicksPerSec
                0x000000002002c83c                OSTmrSize
                0x000000002002c83e                OSTmrTblSize
                0x000000002002c840                OSTmrWheelSize
                0x000000002002c842                OSTmrWheelTblSize
                0x000000002002c844                OSDataSize
 *fill*         0x000000002002c846        0x2 
 .sdata         0x000000002002c848        0x8 ../CPU1_lab3_1_bsp/\libucosii_bsp.a(altera_avalon_mutex.o)
                0x000000002002c848                alt_mutex_list
 .sdata         0x000000002002c850       0x14 ../CPU1_lab3_1_bsp/\libucosii_bsp.a(alt_dev.o)
                0x000000002002c850                alt_fs_list
                0x000000002002c858                alt_dev_list
                0x000000002002c860                alt_max_fd
 .sdata         0x000000002002c864        0x4 ../CPU1_lab3_1_bsp/\libucosii_bsp.a(alt_errno.o)
                0x000000002002c864                alt_errno
 .sdata         0x000000002002c868        0x8 ../CPU1_lab3_1_bsp/\libucosii_bsp.a(alt_tick.o)
                0x000000002002c868                alt_alarm_list
 .sdata._global_impure_ptr
                0x000000002002c870        0x4 c:/intelfpga_lite/18.0/nios2eds/bin/gnu/h-x86_64-mingw32/bin/../lib/gcc/nios2-elf/5.3.0/../../../../../H-x86_64-mingw32/nios2-elf/lib\libc.a(lib_a-impure.o)
                0x000000002002c870                _global_impure_ptr
 .sdata._impure_ptr
                0x000000002002c874        0x4 c:/intelfpga_lite/18.0/nios2eds/bin/gnu/h-x86_64-mingw32/bin/../lib/gcc/nios2-elf/5.3.0/../../../../../H-x86_64-mingw32/nios2-elf/lib\libc.a(lib_a-impure.o)
                0x000000002002c874                _impure_ptr
 *(.sdata2 .sdata2.* .gnu.linkonce.s2.*)
                0x000000002002c878                . = ALIGN (0x4)
                0x000000002002c878                _edata = ABSOLUTE (.)
                [!provide]                        PROVIDE (edata, ABSOLUTE (.))
                0x000000002002c878                PROVIDE (__ram_rwdata_end, ABSOLUTE (.))
                0x000000002002c878                PROVIDE (__flash_rwdata_start, LOADADDR (.rwdata))

.bss            0x000000002002df74     0x3bb4
                0x000000002002df74                __bss_start = ABSOLUTE (.)
                [!provide]                        PROVIDE (__sbss_start, ABSOLUTE (.))
                [!provide]                        PROVIDE (___sbss_start, ABSOLUTE (.))
 *(.dynsbss)
 *(.sbss .sbss.* .gnu.linkonce.sb.*)
 .sbss          0x000000002002df74        0x5 obj/default/CPU1_main.o
                0x000000002002df74                milliseconds
                0x000000002002df78                time_elapsed
 *fill*         0x000000002002df79        0x3 
 .sbss          0x000000002002df7c        0x4 obj/default/CPU1_main.o
                0x000000002002df7c                mutex
 .sbss          0x000000002002df80        0x4 ../CPU1_lab3_1_bsp/\libucosii_bsp.a(alt_irq_vars.o)
                0x000000002002df80                alt_irq_active
 .sbss          0x000000002002df84        0xc ../CPU1_lab3_1_bsp/\libucosii_bsp.a(alt_main.o)
                0x000000002002df84                alt_argc
                0x000000002002df88                alt_argv
                0x000000002002df8c                alt_envp
 .sbss          0x000000002002df90        0x8 ../CPU1_lab3_1_bsp/\libucosii_bsp.a(alt_env_lock.o)
                0x000000002002df94                alt_envsem
 .sbss          0x000000002002df98        0x8 ../CPU1_lab3_1_bsp/\libucosii_bsp.a(alt_malloc_lock.o)
                0x000000002002df9c                alt_heapsem
 .sbss          0x000000002002dfa0       0x50 ../CPU1_lab3_1_bsp/\libucosii_bsp.a(os_core.o)
                0x000000002002dfa0                OSLockNesting
                0x000000002002dfa1                OSRunning
                0x000000002002dfa4                OSIdleCtr
                0x000000002002dfa8                OSPrioHighRdy
                0x000000002002dfa9                OSPrioCur
                0x000000002002dfac                OSTCBList
                0x000000002002dfb0                OSTickStepState
                0x000000002002dfb4                OSCtxSwCtr
                0x000000002002dfb8                OSIdleCtrMax
                0x000000002002dfbc                OSTCBFreeList
                0x000000002002dfc0                OSCPUUsage
                0x000000002002dfc1                OSTaskCtr
                0x000000002002dfc4                OSMemFreeList
                0x000000002002dfc8                OSTCBHighRdy
                0x000000002002dfcc                OSQFreeList
                0x000000002002dfd0                OSRdyGrp
                0x000000002002dfd1                OSRdyTbl
                0x000000002002dfd4                OSEventFreeList
                0x000000002002dfd8                OSIntNesting
                0x000000002002dfdc                OSTCBCur
                0x000000002002dfe0                OSTime
                0x000000002002dfe4                OSFlagFreeList
                0x000000002002dfe8                OSStatRdy
                0x000000002002dfec                OSIdleCtrRun
 .sbss          0x000000002002dff0        0x4 ../CPU1_lab3_1_bsp/\libucosii_bsp.a(alt_dev.o)
                0x000000002002dff0                alt_fd_list_lock
 .sbss          0x000000002002dff4        0x4 ../CPU1_lab3_1_bsp/\libucosii_bsp.a(alt_instruction_exception_entry.o)
                0x000000002002dff4                alt_instruction_exception_handler
 .sbss          0x000000002002dff8        0x8 ../CPU1_lab3_1_bsp/\libucosii_bsp.a(alt_tick.o)
                0x000000002002dff8                _alt_tick_rate
                0x000000002002dffc                _alt_nticks
 .sbss          0x000000002002e000        0x4 c:/intelfpga_lite/18.0/nios2eds/bin/gnu/h-x86_64-mingw32/bin/../lib/gcc/nios2-elf/5.3.0/../../../../../H-x86_64-mingw32/nios2-elf/lib\libc.a(lib_a-int_errno.o)
                0x000000002002e000                errno
 *(.sbss2 .sbss2.* .gnu.linkonce.sb2.*)
 *(.scommon)
                [!provide]                        PROVIDE (__sbss_end, ABSOLUTE (.))
                [!provide]                        PROVIDE (___sbss_end, ABSOLUTE (.))
 *(.dynbss)
 *(.bss .bss.* .gnu.linkonce.b.*)
 .bss           0x000000002002e004        0x0 ../CPU1_lab3_1_bsp//obj/HAL/src/crt0.o
 .bss           0x000000002002e004        0x0 obj/default/CPU1_main.o
 .bss           0x000000002002e004        0x0 ../CPU1_lab3_1_bsp/\libucosii_bsp.a(alt_iic.o)
 .bss           0x000000002002e004        0x0 ../CPU1_lab3_1_bsp/\libucosii_bsp.a(alt_iic_isr_register.o)
 .bss           0x000000002002e004        0x0 ../CPU1_lab3_1_bsp/\libucosii_bsp.a(alt_irq_entry.o)
 .bss           0x000000002002e004        0x0 ../CPU1_lab3_1_bsp/\libucosii_bsp.a(alt_irq_handler.o)
 .bss           0x000000002002e004        0x0 ../CPU1_lab3_1_bsp/\libucosii_bsp.a(alt_irq_vars.o)
 .bss           0x000000002002e004        0x0 ../CPU1_lab3_1_bsp/\libucosii_bsp.a(alt_load.o)
 .bss           0x000000002002e004        0x0 ../CPU1_lab3_1_bsp/\libucosii_bsp.a(alt_main.o)
 .bss           0x000000002002e004        0x0 ../CPU1_lab3_1_bsp/\libucosii_bsp.a(alt_env_lock.o)
 .bss           0x000000002002e004        0x0 ../CPU1_lab3_1_bsp/\libucosii_bsp.a(alt_malloc_lock.o)
 .bss           0x000000002002e004        0x0 ../CPU1_lab3_1_bsp/\libucosii_bsp.a(os_core.o)
 .bss           0x000000002002e004        0x0 ../CPU1_lab3_1_bsp/\libucosii_bsp.a(os_dbg.o)
 .bss           0x000000002002e004        0x0 ../CPU1_lab3_1_bsp/\libucosii_bsp.a(os_flag.o)
 .bss           0x000000002002e004        0x0 ../CPU1_lab3_1_bsp/\libucosii_bsp.a(os_mem.o)
 .bss           0x000000002002e004        0x0 ../CPU1_lab3_1_bsp/\libucosii_bsp.a(os_q.o)
 .bss           0x000000002002e004        0x0 ../CPU1_lab3_1_bsp/\libucosii_bsp.a(os_sem.o)
 .bss           0x000000002002e004        0x0 ../CPU1_lab3_1_bsp/\libucosii_bsp.a(os_task.o)
 .bss           0x000000002002e004        0x0 ../CPU1_lab3_1_bsp/\libucosii_bsp.a(os_time.o)
 .bss           0x000000002002e004        0x0 ../CPU1_lab3_1_bsp/\libucosii_bsp.a(alt_sys_init.o)
 .bss           0x000000002002e004        0x0 ../CPU1_lab3_1_bsp/\libucosii_bsp.a(altera_avalon_jtag_uart_fd.o)
 .bss           0x000000002002e004        0x0 ../CPU1_lab3_1_bsp/\libucosii_bsp.a(altera_avalon_jtag_uart_init.o)
 .bss           0x000000002002e004        0x0 ../CPU1_lab3_1_bsp/\libucosii_bsp.a(altera_avalon_jtag_uart_ioctl.o)
 .bss           0x000000002002e004        0x0 ../CPU1_lab3_1_bsp/\libucosii_bsp.a(altera_avalon_jtag_uart_read.o)
 .bss           0x000000002002e004        0x0 ../CPU1_lab3_1_bsp/\libucosii_bsp.a(altera_avalon_jtag_uart_write.o)
 .bss           0x000000002002e004        0x0 ../CPU1_lab3_1_bsp/\libucosii_bsp.a(altera_avalon_mutex.o)
 .bss           0x000000002002e004        0x0 ../CPU1_lab3_1_bsp/\libucosii_bsp.a(altera_avalon_timer_sc.o)
 .bss           0x000000002002e004        0x0 ../CPU1_lab3_1_bsp/\libucosii_bsp.a(alt_alarm_start.o)
 .bss           0x000000002002e004        0x0 ../CPU1_lab3_1_bsp/\libucosii_bsp.a(alt_close.o)
 .bss           0x000000002002e004        0x0 ../CPU1_lab3_1_bsp/\libucosii_bsp.a(alt_dcache_flush_all.o)
 .bss           0x000000002002e004        0x0 ../CPU1_lab3_1_bsp/\libucosii_bsp.a(alt_dev.o)
 .bss           0x000000002002e004        0x0 ../CPU1_lab3_1_bsp/\libucosii_bsp.a(alt_dev_llist_insert.o)
 .bss           0x000000002002e004        0x0 ../CPU1_lab3_1_bsp/\libucosii_bsp.a(alt_do_ctors.o)
 .bss           0x000000002002e004        0x0 ../CPU1_lab3_1_bsp/\libucosii_bsp.a(alt_do_dtors.o)
 .bss           0x000000002002e004        0x0 ../CPU1_lab3_1_bsp/\libucosii_bsp.a(alt_errno.o)
 .bss           0x000000002002e004        0x0 ../CPU1_lab3_1_bsp/\libucosii_bsp.a(alt_exception_entry.o)
 .bss           0x000000002002e004        0x0 ../CPU1_lab3_1_bsp/\libucosii_bsp.a(alt_find_dev.o)
 .bss           0x000000002002e004        0x0 ../CPU1_lab3_1_bsp/\libucosii_bsp.a(alt_icache_flush_all.o)
 .bss           0x000000002002e004        0x0 ../CPU1_lab3_1_bsp/\libucosii_bsp.a(alt_instruction_exception_entry.o)
 .bss           0x000000002002e004        0x0 ../CPU1_lab3_1_bsp/\libucosii_bsp.a(alt_io_redirect.o)
 .bss           0x000000002002e004        0x0 ../CPU1_lab3_1_bsp/\libucosii_bsp.a(alt_open.o)
 .bss           0x000000002002e004        0x0 ../CPU1_lab3_1_bsp/\libucosii_bsp.a(alt_release_fd.o)
 .bss           0x000000002002e004        0x0 ../CPU1_lab3_1_bsp/\libucosii_bsp.a(alt_tick.o)
 .bss           0x000000002002e004        0x0 ../CPU1_lab3_1_bsp/\libucosii_bsp.a(altera_nios2_gen2_irq.o)
 .bss           0x000000002002e004        0x0 ../CPU1_lab3_1_bsp/\libucosii_bsp.a(os_cpu_a.o)
 .bss           0x000000002002e004        0x0 ../CPU1_lab3_1_bsp/\libucosii_bsp.a(os_cpu_c.o)
 .bss           0x000000002002e004        0x0 ../CPU1_lab3_1_bsp/\libucosii_bsp.a(alt_find_file.o)
 .bss           0x000000002002e004        0x0 ../CPU1_lab3_1_bsp/\libucosii_bsp.a(alt_get_fd.o)
 .bss           0x000000002002e004        0x0 ../CPU1_lab3_1_bsp/\libucosii_bsp.a(alt_icache_flush.o)
 .bss           0x000000002002e004        0x0 c:/intelfpga_lite/18.0/nios2eds/bin/gnu/h-x86_64-mingw32/bin/../lib/gcc/nios2-elf/5.3.0/../../../../../H-x86_64-mingw32/nios2-elf/lib\libc.a(lib_a-atexit.o)
 .bss           0x000000002002e004        0x0 c:/intelfpga_lite/18.0/nios2eds/bin/gnu/h-x86_64-mingw32/bin/../lib/gcc/nios2-elf/5.3.0/../../../../../H-x86_64-mingw32/nios2-elf/lib\libc.a(lib_a-exit.o)
 .bss           0x000000002002e004        0x0 c:/intelfpga_lite/18.0/nios2eds/bin/gnu/h-x86_64-mingw32/bin/../lib/gcc/nios2-elf/5.3.0/../../../../../H-x86_64-mingw32/nios2-elf/lib\libc.a(lib_a-impure.o)
 .bss           0x000000002002e004        0x0 c:/intelfpga_lite/18.0/nios2eds/bin/gnu/h-x86_64-mingw32/bin/../lib/gcc/nios2-elf/5.3.0/../../../../../H-x86_64-mingw32/nios2-elf/lib\libc.a(lib_a-int_errno.o)
 .bss           0x000000002002e004        0x0 c:/intelfpga_lite/18.0/nios2eds/bin/gnu/h-x86_64-mingw32/bin/../lib/gcc/nios2-elf/5.3.0/../../../../../H-x86_64-mingw32/nios2-elf/lib\libc.a(lib_a-memcmp.o)
 .bss           0x000000002002e004        0x0 c:/intelfpga_lite/18.0/nios2eds/bin/gnu/h-x86_64-mingw32/bin/../lib/gcc/nios2-elf/5.3.0/../../../../../H-x86_64-mingw32/nios2-elf/lib\libc.a(lib_a-memcpy.o)
 .bss           0x000000002002e004        0x0 c:/intelfpga_lite/18.0/nios2eds/bin/gnu/h-x86_64-mingw32/bin/../lib/gcc/nios2-elf/5.3.0/../../../../../H-x86_64-mingw32/nios2-elf/lib\libc.a(lib_a-memset.o)
 .bss           0x000000002002e004        0x0 c:/intelfpga_lite/18.0/nios2eds/bin/gnu/h-x86_64-mingw32/bin/../lib/gcc/nios2-elf/5.3.0/../../../../../H-x86_64-mingw32/nios2-elf/lib\libc.a(lib_a-strlen.o)
 .bss           0x000000002002e004        0x0 c:/intelfpga_lite/18.0/nios2eds/bin/gnu/h-x86_64-mingw32/bin/../lib/gcc/nios2-elf/5.3.0/../../../../../H-x86_64-mingw32/nios2-elf/lib\libc.a(lib_a-__atexit.o)
 .bss           0x000000002002e004        0x0 c:/intelfpga_lite/18.0/nios2eds/bin/gnu/h-x86_64-mingw32/bin/../lib/gcc/nios2-elf/5.3.0/../../../../../H-x86_64-mingw32/nios2-elf/lib\libc.a(lib_a-__call_atexit.o)
 .bss           0x000000002002e004        0x0 c:/intelfpga_lite/18.0/nios2eds/bin/gnu/h-x86_64-mingw32/bin/../lib/gcc/nios2-elf/5.3.0\libgcc.a(lib2-divmod.o)
 .bss           0x000000002002e004        0x0 ../CPU1_lab3_1_bsp/\libucosii_bsp.a(alt_exit.o)
 *(COMMON)
 COMMON         0x000000002002e004      0x800 obj/default/CPU1_main.o
                0x000000002002e004                task_leds_stack
 COMMON         0x000000002002e804      0x100 ../CPU1_lab3_1_bsp/\libucosii_bsp.a(alt_irq_handler.o)
                0x000000002002e804                alt_irq
 COMMON         0x000000002002e904     0x3224 ../CPU1_lab3_1_bsp/\libucosii_bsp.a(os_core.o)
                0x000000002002e904                OSFlagTbl
                0x000000002002ec74                OSMemTbl
                0x000000002002f8a4                OSTaskStatStk
                0x00000000200300a4                OSQTbl
                0x0000000020030284                OSTaskIdleStk
                0x0000000020030a84                OSEventTbl
                0x00000000200315c4                OSTCBTbl
                0x0000000020031ad4                OSTCBPrioTbl
                0x0000000020031b28                . = ALIGN (0x4)
                0x0000000020031b28                __bss_end = ABSOLUTE (.)

.sdram_controller
                0x0000000010000000        0x0 load address 0x0000000020031b28
                [!provide]                        PROVIDE (_alt_partition_sdram_controller_start, ABSOLUTE (.))
 *(.sdram_controller .sdram_controller. sdram_controller.*)
                0x0000000010000000                . = ALIGN (0x4)
                [!provide]                        PROVIDE (_alt_partition_sdram_controller_end, ABSOLUTE (.))
                [!provide]                        PROVIDE (_alt_partition_sdram_controller_load_addr, LOADADDR (.sdram_controller))

.CPU_1_0_onchip_memory2_0
                0x0000000020031b28        0x0
                [!provide]                        PROVIDE (_alt_partition_CPU_1_0_onchip_memory2_0_start, ABSOLUTE (.))
 *(.CPU_1_0_onchip_memory2_0 .CPU_1_0_onchip_memory2_0. CPU_1_0_onchip_memory2_0.*)
                0x0000000020031b28                . = ALIGN (0x4)
                [!provide]                        PROVIDE (_alt_partition_CPU_1_0_onchip_memory2_0_end, ABSOLUTE (.))
                0x0000000020031b28                _end = ABSOLUTE (.)
                0x0000000020031b28                end = ABSOLUTE (.)
                0x0000000020031b28                __alt_stack_base = ABSOLUTE (.)
                [!provide]                        PROVIDE (_alt_partition_CPU_1_0_onchip_memory2_0_load_addr, LOADADDR (.CPU_1_0_onchip_memory2_0))

.stab
 *(.stab)

.stabstr
 *(.stabstr)

.stab.excl
 *(.stab.excl)

.stab.exclstr
 *(.stab.exclstr)

.stab.index
 *(.stab.index)

.stab.indexstr
 *(.stab.indexstr)

.comment        0x0000000000000000       0x23
 *(.comment)
 .comment       0x0000000000000000       0x23 obj/default/CPU1_main.o
                                         0x24 (size before relaxing)
 .comment       0x0000000000000023       0x24 ../CPU1_lab3_1_bsp/\libucosii_bsp.a(alt_iic.o)
 .comment       0x0000000000000023       0x24 ../CPU1_lab3_1_bsp/\libucosii_bsp.a(alt_iic_isr_register.o)
 .comment       0x0000000000000023       0x24 ../CPU1_lab3_1_bsp/\libucosii_bsp.a(alt_irq_handler.o)
 .comment       0x0000000000000023       0x24 ../CPU1_lab3_1_bsp/\libucosii_bsp.a(alt_irq_vars.o)
 .comment       0x0000000000000023       0x24 ../CPU1_lab3_1_bsp/\libucosii_bsp.a(alt_load.o)
 .comment       0x0000000000000023       0x24 ../CPU1_lab3_1_bsp/\libucosii_bsp.a(alt_main.o)
 .comment       0x0000000000000023       0x24 ../CPU1_lab3_1_bsp/\libucosii_bsp.a(alt_env_lock.o)
 .comment       0x0000000000000023       0x24 ../CPU1_lab3_1_bsp/\libucosii_bsp.a(alt_malloc_lock.o)
 .comment       0x0000000000000023       0x24 ../CPU1_lab3_1_bsp/\libucosii_bsp.a(os_core.o)
 .comment       0x0000000000000023       0x24 ../CPU1_lab3_1_bsp/\libucosii_bsp.a(os_dbg.o)
 .comment       0x0000000000000023       0x24 ../CPU1_lab3_1_bsp/\libucosii_bsp.a(os_flag.o)
 .comment       0x0000000000000023       0x24 ../CPU1_lab3_1_bsp/\libucosii_bsp.a(os_mem.o)
 .comment       0x0000000000000023       0x24 ../CPU1_lab3_1_bsp/\libucosii_bsp.a(os_q.o)
 .comment       0x0000000000000023       0x24 ../CPU1_lab3_1_bsp/\libucosii_bsp.a(os_sem.o)
 .comment       0x0000000000000023       0x24 ../CPU1_lab3_1_bsp/\libucosii_bsp.a(os_task.o)
 .comment       0x0000000000000023       0x24 ../CPU1_lab3_1_bsp/\libucosii_bsp.a(os_time.o)
 .comment       0x0000000000000023       0x24 ../CPU1_lab3_1_bsp/\libucosii_bsp.a(alt_sys_init.o)
 .comment       0x0000000000000023       0x24 ../CPU1_lab3_1_bsp/\libucosii_bsp.a(altera_avalon_jtag_uart_fd.o)
 .comment       0x0000000000000023       0x24 ../CPU1_lab3_1_bsp/\libucosii_bsp.a(altera_avalon_jtag_uart_init.o)
 .comment       0x0000000000000023       0x24 ../CPU1_lab3_1_bsp/\libucosii_bsp.a(altera_avalon_jtag_uart_ioctl.o)
 .comment       0x0000000000000023       0x24 ../CPU1_lab3_1_bsp/\libucosii_bsp.a(altera_avalon_jtag_uart_read.o)
 .comment       0x0000000000000023       0x24 ../CPU1_lab3_1_bsp/\libucosii_bsp.a(altera_avalon_jtag_uart_write.o)
 .comment       0x0000000000000023       0x24 ../CPU1_lab3_1_bsp/\libucosii_bsp.a(altera_avalon_mutex.o)
 .comment       0x0000000000000023       0x24 ../CPU1_lab3_1_bsp/\libucosii_bsp.a(altera_avalon_timer_sc.o)
 .comment       0x0000000000000023       0x24 ../CPU1_lab3_1_bsp/\libucosii_bsp.a(alt_alarm_start.o)
 .comment       0x0000000000000023       0x24 ../CPU1_lab3_1_bsp/\libucosii_bsp.a(alt_close.o)
 .comment       0x0000000000000023       0x24 ../CPU1_lab3_1_bsp/\libucosii_bsp.a(alt_dcache_flush_all.o)
 .comment       0x0000000000000023       0x24 ../CPU1_lab3_1_bsp/\libucosii_bsp.a(alt_dev.o)
 .comment       0x0000000000000023       0x24 ../CPU1_lab3_1_bsp/\libucosii_bsp.a(alt_dev_llist_insert.o)
 .comment       0x0000000000000023       0x24 ../CPU1_lab3_1_bsp/\libucosii_bsp.a(alt_do_ctors.o)
 .comment       0x0000000000000023       0x24 ../CPU1_lab3_1_bsp/\libucosii_bsp.a(alt_do_dtors.o)
 .comment       0x0000000000000023       0x24 ../CPU1_lab3_1_bsp/\libucosii_bsp.a(alt_errno.o)
 .comment       0x0000000000000023       0x24 ../CPU1_lab3_1_bsp/\libucosii_bsp.a(alt_find_dev.o)
 .comment       0x0000000000000023       0x24 ../CPU1_lab3_1_bsp/\libucosii_bsp.a(alt_icache_flush_all.o)
 .comment       0x0000000000000023       0x24 ../CPU1_lab3_1_bsp/\libucosii_bsp.a(alt_instruction_exception_entry.o)
 .comment       0x0000000000000023       0x24 ../CPU1_lab3_1_bsp/\libucosii_bsp.a(alt_io_redirect.o)
 .comment       0x0000000000000023       0x24 ../CPU1_lab3_1_bsp/\libucosii_bsp.a(alt_open.o)
 .comment       0x0000000000000023       0x24 ../CPU1_lab3_1_bsp/\libucosii_bsp.a(alt_release_fd.o)
 .comment       0x0000000000000023       0x24 ../CPU1_lab3_1_bsp/\libucosii_bsp.a(alt_tick.o)
 .comment       0x0000000000000023       0x24 ../CPU1_lab3_1_bsp/\libucosii_bsp.a(altera_nios2_gen2_irq.o)
 .comment       0x0000000000000023       0x24 ../CPU1_lab3_1_bsp/\libucosii_bsp.a(os_cpu_c.o)
 .comment       0x0000000000000023       0x24 ../CPU1_lab3_1_bsp/\libucosii_bsp.a(alt_find_file.o)
 .comment       0x0000000000000023       0x24 ../CPU1_lab3_1_bsp/\libucosii_bsp.a(alt_get_fd.o)
 .comment       0x0000000000000023       0x24 ../CPU1_lab3_1_bsp/\libucosii_bsp.a(alt_icache_flush.o)
 .comment       0x0000000000000023       0x24 c:/intelfpga_lite/18.0/nios2eds/bin/gnu/h-x86_64-mingw32/bin/../lib/gcc/nios2-elf/5.3.0/../../../../../H-x86_64-mingw32/nios2-elf/lib\libc.a(lib_a-atexit.o)
 .comment       0x0000000000000023       0x24 c:/intelfpga_lite/18.0/nios2eds/bin/gnu/h-x86_64-mingw32/bin/../lib/gcc/nios2-elf/5.3.0/../../../../../H-x86_64-mingw32/nios2-elf/lib\libc.a(lib_a-exit.o)
 .comment       0x0000000000000023       0x24 c:/intelfpga_lite/18.0/nios2eds/bin/gnu/h-x86_64-mingw32/bin/../lib/gcc/nios2-elf/5.3.0/../../../../../H-x86_64-mingw32/nios2-elf/lib\libc.a(lib_a-impure.o)
 .comment       0x0000000000000023       0x24 c:/intelfpga_lite/18.0/nios2eds/bin/gnu/h-x86_64-mingw32/bin/../lib/gcc/nios2-elf/5.3.0/../../../../../H-x86_64-mingw32/nios2-elf/lib\libc.a(lib_a-int_errno.o)
 .comment       0x0000000000000023       0x24 c:/intelfpga_lite/18.0/nios2eds/bin/gnu/h-x86_64-mingw32/bin/../lib/gcc/nios2-elf/5.3.0/../../../../../H-x86_64-mingw32/nios2-elf/lib\libc.a(lib_a-memcmp.o)
 .comment       0x0000000000000023       0x24 c:/intelfpga_lite/18.0/nios2eds/bin/gnu/h-x86_64-mingw32/bin/../lib/gcc/nios2-elf/5.3.0/../../../../../H-x86_64-mingw32/nios2-elf/lib\libc.a(lib_a-memcpy.o)
 .comment       0x0000000000000023       0x24 c:/intelfpga_lite/18.0/nios2eds/bin/gnu/h-x86_64-mingw32/bin/../lib/gcc/nios2-elf/5.3.0/../../../../../H-x86_64-mingw32/nios2-elf/lib\libc.a(lib_a-memset.o)
 .comment       0x0000000000000023       0x24 c:/intelfpga_lite/18.0/nios2eds/bin/gnu/h-x86_64-mingw32/bin/../lib/gcc/nios2-elf/5.3.0/../../../../../H-x86_64-mingw32/nios2-elf/lib\libc.a(lib_a-strlen.o)
 .comment       0x0000000000000023       0x24 c:/intelfpga_lite/18.0/nios2eds/bin/gnu/h-x86_64-mingw32/bin/../lib/gcc/nios2-elf/5.3.0/../../../../../H-x86_64-mingw32/nios2-elf/lib\libc.a(lib_a-__atexit.o)
 .comment       0x0000000000000023       0x24 c:/intelfpga_lite/18.0/nios2eds/bin/gnu/h-x86_64-mingw32/bin/../lib/gcc/nios2-elf/5.3.0/../../../../../H-x86_64-mingw32/nios2-elf/lib\libc.a(lib_a-__call_atexit.o)
 .comment       0x0000000000000023       0x24 c:/intelfpga_lite/18.0/nios2eds/bin/gnu/h-x86_64-mingw32/bin/../lib/gcc/nios2-elf/5.3.0\libgcc.a(lib2-divmod.o)
 .comment       0x0000000000000023       0x24 ../CPU1_lab3_1_bsp/\libucosii_bsp.a(alt_exit.o)

.debug
 *(.debug)

.line
 *(.line)

.debug_srcinfo
 *(.debug_srcinfo)

.debug_sfnames
 *(.debug_sfnames)

.debug_aranges  0x0000000000000000      0x7b8
 *(.debug_aranges)
 .debug_aranges
                0x0000000000000000       0x28 ../CPU1_lab3_1_bsp//obj/HAL/src/crt0.o
 .debug_aranges
                0x0000000000000028       0x20 obj/default/CPU1_main.o
 .debug_aranges
                0x0000000000000048       0x20 ../CPU1_lab3_1_bsp/\libucosii_bsp.a(alt_iic.o)
 .debug_aranges
                0x0000000000000068       0x20 ../CPU1_lab3_1_bsp/\libucosii_bsp.a(alt_iic_isr_register.o)
 .debug_aranges
                0x0000000000000088       0x30 ../CPU1_lab3_1_bsp/\libucosii_bsp.a(alt_irq_entry.o)
 .debug_aranges
                0x00000000000000b8       0x20 ../CPU1_lab3_1_bsp/\libucosii_bsp.a(alt_irq_handler.o)
 .debug_aranges
                0x00000000000000d8       0x18 ../CPU1_lab3_1_bsp/\libucosii_bsp.a(alt_irq_vars.o)
 .debug_aranges
                0x00000000000000f0       0x20 ../CPU1_lab3_1_bsp/\libucosii_bsp.a(alt_load.o)
 .debug_aranges
                0x0000000000000110       0x20 ../CPU1_lab3_1_bsp/\libucosii_bsp.a(alt_main.o)
 .debug_aranges
                0x0000000000000130       0x20 ../CPU1_lab3_1_bsp/\libucosii_bsp.a(alt_env_lock.o)
 .debug_aranges
                0x0000000000000150       0x20 ../CPU1_lab3_1_bsp/\libucosii_bsp.a(alt_malloc_lock.o)
 .debug_aranges
                0x0000000000000170       0x20 ../CPU1_lab3_1_bsp/\libucosii_bsp.a(os_core.o)
 .debug_aranges
                0x0000000000000190       0x20 ../CPU1_lab3_1_bsp/\libucosii_bsp.a(os_dbg.o)
 .debug_aranges
                0x00000000000001b0       0x20 ../CPU1_lab3_1_bsp/\libucosii_bsp.a(os_flag.o)
 .debug_aranges
                0x00000000000001d0       0x20 ../CPU1_lab3_1_bsp/\libucosii_bsp.a(os_mem.o)
 .debug_aranges
                0x00000000000001f0       0x20 ../CPU1_lab3_1_bsp/\libucosii_bsp.a(os_q.o)
 .debug_aranges
                0x0000000000000210       0x20 ../CPU1_lab3_1_bsp/\libucosii_bsp.a(os_sem.o)
 .debug_aranges
                0x0000000000000230       0x20 ../CPU1_lab3_1_bsp/\libucosii_bsp.a(os_task.o)
 .debug_aranges
                0x0000000000000250       0x20 ../CPU1_lab3_1_bsp/\libucosii_bsp.a(os_time.o)
 .debug_aranges
                0x0000000000000270       0x20 ../CPU1_lab3_1_bsp/\libucosii_bsp.a(alt_sys_init.o)
 .debug_aranges
                0x0000000000000290       0x20 ../CPU1_lab3_1_bsp/\libucosii_bsp.a(altera_avalon_jtag_uart_fd.o)
 .debug_aranges
                0x00000000000002b0       0x20 ../CPU1_lab3_1_bsp/\libucosii_bsp.a(altera_avalon_jtag_uart_init.o)
 .debug_aranges
                0x00000000000002d0       0x20 ../CPU1_lab3_1_bsp/\libucosii_bsp.a(altera_avalon_jtag_uart_ioctl.o)
 .debug_aranges
                0x00000000000002f0       0x20 ../CPU1_lab3_1_bsp/\libucosii_bsp.a(altera_avalon_jtag_uart_read.o)
 .debug_aranges
                0x0000000000000310       0x20 ../CPU1_lab3_1_bsp/\libucosii_bsp.a(altera_avalon_jtag_uart_write.o)
 .debug_aranges
                0x0000000000000330       0x20 ../CPU1_lab3_1_bsp/\libucosii_bsp.a(altera_avalon_mutex.o)
 .debug_aranges
                0x0000000000000350       0x20 ../CPU1_lab3_1_bsp/\libucosii_bsp.a(altera_avalon_timer_sc.o)
 .debug_aranges
                0x0000000000000370       0x20 ../CPU1_lab3_1_bsp/\libucosii_bsp.a(alt_alarm_start.o)
 .debug_aranges
                0x0000000000000390       0x20 ../CPU1_lab3_1_bsp/\libucosii_bsp.a(alt_close.o)
 .debug_aranges
                0x00000000000003b0       0x20 ../CPU1_lab3_1_bsp/\libucosii_bsp.a(alt_dcache_flush_all.o)
 .debug_aranges
                0x00000000000003d0       0x20 ../CPU1_lab3_1_bsp/\libucosii_bsp.a(alt_dev.o)
 .debug_aranges
                0x00000000000003f0       0x20 ../CPU1_lab3_1_bsp/\libucosii_bsp.a(alt_dev_llist_insert.o)
 .debug_aranges
                0x0000000000000410       0x20 ../CPU1_lab3_1_bsp/\libucosii_bsp.a(alt_do_ctors.o)
 .debug_aranges
                0x0000000000000430       0x20 ../CPU1_lab3_1_bsp/\libucosii_bsp.a(alt_do_dtors.o)
 .debug_aranges
                0x0000000000000450       0x18 ../CPU1_lab3_1_bsp/\libucosii_bsp.a(alt_errno.o)
 .debug_aranges
                0x0000000000000468       0x38 ../CPU1_lab3_1_bsp/\libucosii_bsp.a(alt_exception_entry.o)
 .debug_aranges
                0x00000000000004a0       0x20 ../CPU1_lab3_1_bsp/\libucosii_bsp.a(alt_find_dev.o)
 .debug_aranges
                0x00000000000004c0       0x20 ../CPU1_lab3_1_bsp/\libucosii_bsp.a(alt_icache_flush_all.o)
 .debug_aranges
                0x00000000000004e0       0x28 ../CPU1_lab3_1_bsp/\libucosii_bsp.a(alt_instruction_exception_entry.o)
 .debug_aranges
                0x0000000000000508       0x20 ../CPU1_lab3_1_bsp/\libucosii_bsp.a(alt_io_redirect.o)
 .debug_aranges
                0x0000000000000528       0x20 ../CPU1_lab3_1_bsp/\libucosii_bsp.a(alt_open.o)
 .debug_aranges
                0x0000000000000548       0x20 ../CPU1_lab3_1_bsp/\libucosii_bsp.a(alt_release_fd.o)
 .debug_aranges
                0x0000000000000568       0x20 ../CPU1_lab3_1_bsp/\libucosii_bsp.a(alt_tick.o)
 .debug_aranges
                0x0000000000000588       0x20 ../CPU1_lab3_1_bsp/\libucosii_bsp.a(altera_nios2_gen2_irq.o)
 .debug_aranges
                0x00000000000005a8       0x20 ../CPU1_lab3_1_bsp/\libucosii_bsp.a(os_cpu_a.o)
 .debug_aranges
                0x00000000000005c8       0x20 ../CPU1_lab3_1_bsp/\libucosii_bsp.a(os_cpu_c.o)
 .debug_aranges
                0x00000000000005e8       0x20 ../CPU1_lab3_1_bsp/\libucosii_bsp.a(alt_find_file.o)
 .debug_aranges
                0x0000000000000608       0x20 ../CPU1_lab3_1_bsp/\libucosii_bsp.a(alt_get_fd.o)
 .debug_aranges
                0x0000000000000628       0x20 ../CPU1_lab3_1_bsp/\libucosii_bsp.a(alt_icache_flush.o)
 .debug_aranges
                0x0000000000000648       0x20 c:/intelfpga_lite/18.0/nios2eds/bin/gnu/h-x86_64-mingw32/bin/../lib/gcc/nios2-elf/5.3.0/../../../../../H-x86_64-mingw32/nios2-elf/lib\libc.a(lib_a-atexit.o)
 .debug_aranges
                0x0000000000000668       0x20 c:/intelfpga_lite/18.0/nios2eds/bin/gnu/h-x86_64-mingw32/bin/../lib/gcc/nios2-elf/5.3.0/../../../../../H-x86_64-mingw32/nios2-elf/lib\libc.a(lib_a-exit.o)
 .debug_aranges
                0x0000000000000688       0x18 c:/intelfpga_lite/18.0/nios2eds/bin/gnu/h-x86_64-mingw32/bin/../lib/gcc/nios2-elf/5.3.0/../../../../../H-x86_64-mingw32/nios2-elf/lib\libc.a(lib_a-impure.o)
 .debug_aranges
                0x00000000000006a0       0x18 c:/intelfpga_lite/18.0/nios2eds/bin/gnu/h-x86_64-mingw32/bin/../lib/gcc/nios2-elf/5.3.0/../../../../../H-x86_64-mingw32/nios2-elf/lib\libc.a(lib_a-int_errno.o)
 .debug_aranges
                0x00000000000006b8       0x20 c:/intelfpga_lite/18.0/nios2eds/bin/gnu/h-x86_64-mingw32/bin/../lib/gcc/nios2-elf/5.3.0/../../../../../H-x86_64-mingw32/nios2-elf/lib\libc.a(lib_a-memcmp.o)
 .debug_aranges
                0x00000000000006d8       0x20 c:/intelfpga_lite/18.0/nios2eds/bin/gnu/h-x86_64-mingw32/bin/../lib/gcc/nios2-elf/5.3.0/../../../../../H-x86_64-mingw32/nios2-elf/lib\libc.a(lib_a-memcpy.o)
 .debug_aranges
                0x00000000000006f8       0x20 c:/intelfpga_lite/18.0/nios2eds/bin/gnu/h-x86_64-mingw32/bin/../lib/gcc/nios2-elf/5.3.0/../../../../../H-x86_64-mingw32/nios2-elf/lib\libc.a(lib_a-memset.o)
 .debug_aranges
                0x0000000000000718       0x20 c:/intelfpga_lite/18.0/nios2eds/bin/gnu/h-x86_64-mingw32/bin/../lib/gcc/nios2-elf/5.3.0/../../../../../H-x86_64-mingw32/nios2-elf/lib\libc.a(lib_a-strlen.o)
 .debug_aranges
                0x0000000000000738       0x20 c:/intelfpga_lite/18.0/nios2eds/bin/gnu/h-x86_64-mingw32/bin/../lib/gcc/nios2-elf/5.3.0/../../../../../H-x86_64-mingw32/nios2-elf/lib\libc.a(lib_a-__atexit.o)
 .debug_aranges
                0x0000000000000758       0x20 c:/intelfpga_lite/18.0/nios2eds/bin/gnu/h-x86_64-mingw32/bin/../lib/gcc/nios2-elf/5.3.0/../../../../../H-x86_64-mingw32/nios2-elf/lib\libc.a(lib_a-__call_atexit.o)
 .debug_aranges
                0x0000000000000778       0x20 c:/intelfpga_lite/18.0/nios2eds/bin/gnu/h-x86_64-mingw32/bin/../lib/gcc/nios2-elf/5.3.0\libgcc.a(lib2-divmod.o)
 .debug_aranges
                0x0000000000000798       0x20 ../CPU1_lab3_1_bsp/\libucosii_bsp.a(alt_exit.o)

.debug_pubnames
 *(.debug_pubnames)

.debug_info     0x0000000000000000    0x12285
 *(.debug_info .gnu.linkonce.wi.*)
 .debug_info    0x0000000000000000       0x8f ../CPU1_lab3_1_bsp//obj/HAL/src/crt0.o
 .debug_info    0x000000000000008f      0x306 obj/default/CPU1_main.o
 .debug_info    0x0000000000000395      0x350 ../CPU1_lab3_1_bsp/\libucosii_bsp.a(alt_iic.o)
 .debug_info    0x00000000000006e5      0x1ef ../CPU1_lab3_1_bsp/\libucosii_bsp.a(alt_iic_isr_register.o)
 .debug_info    0x00000000000008d4       0x98 ../CPU1_lab3_1_bsp/\libucosii_bsp.a(alt_irq_entry.o)
 .debug_info    0x000000000000096c      0x1b0 ../CPU1_lab3_1_bsp/\libucosii_bsp.a(alt_irq_handler.o)
 .debug_info    0x0000000000000b1c       0x88 ../CPU1_lab3_1_bsp/\libucosii_bsp.a(alt_irq_vars.o)
 .debug_info    0x0000000000000ba4      0x145 ../CPU1_lab3_1_bsp/\libucosii_bsp.a(alt_load.o)
 .debug_info    0x0000000000000ce9      0x26d ../CPU1_lab3_1_bsp/\libucosii_bsp.a(alt_main.o)
 .debug_info    0x0000000000000f56      0xc67 ../CPU1_lab3_1_bsp/\libucosii_bsp.a(alt_env_lock.o)
 .debug_info    0x0000000000001bbd      0xdad ../CPU1_lab3_1_bsp/\libucosii_bsp.a(alt_malloc_lock.o)
 .debug_info    0x000000000000296a     0x15b9 ../CPU1_lab3_1_bsp/\libucosii_bsp.a(os_core.o)
 .debug_info    0x0000000000003f23      0xaa8 ../CPU1_lab3_1_bsp/\libucosii_bsp.a(os_dbg.o)
 .debug_info    0x00000000000049cb      0xf9c ../CPU1_lab3_1_bsp/\libucosii_bsp.a(os_flag.o)
 .debug_info    0x0000000000005967      0x67a ../CPU1_lab3_1_bsp/\libucosii_bsp.a(os_mem.o)
 .debug_info    0x0000000000005fe1      0xda3 ../CPU1_lab3_1_bsp/\libucosii_bsp.a(os_q.o)
 .debug_info    0x0000000000006d84      0xa04 ../CPU1_lab3_1_bsp/\libucosii_bsp.a(os_sem.o)
 .debug_info    0x0000000000007788     0x1117 ../CPU1_lab3_1_bsp/\libucosii_bsp.a(os_task.o)
 .debug_info    0x000000000000889f      0x6e9 ../CPU1_lab3_1_bsp/\libucosii_bsp.a(os_time.o)
 .debug_info    0x0000000000008f88      0x75a ../CPU1_lab3_1_bsp/\libucosii_bsp.a(alt_sys_init.o)
 .debug_info    0x00000000000096e2      0x67b ../CPU1_lab3_1_bsp/\libucosii_bsp.a(altera_avalon_jtag_uart_fd.o)
 .debug_info    0x0000000000009d5d      0x6b3 ../CPU1_lab3_1_bsp/\libucosii_bsp.a(altera_avalon_jtag_uart_init.o)
 .debug_info    0x000000000000a410      0x3cd ../CPU1_lab3_1_bsp/\libucosii_bsp.a(altera_avalon_jtag_uart_ioctl.o)
 .debug_info    0x000000000000a7dd      0x57a ../CPU1_lab3_1_bsp/\libucosii_bsp.a(altera_avalon_jtag_uart_read.o)
 .debug_info    0x000000000000ad57      0x579 ../CPU1_lab3_1_bsp/\libucosii_bsp.a(altera_avalon_jtag_uart_write.o)
 .debug_info    0x000000000000b2d0      0x502 ../CPU1_lab3_1_bsp/\libucosii_bsp.a(altera_avalon_mutex.o)
 .debug_info    0x000000000000b7d2      0x226 ../CPU1_lab3_1_bsp/\libucosii_bsp.a(altera_avalon_timer_sc.o)
 .debug_info    0x000000000000b9f8      0x2cc ../CPU1_lab3_1_bsp/\libucosii_bsp.a(alt_alarm_start.o)
 .debug_info    0x000000000000bcc4      0x355 ../CPU1_lab3_1_bsp/\libucosii_bsp.a(alt_close.o)
 .debug_info    0x000000000000c019       0xa5 ../CPU1_lab3_1_bsp/\libucosii_bsp.a(alt_dcache_flush_all.o)
 .debug_info    0x000000000000c0be      0x585 ../CPU1_lab3_1_bsp/\libucosii_bsp.a(alt_dev.o)
 .debug_info    0x000000000000c643      0x1a9 ../CPU1_lab3_1_bsp/\libucosii_bsp.a(alt_dev_llist_insert.o)
 .debug_info    0x000000000000c7ec       0x83 ../CPU1_lab3_1_bsp/\libucosii_bsp.a(alt_do_ctors.o)
 .debug_info    0x000000000000c86f       0x83 ../CPU1_lab3_1_bsp/\libucosii_bsp.a(alt_do_dtors.o)
 .debug_info    0x000000000000c8f2       0xa6 ../CPU1_lab3_1_bsp/\libucosii_bsp.a(alt_errno.o)
 .debug_info    0x000000000000c998       0x9e ../CPU1_lab3_1_bsp/\libucosii_bsp.a(alt_exception_entry.o)
 .debug_info    0x000000000000ca36      0x31d ../CPU1_lab3_1_bsp/\libucosii_bsp.a(alt_find_dev.o)
 .debug_info    0x000000000000cd53       0x92 ../CPU1_lab3_1_bsp/\libucosii_bsp.a(alt_icache_flush_all.o)
 .debug_info    0x000000000000cde5      0x1e7 ../CPU1_lab3_1_bsp/\libucosii_bsp.a(alt_instruction_exception_entry.o)
 .debug_info    0x000000000000cfcc      0x4d9 ../CPU1_lab3_1_bsp/\libucosii_bsp.a(alt_io_redirect.o)
 .debug_info    0x000000000000d4a5      0x3e4 ../CPU1_lab3_1_bsp/\libucosii_bsp.a(alt_open.o)
 .debug_info    0x000000000000d889      0x2f9 ../CPU1_lab3_1_bsp/\libucosii_bsp.a(alt_release_fd.o)
 .debug_info    0x000000000000db82      0x2a7 ../CPU1_lab3_1_bsp/\libucosii_bsp.a(alt_tick.o)
 .debug_info    0x000000000000de29       0x92 ../CPU1_lab3_1_bsp/\libucosii_bsp.a(altera_nios2_gen2_irq.o)
 .debug_info    0x000000000000debb       0x97 ../CPU1_lab3_1_bsp/\libucosii_bsp.a(os_cpu_a.o)
 .debug_info    0x000000000000df52      0xcea ../CPU1_lab3_1_bsp/\libucosii_bsp.a(os_cpu_c.o)
 .debug_info    0x000000000000ec3c      0x31a ../CPU1_lab3_1_bsp/\libucosii_bsp.a(alt_find_file.o)
 .debug_info    0x000000000000ef56      0x44b ../CPU1_lab3_1_bsp/\libucosii_bsp.a(alt_get_fd.o)
 .debug_info    0x000000000000f3a1       0xdc ../CPU1_lab3_1_bsp/\libucosii_bsp.a(alt_icache_flush.o)
 .debug_info    0x000000000000f47d       0xfe c:/intelfpga_lite/18.0/nios2eds/bin/gnu/h-x86_64-mingw32/bin/../lib/gcc/nios2-elf/5.3.0/../../../../../H-x86_64-mingw32/nios2-elf/lib\libc.a(lib_a-atexit.o)
 .debug_info    0x000000000000f57b      0x8e4 c:/intelfpga_lite/18.0/nios2eds/bin/gnu/h-x86_64-mingw32/bin/../lib/gcc/nios2-elf/5.3.0/../../../../../H-x86_64-mingw32/nios2-elf/lib\libc.a(lib_a-exit.o)
 .debug_info    0x000000000000fe5f      0x8a1 c:/intelfpga_lite/18.0/nios2eds/bin/gnu/h-x86_64-mingw32/bin/../lib/gcc/nios2-elf/5.3.0/../../../../../H-x86_64-mingw32/nios2-elf/lib\libc.a(lib_a-impure.o)
 .debug_info    0x0000000000010700       0x8a c:/intelfpga_lite/18.0/nios2eds/bin/gnu/h-x86_64-mingw32/bin/../lib/gcc/nios2-elf/5.3.0/../../../../../H-x86_64-mingw32/nios2-elf/lib\libc.a(lib_a-int_errno.o)
 .debug_info    0x000000000001078a      0x11a c:/intelfpga_lite/18.0/nios2eds/bin/gnu/h-x86_64-mingw32/bin/../lib/gcc/nios2-elf/5.3.0/../../../../../H-x86_64-mingw32/nios2-elf/lib\libc.a(lib_a-memcmp.o)
 .debug_info    0x00000000000108a4      0x144 c:/intelfpga_lite/18.0/nios2eds/bin/gnu/h-x86_64-mingw32/bin/../lib/gcc/nios2-elf/5.3.0/../../../../../H-x86_64-mingw32/nios2-elf/lib\libc.a(lib_a-memcpy.o)
 .debug_info    0x00000000000109e8      0x121 c:/intelfpga_lite/18.0/nios2eds/bin/gnu/h-x86_64-mingw32/bin/../lib/gcc/nios2-elf/5.3.0/../../../../../H-x86_64-mingw32/nios2-elf/lib\libc.a(lib_a-memset.o)
 .debug_info    0x0000000000010b09       0xe2 c:/intelfpga_lite/18.0/nios2eds/bin/gnu/h-x86_64-mingw32/bin/../lib/gcc/nios2-elf/5.3.0/../../../../../H-x86_64-mingw32/nios2-elf/lib\libc.a(lib_a-strlen.o)
 .debug_info    0x0000000000010beb      0x934 c:/intelfpga_lite/18.0/nios2eds/bin/gnu/h-x86_64-mingw32/bin/../lib/gcc/nios2-elf/5.3.0/../../../../../H-x86_64-mingw32/nios2-elf/lib\libc.a(lib_a-__atexit.o)
 .debug_info    0x000000000001151f      0x965 c:/intelfpga_lite/18.0/nios2eds/bin/gnu/h-x86_64-mingw32/bin/../lib/gcc/nios2-elf/5.3.0/../../../../../H-x86_64-mingw32/nios2-elf/lib\libc.a(lib_a-__call_atexit.o)
 .debug_info    0x0000000000011e84      0x2c6 c:/intelfpga_lite/18.0/nios2eds/bin/gnu/h-x86_64-mingw32/bin/../lib/gcc/nios2-elf/5.3.0\libgcc.a(lib2-divmod.o)
 .debug_info    0x000000000001214a      0x13b ../CPU1_lab3_1_bsp/\libucosii_bsp.a(alt_exit.o)

.debug_abbrev   0x0000000000000000     0x4b9c
 *(.debug_abbrev)
 .debug_abbrev  0x0000000000000000       0x12 ../CPU1_lab3_1_bsp//obj/HAL/src/crt0.o
 .debug_abbrev  0x0000000000000012      0x14c obj/default/CPU1_main.o
 .debug_abbrev  0x000000000000015e      0x163 ../CPU1_lab3_1_bsp/\libucosii_bsp.a(alt_iic.o)
 .debug_abbrev  0x00000000000002c1      0x169 ../CPU1_lab3_1_bsp/\libucosii_bsp.a(alt_iic_isr_register.o)
 .debug_abbrev  0x000000000000042a       0x12 ../CPU1_lab3_1_bsp/\libucosii_bsp.a(alt_irq_entry.o)
 .debug_abbrev  0x000000000000043c      0x13a ../CPU1_lab3_1_bsp/\libucosii_bsp.a(alt_irq_handler.o)
 .debug_abbrev  0x0000000000000576       0x40 ../CPU1_lab3_1_bsp/\libucosii_bsp.a(alt_irq_vars.o)
 .debug_abbrev  0x00000000000005b6       0x9f ../CPU1_lab3_1_bsp/\libucosii_bsp.a(alt_load.o)
 .debug_abbrev  0x0000000000000655      0x139 ../CPU1_lab3_1_bsp/\libucosii_bsp.a(alt_main.o)
 .debug_abbrev  0x000000000000078e      0x1e3 ../CPU1_lab3_1_bsp/\libucosii_bsp.a(alt_env_lock.o)
 .debug_abbrev  0x0000000000000971      0x26d ../CPU1_lab3_1_bsp/\libucosii_bsp.a(alt_malloc_lock.o)
 .debug_abbrev  0x0000000000000bde      0x302 ../CPU1_lab3_1_bsp/\libucosii_bsp.a(os_core.o)
 .debug_abbrev  0x0000000000000ee0       0xf7 ../CPU1_lab3_1_bsp/\libucosii_bsp.a(os_dbg.o)
 .debug_abbrev  0x0000000000000fd7      0x25a ../CPU1_lab3_1_bsp/\libucosii_bsp.a(os_flag.o)
 .debug_abbrev  0x0000000000001231      0x228 ../CPU1_lab3_1_bsp/\libucosii_bsp.a(os_mem.o)
 .debug_abbrev  0x0000000000001459      0x248 ../CPU1_lab3_1_bsp/\libucosii_bsp.a(os_q.o)
 .debug_abbrev  0x00000000000016a1      0x262 ../CPU1_lab3_1_bsp/\libucosii_bsp.a(os_sem.o)
 .debug_abbrev  0x0000000000001903      0x247 ../CPU1_lab3_1_bsp/\libucosii_bsp.a(os_task.o)
 .debug_abbrev  0x0000000000001b4a      0x20c ../CPU1_lab3_1_bsp/\libucosii_bsp.a(os_time.o)
 .debug_abbrev  0x0000000000001d56      0x232 ../CPU1_lab3_1_bsp/\libucosii_bsp.a(alt_sys_init.o)
 .debug_abbrev  0x0000000000001f88      0x16c ../CPU1_lab3_1_bsp/\libucosii_bsp.a(altera_avalon_jtag_uart_fd.o)
 .debug_abbrev  0x00000000000020f4      0x24f ../CPU1_lab3_1_bsp/\libucosii_bsp.a(altera_avalon_jtag_uart_init.o)
 .debug_abbrev  0x0000000000002343      0x156 ../CPU1_lab3_1_bsp/\libucosii_bsp.a(altera_avalon_jtag_uart_ioctl.o)
 .debug_abbrev  0x0000000000002499      0x1f8 ../CPU1_lab3_1_bsp/\libucosii_bsp.a(altera_avalon_jtag_uart_read.o)
 .debug_abbrev  0x0000000000002691      0x1f6 ../CPU1_lab3_1_bsp/\libucosii_bsp.a(altera_avalon_jtag_uart_write.o)
 .debug_abbrev  0x0000000000002887      0x219 ../CPU1_lab3_1_bsp/\libucosii_bsp.a(altera_avalon_mutex.o)
 .debug_abbrev  0x0000000000002aa0      0x155 ../CPU1_lab3_1_bsp/\libucosii_bsp.a(altera_avalon_timer_sc.o)
 .debug_abbrev  0x0000000000002bf5      0x162 ../CPU1_lab3_1_bsp/\libucosii_bsp.a(alt_alarm_start.o)
 .debug_abbrev  0x0000000000002d57      0x126 ../CPU1_lab3_1_bsp/\libucosii_bsp.a(alt_close.o)
 .debug_abbrev  0x0000000000002e7d       0x5a ../CPU1_lab3_1_bsp/\libucosii_bsp.a(alt_dcache_flush_all.o)
 .debug_abbrev  0x0000000000002ed7      0x11c ../CPU1_lab3_1_bsp/\libucosii_bsp.a(alt_dev.o)
 .debug_abbrev  0x0000000000002ff3      0x114 ../CPU1_lab3_1_bsp/\libucosii_bsp.a(alt_dev_llist_insert.o)
 .debug_abbrev  0x0000000000003107       0x79 ../CPU1_lab3_1_bsp/\libucosii_bsp.a(alt_do_ctors.o)
 .debug_abbrev  0x0000000000003180       0x79 ../CPU1_lab3_1_bsp/\libucosii_bsp.a(alt_do_dtors.o)
 .debug_abbrev  0x00000000000031f9       0x5a ../CPU1_lab3_1_bsp/\libucosii_bsp.a(alt_errno.o)
 .debug_abbrev  0x0000000000003253       0x12 ../CPU1_lab3_1_bsp/\libucosii_bsp.a(alt_exception_entry.o)
 .debug_abbrev  0x0000000000003265       0xf7 ../CPU1_lab3_1_bsp/\libucosii_bsp.a(alt_find_dev.o)
 .debug_abbrev  0x000000000000335c       0x42 ../CPU1_lab3_1_bsp/\libucosii_bsp.a(alt_icache_flush_all.o)
 .debug_abbrev  0x000000000000339e       0xdc ../CPU1_lab3_1_bsp/\libucosii_bsp.a(alt_instruction_exception_entry.o)
 .debug_abbrev  0x000000000000347a      0x11b ../CPU1_lab3_1_bsp/\libucosii_bsp.a(alt_io_redirect.o)
 .debug_abbrev  0x0000000000003595      0x14f ../CPU1_lab3_1_bsp/\libucosii_bsp.a(alt_open.o)
 .debug_abbrev  0x00000000000036e4       0xe5 ../CPU1_lab3_1_bsp/\libucosii_bsp.a(alt_release_fd.o)
 .debug_abbrev  0x00000000000037c9      0x15a ../CPU1_lab3_1_bsp/\libucosii_bsp.a(alt_tick.o)
 .debug_abbrev  0x0000000000003923       0x42 ../CPU1_lab3_1_bsp/\libucosii_bsp.a(altera_nios2_gen2_irq.o)
 .debug_abbrev  0x0000000000003965       0x14 ../CPU1_lab3_1_bsp/\libucosii_bsp.a(os_cpu_a.o)
 .debug_abbrev  0x0000000000003979      0x215 ../CPU1_lab3_1_bsp/\libucosii_bsp.a(os_cpu_c.o)
 .debug_abbrev  0x0000000000003b8e       0xf7 ../CPU1_lab3_1_bsp/\libucosii_bsp.a(alt_find_file.o)
 .debug_abbrev  0x0000000000003c85      0x19b ../CPU1_lab3_1_bsp/\libucosii_bsp.a(alt_get_fd.o)
 .debug_abbrev  0x0000000000003e20       0x8c ../CPU1_lab3_1_bsp/\libucosii_bsp.a(alt_icache_flush.o)
 .debug_abbrev  0x0000000000003eac       0xaa c:/intelfpga_lite/18.0/nios2eds/bin/gnu/h-x86_64-mingw32/bin/../lib/gcc/nios2-elf/5.3.0/../../../../../H-x86_64-mingw32/nios2-elf/lib\libc.a(lib_a-atexit.o)
 .debug_abbrev  0x0000000000003f56      0x1e5 c:/intelfpga_lite/18.0/nios2eds/bin/gnu/h-x86_64-mingw32/bin/../lib/gcc/nios2-elf/5.3.0/../../../../../H-x86_64-mingw32/nios2-elf/lib\libc.a(lib_a-exit.o)
 .debug_abbrev  0x000000000000413b      0x18f c:/intelfpga_lite/18.0/nios2eds/bin/gnu/h-x86_64-mingw32/bin/../lib/gcc/nios2-elf/5.3.0/../../../../../H-x86_64-mingw32/nios2-elf/lib\libc.a(lib_a-impure.o)
 .debug_abbrev  0x00000000000042ca       0x37 c:/intelfpga_lite/18.0/nios2eds/bin/gnu/h-x86_64-mingw32/bin/../lib/gcc/nios2-elf/5.3.0/../../../../../H-x86_64-mingw32/nios2-elf/lib\libc.a(lib_a-int_errno.o)
 .debug_abbrev  0x0000000000004301       0x7f c:/intelfpga_lite/18.0/nios2eds/bin/gnu/h-x86_64-mingw32/bin/../lib/gcc/nios2-elf/5.3.0/../../../../../H-x86_64-mingw32/nios2-elf/lib\libc.a(lib_a-memcmp.o)
 .debug_abbrev  0x0000000000004380       0xa3 c:/intelfpga_lite/18.0/nios2eds/bin/gnu/h-x86_64-mingw32/bin/../lib/gcc/nios2-elf/5.3.0/../../../../../H-x86_64-mingw32/nios2-elf/lib\libc.a(lib_a-memcpy.o)
 .debug_abbrev  0x0000000000004423       0xae c:/intelfpga_lite/18.0/nios2eds/bin/gnu/h-x86_64-mingw32/bin/../lib/gcc/nios2-elf/5.3.0/../../../../../H-x86_64-mingw32/nios2-elf/lib\libc.a(lib_a-memset.o)
 .debug_abbrev  0x00000000000044d1       0x90 c:/intelfpga_lite/18.0/nios2eds/bin/gnu/h-x86_64-mingw32/bin/../lib/gcc/nios2-elf/5.3.0/../../../../../H-x86_64-mingw32/nios2-elf/lib\libc.a(lib_a-strlen.o)
 .debug_abbrev  0x0000000000004561      0x21e c:/intelfpga_lite/18.0/nios2eds/bin/gnu/h-x86_64-mingw32/bin/../lib/gcc/nios2-elf/5.3.0/../../../../../H-x86_64-mingw32/nios2-elf/lib\libc.a(lib_a-__atexit.o)
 .debug_abbrev  0x000000000000477f      0x22e c:/intelfpga_lite/18.0/nios2eds/bin/gnu/h-x86_64-mingw32/bin/../lib/gcc/nios2-elf/5.3.0/../../../../../H-x86_64-mingw32/nios2-elf/lib\libc.a(lib_a-__call_atexit.o)
 .debug_abbrev  0x00000000000049ad      0x10e c:/intelfpga_lite/18.0/nios2eds/bin/gnu/h-x86_64-mingw32/bin/../lib/gcc/nios2-elf/5.3.0\libgcc.a(lib2-divmod.o)
 .debug_abbrev  0x0000000000004abb       0xe1 ../CPU1_lab3_1_bsp/\libucosii_bsp.a(alt_exit.o)

.debug_line     0x0000000000000000     0x566e
 *(.debug_line)
 .debug_line    0x0000000000000000       0x72 ../CPU1_lab3_1_bsp//obj/HAL/src/crt0.o
 .debug_line    0x0000000000000072      0x173 obj/default/CPU1_main.o
 .debug_line    0x00000000000001e5       0xeb ../CPU1_lab3_1_bsp/\libucosii_bsp.a(alt_iic.o)
 .debug_line    0x00000000000002d0       0xdb ../CPU1_lab3_1_bsp/\libucosii_bsp.a(alt_iic_isr_register.o)
 .debug_line    0x00000000000003ab       0x6b ../CPU1_lab3_1_bsp/\libucosii_bsp.a(alt_irq_entry.o)
 .debug_line    0x0000000000000416       0xc8 ../CPU1_lab3_1_bsp/\libucosii_bsp.a(alt_irq_handler.o)
 .debug_line    0x00000000000004de       0x50 ../CPU1_lab3_1_bsp/\libucosii_bsp.a(alt_irq_vars.o)
 .debug_line    0x000000000000052e       0x8e ../CPU1_lab3_1_bsp/\libucosii_bsp.a(alt_load.o)
 .debug_line    0x00000000000005bc      0x12f ../CPU1_lab3_1_bsp/\libucosii_bsp.a(alt_main.o)
 .debug_line    0x00000000000006eb      0x1aa ../CPU1_lab3_1_bsp/\libucosii_bsp.a(alt_env_lock.o)
 .debug_line    0x0000000000000895      0x20e ../CPU1_lab3_1_bsp/\libucosii_bsp.a(alt_malloc_lock.o)
 .debug_line    0x0000000000000aa3      0x68b ../CPU1_lab3_1_bsp/\libucosii_bsp.a(os_core.o)
 .debug_line    0x000000000000112e       0xd2 ../CPU1_lab3_1_bsp/\libucosii_bsp.a(os_dbg.o)
 .debug_line    0x0000000000001200      0x4ff ../CPU1_lab3_1_bsp/\libucosii_bsp.a(os_flag.o)
 .debug_line    0x00000000000016ff      0x23e ../CPU1_lab3_1_bsp/\libucosii_bsp.a(os_mem.o)
 .debug_line    0x000000000000193d      0x3fb ../CPU1_lab3_1_bsp/\libucosii_bsp.a(os_q.o)
 .debug_line    0x0000000000001d38      0x2e0 ../CPU1_lab3_1_bsp/\libucosii_bsp.a(os_sem.o)
 .debug_line    0x0000000000002018      0x52d ../CPU1_lab3_1_bsp/\libucosii_bsp.a(os_task.o)
 .debug_line    0x0000000000002545      0x1a7 ../CPU1_lab3_1_bsp/\libucosii_bsp.a(os_time.o)
 .debug_line    0x00000000000026ec      0x1fa ../CPU1_lab3_1_bsp/\libucosii_bsp.a(alt_sys_init.o)
 .debug_line    0x00000000000028e6      0x155 ../CPU1_lab3_1_bsp/\libucosii_bsp.a(altera_avalon_jtag_uart_fd.o)
 .debug_line    0x0000000000002a3b      0x225 ../CPU1_lab3_1_bsp/\libucosii_bsp.a(altera_avalon_jtag_uart_init.o)
 .debug_line    0x0000000000002c60      0x157 ../CPU1_lab3_1_bsp/\libucosii_bsp.a(altera_avalon_jtag_uart_ioctl.o)
 .debug_line    0x0000000000002db7      0x1db ../CPU1_lab3_1_bsp/\libucosii_bsp.a(altera_avalon_jtag_uart_read.o)
 .debug_line    0x0000000000002f92      0x1dc ../CPU1_lab3_1_bsp/\libucosii_bsp.a(altera_avalon_jtag_uart_write.o)
 .debug_line    0x000000000000316e      0x1b4 ../CPU1_lab3_1_bsp/\libucosii_bsp.a(altera_avalon_mutex.o)
 .debug_line    0x0000000000003322       0xfd ../CPU1_lab3_1_bsp/\libucosii_bsp.a(altera_avalon_timer_sc.o)
 .debug_line    0x000000000000341f       0xf9 ../CPU1_lab3_1_bsp/\libucosii_bsp.a(alt_alarm_start.o)
 .debug_line    0x0000000000003518      0x174 ../CPU1_lab3_1_bsp/\libucosii_bsp.a(alt_close.o)
 .debug_line    0x000000000000368c       0x61 ../CPU1_lab3_1_bsp/\libucosii_bsp.a(alt_dcache_flush_all.o)
 .debug_line    0x00000000000036ed      0x13c ../CPU1_lab3_1_bsp/\libucosii_bsp.a(alt_dev.o)
 .debug_line    0x0000000000003829       0xcf ../CPU1_lab3_1_bsp/\libucosii_bsp.a(alt_dev_llist_insert.o)
 .debug_line    0x00000000000038f8       0x59 ../CPU1_lab3_1_bsp/\libucosii_bsp.a(alt_do_ctors.o)
 .debug_line    0x0000000000003951       0x59 ../CPU1_lab3_1_bsp/\libucosii_bsp.a(alt_do_dtors.o)
 .debug_line    0x00000000000039aa       0x51 ../CPU1_lab3_1_bsp/\libucosii_bsp.a(alt_errno.o)
 .debug_line    0x00000000000039fb       0xb3 ../CPU1_lab3_1_bsp/\libucosii_bsp.a(alt_exception_entry.o)
 .debug_line    0x0000000000003aae       0xc4 ../CPU1_lab3_1_bsp/\libucosii_bsp.a(alt_find_dev.o)
 .debug_line    0x0000000000003b72       0x50 ../CPU1_lab3_1_bsp/\libucosii_bsp.a(alt_icache_flush_all.o)
 .debug_line    0x0000000000003bc2       0xba ../CPU1_lab3_1_bsp/\libucosii_bsp.a(alt_instruction_exception_entry.o)
 .debug_line    0x0000000000003c7c      0x142 ../CPU1_lab3_1_bsp/\libucosii_bsp.a(alt_io_redirect.o)
 .debug_line    0x0000000000003dbe      0x137 ../CPU1_lab3_1_bsp/\libucosii_bsp.a(alt_open.o)
 .debug_line    0x0000000000003ef5       0xbd ../CPU1_lab3_1_bsp/\libucosii_bsp.a(alt_release_fd.o)
 .debug_line    0x0000000000003fb2       0xff ../CPU1_lab3_1_bsp/\libucosii_bsp.a(alt_tick.o)
 .debug_line    0x00000000000040b1       0x51 ../CPU1_lab3_1_bsp/\libucosii_bsp.a(altera_nios2_gen2_irq.o)
 .debug_line    0x0000000000004102       0x86 ../CPU1_lab3_1_bsp/\libucosii_bsp.a(os_cpu_a.o)
 .debug_line    0x0000000000004188      0x1b2 ../CPU1_lab3_1_bsp/\libucosii_bsp.a(os_cpu_c.o)
 .debug_line    0x000000000000433a       0xe0 ../CPU1_lab3_1_bsp/\libucosii_bsp.a(alt_find_file.o)
 .debug_line    0x000000000000441a      0x126 ../CPU1_lab3_1_bsp/\libucosii_bsp.a(alt_get_fd.o)
 .debug_line    0x0000000000004540       0x81 ../CPU1_lab3_1_bsp/\libucosii_bsp.a(alt_icache_flush.o)
 .debug_line    0x00000000000045c1       0xe4 c:/intelfpga_lite/18.0/nios2eds/bin/gnu/h-x86_64-mingw32/bin/../lib/gcc/nios2-elf/5.3.0/../../../../../H-x86_64-mingw32/nios2-elf/lib\libc.a(lib_a-atexit.o)
 .debug_line    0x00000000000046a5      0x1f9 c:/intelfpga_lite/18.0/nios2eds/bin/gnu/h-x86_64-mingw32/bin/../lib/gcc/nios2-elf/5.3.0/../../../../../H-x86_64-mingw32/nios2-elf/lib\libc.a(lib_a-exit.o)
 .debug_line    0x000000000000489e      0x15d c:/intelfpga_lite/18.0/nios2eds/bin/gnu/h-x86_64-mingw32/bin/../lib/gcc/nios2-elf/5.3.0/../../../../../H-x86_64-mingw32/nios2-elf/lib\libc.a(lib_a-impure.o)
 .debug_line    0x00000000000049fb       0x5c c:/intelfpga_lite/18.0/nios2eds/bin/gnu/h-x86_64-mingw32/bin/../lib/gcc/nios2-elf/5.3.0/../../../../../H-x86_64-mingw32/nios2-elf/lib\libc.a(lib_a-int_errno.o)
 .debug_line    0x0000000000004a57      0x173 c:/intelfpga_lite/18.0/nios2eds/bin/gnu/h-x86_64-mingw32/bin/../lib/gcc/nios2-elf/5.3.0/../../../../../H-x86_64-mingw32/nios2-elf/lib\libc.a(lib_a-memcmp.o)
 .debug_line    0x0000000000004bca      0x189 c:/intelfpga_lite/18.0/nios2eds/bin/gnu/h-x86_64-mingw32/bin/../lib/gcc/nios2-elf/5.3.0/../../../../../H-x86_64-mingw32/nios2-elf/lib\libc.a(lib_a-memcpy.o)
 .debug_line    0x0000000000004d53      0x18c c:/intelfpga_lite/18.0/nios2eds/bin/gnu/h-x86_64-mingw32/bin/../lib/gcc/nios2-elf/5.3.0/../../../../../H-x86_64-mingw32/nios2-elf/lib\libc.a(lib_a-memset.o)
 .debug_line    0x0000000000004edf      0x16c c:/intelfpga_lite/18.0/nios2eds/bin/gnu/h-x86_64-mingw32/bin/../lib/gcc/nios2-elf/5.3.0/../../../../../H-x86_64-mingw32/nios2-elf/lib\libc.a(lib_a-strlen.o)
 .debug_line    0x000000000000504b      0x21c c:/intelfpga_lite/18.0/nios2eds/bin/gnu/h-x86_64-mingw32/bin/../lib/gcc/nios2-elf/5.3.0/../../../../../H-x86_64-mingw32/nios2-elf/lib\libc.a(lib_a-__atexit.o)
 .debug_line    0x0000000000005267      0x237 c:/intelfpga_lite/18.0/nios2eds/bin/gnu/h-x86_64-mingw32/bin/../lib/gcc/nios2-elf/5.3.0/../../../../../H-x86_64-mingw32/nios2-elf/lib\libc.a(lib_a-__call_atexit.o)
 .debug_line    0x000000000000549e      0x102 c:/intelfpga_lite/18.0/nios2eds/bin/gnu/h-x86_64-mingw32/bin/../lib/gcc/nios2-elf/5.3.0\libgcc.a(lib2-divmod.o)
 .debug_line    0x00000000000055a0       0xce ../CPU1_lab3_1_bsp/\libucosii_bsp.a(alt_exit.o)

.debug_frame    0x0000000000000000     0x1df8
 *(.debug_frame)
 .debug_frame   0x0000000000000000       0x78 obj/default/CPU1_main.o
 .debug_frame   0x0000000000000078       0xa4 ../CPU1_lab3_1_bsp/\libucosii_bsp.a(alt_iic.o)
 .debug_frame   0x000000000000011c       0x38 ../CPU1_lab3_1_bsp/\libucosii_bsp.a(alt_iic_isr_register.o)
 .debug_frame   0x0000000000000154       0x38 ../CPU1_lab3_1_bsp/\libucosii_bsp.a(alt_irq_handler.o)
 .debug_frame   0x000000000000018c       0x5c ../CPU1_lab3_1_bsp/\libucosii_bsp.a(alt_load.o)
 .debug_frame   0x00000000000001e8       0x2c ../CPU1_lab3_1_bsp/\libucosii_bsp.a(alt_main.o)
 .debug_frame   0x0000000000000214       0x60 ../CPU1_lab3_1_bsp/\libucosii_bsp.a(alt_env_lock.o)
 .debug_frame   0x0000000000000274       0x64 ../CPU1_lab3_1_bsp/\libucosii_bsp.a(alt_malloc_lock.o)
 .debug_frame   0x00000000000002d8      0x530 ../CPU1_lab3_1_bsp/\libucosii_bsp.a(os_core.o)
 .debug_frame   0x0000000000000808       0x34 ../CPU1_lab3_1_bsp/\libucosii_bsp.a(os_dbg.o)
 .debug_frame   0x000000000000083c      0x200 ../CPU1_lab3_1_bsp/\libucosii_bsp.a(os_flag.o)
 .debug_frame   0x0000000000000a3c      0x118 ../CPU1_lab3_1_bsp/\libucosii_bsp.a(os_mem.o)
 .debug_frame   0x0000000000000b54      0x1bc ../CPU1_lab3_1_bsp/\libucosii_bsp.a(os_q.o)
 .debug_frame   0x0000000000000d10      0x144 ../CPU1_lab3_1_bsp/\libucosii_bsp.a(os_sem.o)
 .debug_frame   0x0000000000000e54      0x1e4 ../CPU1_lab3_1_bsp/\libucosii_bsp.a(os_task.o)
 .debug_frame   0x0000000000001038       0xd8 ../CPU1_lab3_1_bsp/\libucosii_bsp.a(os_time.o)
 .debug_frame   0x0000000000001110       0xd8 ../CPU1_lab3_1_bsp/\libucosii_bsp.a(alt_sys_init.o)